#
# There is insufficient memory for the Java Runtime Environment to continue.
# Native memory allocation (malloc) failed to allocate 1155856 bytes. Error detail: Chunk::new
# Possible reasons:
#   The system is out of physical RAM or swap space
#   This process is running with CompressedOops enabled, and the Java Heap may be blocking the growth of the native heap
# Possible solutions:
#   Reduce memory load on the system
#   Increase physical memory or swap space
#   Check if swap backing store is full
#   Decrease Java heap size (-Xmx/-Xms)
#   Decrease number of Java threads
#   Decrease Java thread stack sizes (-Xss)
#   Set larger code cache with -XX:ReservedCodeCacheSize=
#   JVM is running with Unscaled Compressed Oops mode in which the Java heap is
#     placed in the first 4GB address space. The Java Heap base address is the
#     maximum limit for the native heap growth. Please use -XX:HeapBaseMinAddress
#     to set the Java Heap base and to place the Java Heap above 4GB virtual address.
# This output file may be truncated or incomplete.
#
#  Out of Memory Error (arena.cpp:191), pid=21724, tid=17392
#
# JRE version: OpenJDK Runtime Environment (17.0.17+11) (build 17.0.17+11-LTS)
# Java VM: OpenJDK 64-Bit Server VM (17.0.17+11-LTS, mixed mode, sharing, tiered, compressed oops, compressed class ptrs, g1 gc, windows-amd64)
# No core dump will be written. Minidumps are not enabled by default on client versions of Windows
#

---------------  S U M M A R Y ------------

Command Line: -Dorg.gradle.internal.worker.tmpdir=C:\Users\Admin\Documents\GitHub\traccar\build\tmp\test\work -Xmx512m -Dfile.encoding=windows-1252 -Duser.country=UA -Duser.language=uk -Duser.variant -ea worker.org.gradle.process.internal.worker.GradleWorkerMain 'Gradle Test Executor 6'

Host: 13th Gen Intel(R) Core(TM) i5-1340P, 16 cores, 15G,  Windows 11 , 64 bit Build 26100 (10.0.26100.7019)
Time: Mon Nov 17 10:54:33 2025  Windows 11 , 64 bit Build 26100 (10.0.26100.7019) elapsed time: 5.449907 seconds (0d 0h 0m 5s)

---------------  T H R E A D  ---------------

Current thread (0x000001d1c87cbb30):  JavaThread "C2 CompilerThread2" daemon [_thread_in_native, id=17392, stack(0x0000002ec3500000,0x0000002ec3600000)]


Current CompileTask:
C2:5449 2126       4       org.junit.platform.commons.util.ReflectionUtils::defaultMethodSorter (56 bytes)

Stack: [0x0000002ec3500000,0x0000002ec3600000]
Native frames: (J=compiled Java code, j=interpreted, Vv=VM code, C=native code)
V  [jvm.dll+0x680ac9]
V  [jvm.dll+0x837bb8]
V  [jvm.dll+0x83967e]
V  [jvm.dll+0x839ce3]
V  [jvm.dll+0x248d4f]
V  [jvm.dll+0xac854]
V  [jvm.dll+0xaceac]
V  [jvm.dll+0x36741f]
V  [jvm.dll+0x1bd583]
V  [jvm.dll+0x21acd7]
V  [jvm.dll+0x219fc1]
V  [jvm.dll+0x1a5d90]
V  [jvm.dll+0x229e19]
V  [jvm.dll+0x227fcb]
V  [jvm.dll+0x7ecd38]
V  [jvm.dll+0x7e722c]
V  [jvm.dll+0x67f997]
C  [ucrtbase.dll+0x37b0]
C  [KERNEL32.DLL+0x2e8d7]
C  [ntdll.dll+0x8c53c]


---------------  P R O C E S S  ---------------

Threads class SMR info:
_java_thread_list=0x000001d1c88fd2e0, length=25, elements={
0x000001d1e684ccc0, 0x000001d1ffedd470, 0x000001d1ffee0040, 0x000001d1c7009d70,
0x000001d1c700c740, 0x000001d1c700d510, 0x000001d1c700ded0, 0x000001d1c700fbd0,
0x000001d1c7013b80, 0x000001d1c7021bc0, 0x000001d1c72898b0, 0x000001d1c72a3270,
0x000001d1c83dd910, 0x000001d1c8518aa0, 0x000001d1c8780ab0, 0x000001d1c87813a0,
0x000001d1c87ca0a0, 0x000001d1c87ccb20, 0x000001d1c87cb5e0, 0x000001d1c87cbb30,
0x000001d1c87cc5d0, 0x000001d1c87cd070, 0x000001d1c87ca5f0, 0x000001d1c87cab40,
0x000001d1cb6fb710
}

Java Threads: ( => current thread )
  0x000001d1e684ccc0 JavaThread "Test worker" [_thread_in_native, id=13980, stack(0x0000002ec1100000,0x0000002ec1200000)]
  0x000001d1ffedd470 JavaThread "Reference Handler" daemon [_thread_blocked, id=16228, stack(0x0000002ec1800000,0x0000002ec1900000)]
  0x000001d1ffee0040 JavaThread "Finalizer" daemon [_thread_blocked, id=21920, stack(0x0000002ec1900000,0x0000002ec1a00000)]
  0x000001d1c7009d70 JavaThread "Signal Dispatcher" daemon [_thread_blocked, id=21272, stack(0x0000002ec1a00000,0x0000002ec1b00000)]
  0x000001d1c700c740 JavaThread "Attach Listener" daemon [_thread_blocked, id=21500, stack(0x0000002ec1b00000,0x0000002ec1c00000)]
  0x000001d1c700d510 JavaThread "Service Thread" daemon [_thread_blocked, id=7040, stack(0x0000002ec1c00000,0x0000002ec1d00000)]
  0x000001d1c700ded0 JavaThread "Monitor Deflation Thread" daemon [_thread_blocked, id=18492, stack(0x0000002ec1d00000,0x0000002ec1e00000)]
  0x000001d1c700fbd0 JavaThread "C2 CompilerThread0" daemon [_thread_in_native, id=4896, stack(0x0000002ec1e00000,0x0000002ec1f00000)]
  0x000001d1c7013b80 JavaThread "C1 CompilerThread0" daemon [_thread_blocked, id=11516, stack(0x0000002ec1f00000,0x0000002ec2000000)]
  0x000001d1c7021bc0 JavaThread "Sweeper thread" daemon [_thread_blocked, id=19660, stack(0x0000002ec2000000,0x0000002ec2100000)]
  0x000001d1c72898b0 JavaThread "Notification Thread" daemon [_thread_blocked, id=21728, stack(0x0000002ec2100000,0x0000002ec2200000)]
  0x000001d1c72a3270 JavaThread "Common-Cleaner" daemon [_thread_blocked, id=17288, stack(0x0000002ec2300000,0x0000002ec2400000)]
  0x000001d1c83dd910 JavaThread "C1 CompilerThread1" daemon [_thread_in_native, id=19856, stack(0x0000002ec2500000,0x0000002ec2600000)]
  0x000001d1c8518aa0 JavaThread "/127.0.0.1:51037 to /127.0.0.1:51033 workers" [_thread_blocked, id=6792, stack(0x0000002ec2b00000,0x0000002ec2c00000)]
  0x000001d1c8780ab0 JavaThread "/127.0.0.1:51037 to /127.0.0.1:51033 workers Thread 2" [_thread_blocked, id=1532, stack(0x0000002ec2e00000,0x0000002ec2f00000)]
  0x000001d1c87813a0 JavaThread "/127.0.0.1:51037 to /127.0.0.1:51033 workers Thread 3" [_thread_in_native, id=7200, stack(0x0000002ec2f00000,0x0000002ec3000000)]
  0x000001d1c87ca0a0 JavaThread "C1 CompilerThread2" daemon [_thread_blocked, id=20804, stack(0x0000002ec3000000,0x0000002ec3100000)]
  0x000001d1c87ccb20 JavaThread "C1 CompilerThread3" daemon [_thread_blocked, id=2796, stack(0x0000002ec3100000,0x0000002ec3200000)]
  0x000001d1c87cb5e0 JavaThread "C2 CompilerThread1" daemon [_thread_in_native, id=20444, stack(0x0000002ec3400000,0x0000002ec3500000)]
=>0x000001d1c87cbb30 JavaThread "C2 CompilerThread2" daemon [_thread_in_native, id=17392, stack(0x0000002ec3500000,0x0000002ec3600000)]
  0x000001d1c87cc5d0 JavaThread "C2 CompilerThread3" daemon [_thread_in_native, id=19588, stack(0x0000002ec3600000,0x0000002ec3700000)]
  0x000001d1c87cd070 JavaThread "C2 CompilerThread4" daemon [_thread_in_native, id=17100, stack(0x0000002ec3700000,0x0000002ec3800000)]
  0x000001d1c87ca5f0 JavaThread "C2 CompilerThread5" daemon [_thread_in_native, id=10324, stack(0x0000002ec3800000,0x0000002ec3900000)]
  0x000001d1c87cab40 JavaThread "C2 CompilerThread6" daemon [_thread_in_native, id=7736, stack(0x0000002ec3900000,0x0000002ec3a00000)]
  0x000001d1cb6fb710 JavaThread "C2 CompilerThread7" daemon [_thread_in_native, id=21252, stack(0x0000002ec3c00000,0x0000002ec3d00000)]

Other Threads:
  0x000001d1ffed0f20 VMThread "VM Thread" [stack: 0x0000002ec1700000,0x0000002ec1800000] [id=17500]
  0x000001d1c728b1b0 WatcherThread [stack: 0x0000002ec2200000,0x0000002ec2300000] [id=21680]
  0x000001d1e687c540 GCTaskThread "GC Thread#0" [stack: 0x0000002ec1200000,0x0000002ec1300000] [id=21632]
  0x000001d1c8145a50 GCTaskThread "GC Thread#1" [stack: 0x0000002ec2600000,0x0000002ec2700000] [id=17068]
  0x000001d1c78aaad0 GCTaskThread "GC Thread#2" [stack: 0x0000002ec2700000,0x0000002ec2800000] [id=21244]
  0x000001d1c78ab190 GCTaskThread "GC Thread#3" [stack: 0x0000002ec2800000,0x0000002ec2900000] [id=21168]
  0x000001d1c7678c40 GCTaskThread "GC Thread#4" [stack: 0x0000002ec2900000,0x0000002ec2a00000] [id=20500]
  0x000001d1c7678f00 GCTaskThread "GC Thread#5" [stack: 0x0000002ec2a00000,0x0000002ec2b00000] [id=9744]
  0x000001d1c72a2460 GCTaskThread "GC Thread#6" [stack: 0x0000002ec2c00000,0x0000002ec2d00000] [id=20532]
  0x000001d1c8bb5f40 GCTaskThread "GC Thread#7" [stack: 0x0000002ec2d00000,0x0000002ec2e00000] [id=8416]
  0x000001d1c8f5cb10 GCTaskThread "GC Thread#8" [stack: 0x0000002ec3200000,0x0000002ec3300000] [id=19684]
  0x000001d1c8903490 GCTaskThread "GC Thread#9" [stack: 0x0000002ec3300000,0x0000002ec3400000] [id=5444]
  0x000001d1cb32f2e0 GCTaskThread "GC Thread#10" [stack: 0x0000002ec3a00000,0x0000002ec3b00000] [id=18848]
  0x000001d1ca3e0e60 GCTaskThread "GC Thread#11" [stack: 0x0000002ec3b00000,0x0000002ec3c00000] [id=17924]
  0x000001d1e68815f0 ConcurrentGCThread "G1 Main Marker" [stack: 0x0000002ec1300000,0x0000002ec1400000] [id=3424]
  0x000001d1e6883a30 ConcurrentGCThread "G1 Conc#0" [stack: 0x0000002ec1400000,0x0000002ec1500000] [id=12560]
  0x000001d1e68de150 ConcurrentGCThread "G1 Refine#0" [stack: 0x0000002ec1500000,0x0000002ec1600000] [id=6904]
  0x000001d1e68dea20 ConcurrentGCThread "G1 Service" [stack: 0x0000002ec1600000,0x0000002ec1700000] [id=18192]

Threads with active compile tasks:
C2 CompilerThread0  5467 2110       4       org.junit.platform.commons.util.ReflectionUtils$$Lambda$221/0x000001d183167c28::compare (12 bytes)
C2 CompilerThread1  5467 2125       4       org.junit.platform.commons.util.AnnotationUtils::findMetaAnnotation (84 bytes)
C2 CompilerThread2  5467 2126       4       org.junit.platform.commons.util.ReflectionUtils::defaultMethodSorter (56 bytes)
C2 CompilerThread3  5467 2338       4       org.junit.platform.commons.util.AnnotationUtils$$Lambda$255/0x000001d183174488::test (12 bytes)
C2 CompilerThread4  5467 2289       4       java.lang.reflect.Method::toString (20 bytes)
C2 CompilerThread5  5467 2260       4       org.junit.platform.commons.util.AnnotationUtils::findAnnotation (193 bytes)
C2 CompilerThread6  5467 2257       4       org.junit.platform.commons.util.AnnotationUtils::findAnnotation (28 bytes)
C2 CompilerThread7  5467 2308   !   4       java.lang.reflect.Executable::sharedToString (138 bytes)

VM state: not at safepoint (normal execution)

VM Mutex/Monitor currently owned by a thread: None

Heap address: 0x00000000e0000000, size: 512 MB, Compressed Oops mode: 32-bit

CDS archive(s) mapped at: [0x000001d182000000-0x000001d182bb0000-0x000001d182bb0000), size 12255232, SharedBaseAddress: 0x000001d182000000, ArchiveRelocationMode: 1.
Compressed class space mapped at: 0x000001d183000000-0x000001d1c3000000, reserved size: 1073741824
Narrow klass base: 0x000001d182000000, Narrow klass shift: 0, Narrow klass range: 0x100000000

GC Precious Log:
 CPUs: 16 total, 16 available
 Memory: 16148M
 Large Page Support: Disabled
 NUMA Support: Disabled
 Compressed Oops: Enabled (32-bit)
 Heap Region Size: 1M
 Heap Min Capacity: 8M
 Heap Initial Capacity: 254M
 Heap Max Capacity: 512M
 Pre-touch: Disabled
 Parallel Workers: 13
 Concurrent Workers: 3
 Concurrent Refinement Workers: 13
 Periodic GC: Disabled

Heap:
 garbage-first heap   total 260096K, used 32784K [0x00000000e0000000, 0x0000000100000000)
  region size 1024K, 20 young (20480K), 4 survivors (4096K)
 Metaspace       used 10536K, committed 10752K, reserved 1114112K
  class space    used 1483K, committed 1600K, reserved 1048576K

Heap Regions: E=young(eden), S=young(survivor), O=old, HS=humongous(starts), HC=humongous(continues), CS=collection set, F=free, OA=open archive, CA=closed archive, TAMS=top-at-mark-start (previous, next)
|   0|0x00000000e0000000, 0x00000000e0100000, 0x00000000e0100000|100%|HS|  |TAMS 0x00000000e0000000, 0x00000000e0000000| Complete 
|   1|0x00000000e0100000, 0x00000000e0200000, 0x00000000e0200000|100%| O|  |TAMS 0x00000000e0100000, 0x00000000e0100000| Untracked 
|   2|0x00000000e0200000, 0x00000000e0300000, 0x00000000e0300000|100%| O|  |TAMS 0x00000000e0200000, 0x00000000e0200000| Untracked 
|   3|0x00000000e0300000, 0x00000000e0400000, 0x00000000e0400000|100%| O|  |TAMS 0x00000000e0300000, 0x00000000e0300000| Untracked 
|   4|0x00000000e0400000, 0x00000000e0500000, 0x00000000e0500000|100%| O|  |TAMS 0x00000000e0400000, 0x00000000e0400000| Untracked 
|   5|0x00000000e0500000, 0x00000000e0600000, 0x00000000e0600000|100%| O|  |TAMS 0x00000000e0500000, 0x00000000e0500000| Untracked 
|   6|0x00000000e0600000, 0x00000000e0700000, 0x00000000e0700000|100%| O|  |TAMS 0x00000000e0600000, 0x00000000e0600000| Untracked 
|   7|0x00000000e0700000, 0x00000000e0800000, 0x00000000e0800000|100%| O|  |TAMS 0x00000000e0700000, 0x00000000e0700000| Untracked 
|   8|0x00000000e0800000, 0x00000000e0900000, 0x00000000e0900000|100%| O|  |TAMS 0x00000000e0800000, 0x00000000e0800000| Untracked 
|   9|0x00000000e0900000, 0x00000000e0a00000, 0x00000000e0a00000|100%| O|  |TAMS 0x00000000e0900000, 0x00000000e0900000| Untracked 
|  10|0x00000000e0a00000, 0x00000000e0b00000, 0x00000000e0b00000|100%| O|  |TAMS 0x00000000e0a00000, 0x00000000e0a00000| Untracked 
|  11|0x00000000e0b00000, 0x00000000e0c00000, 0x00000000e0c00000|100%| O|  |TAMS 0x00000000e0b00000, 0x00000000e0b00000| Untracked 
|  12|0x00000000e0c00000, 0x00000000e0d00000, 0x00000000e0d00000|100%| O|  |TAMS 0x00000000e0c00000, 0x00000000e0c00000| Untracked 
|  13|0x00000000e0d00000, 0x00000000e0debe00, 0x00000000e0e00000| 92%| O|  |TAMS 0x00000000e0d00000, 0x00000000e0d00000| Untracked 
|  14|0x00000000e0e00000, 0x00000000e0e00000, 0x00000000e0f00000|  0%| F|  |TAMS 0x00000000e0e00000, 0x00000000e0e00000| Untracked 
|  15|0x00000000e0f00000, 0x00000000e0f00000, 0x00000000e1000000|  0%| F|  |TAMS 0x00000000e0f00000, 0x00000000e0f00000| Untracked 
|  16|0x00000000e1000000, 0x00000000e1000000, 0x00000000e1100000|  0%| F|  |TAMS 0x00000000e1000000, 0x00000000e1000000| Untracked 
|  17|0x00000000e1100000, 0x00000000e1100000, 0x00000000e1200000|  0%| F|  |TAMS 0x00000000e1100000, 0x00000000e1100000| Untracked 
|  18|0x00000000e1200000, 0x00000000e1200000, 0x00000000e1300000|  0%| F|  |TAMS 0x00000000e1200000, 0x00000000e1200000| Untracked 
|  19|0x00000000e1300000, 0x00000000e1300000, 0x00000000e1400000|  0%| F|  |TAMS 0x00000000e1300000, 0x00000000e1300000| Untracked 
|  20|0x00000000e1400000, 0x00000000e1400000, 0x00000000e1500000|  0%| F|  |TAMS 0x00000000e1400000, 0x00000000e1400000| Untracked 
|  21|0x00000000e1500000, 0x00000000e1500000, 0x00000000e1600000|  0%| F|  |TAMS 0x00000000e1500000, 0x00000000e1500000| Untracked 
|  22|0x00000000e1600000, 0x00000000e1600000, 0x00000000e1700000|  0%| F|  |TAMS 0x00000000e1600000, 0x00000000e1600000| Untracked 
|  23|0x00000000e1700000, 0x00000000e1700000, 0x00000000e1800000|  0%| F|  |TAMS 0x00000000e1700000, 0x00000000e1700000| Untracked 
|  24|0x00000000e1800000, 0x00000000e1800000, 0x00000000e1900000|  0%| F|  |TAMS 0x00000000e1800000, 0x00000000e1800000| Untracked 
|  25|0x00000000e1900000, 0x00000000e1900000, 0x00000000e1a00000|  0%| F|  |TAMS 0x00000000e1900000, 0x00000000e1900000| Untracked 
|  26|0x00000000e1a00000, 0x00000000e1a00000, 0x00000000e1b00000|  0%| F|  |TAMS 0x00000000e1a00000, 0x00000000e1a00000| Untracked 
|  27|0x00000000e1b00000, 0x00000000e1b00000, 0x00000000e1c00000|  0%| F|  |TAMS 0x00000000e1b00000, 0x00000000e1b00000| Untracked 
|  28|0x00000000e1c00000, 0x00000000e1c00000, 0x00000000e1d00000|  0%| F|  |TAMS 0x00000000e1c00000, 0x00000000e1c00000| Untracked 
|  29|0x00000000e1d00000, 0x00000000e1d00000, 0x00000000e1e00000|  0%| F|  |TAMS 0x00000000e1d00000, 0x00000000e1d00000| Untracked 
|  30|0x00000000e1e00000, 0x00000000e1e00000, 0x00000000e1f00000|  0%| F|  |TAMS 0x00000000e1e00000, 0x00000000e1e00000| Untracked 
|  31|0x00000000e1f00000, 0x00000000e1f00000, 0x00000000e2000000|  0%| F|  |TAMS 0x00000000e1f00000, 0x00000000e1f00000| Untracked 
|  32|0x00000000e2000000, 0x00000000e2000000, 0x00000000e2100000|  0%| F|  |TAMS 0x00000000e2000000, 0x00000000e2000000| Untracked 
|  33|0x00000000e2100000, 0x00000000e2100000, 0x00000000e2200000|  0%| F|  |TAMS 0x00000000e2100000, 0x00000000e2100000| Untracked 
|  34|0x00000000e2200000, 0x00000000e2200000, 0x00000000e2300000|  0%| F|  |TAMS 0x00000000e2200000, 0x00000000e2200000| Untracked 
|  35|0x00000000e2300000, 0x00000000e2300000, 0x00000000e2400000|  0%| F|  |TAMS 0x00000000e2300000, 0x00000000e2300000| Untracked 
|  36|0x00000000e2400000, 0x00000000e2400000, 0x00000000e2500000|  0%| F|  |TAMS 0x00000000e2400000, 0x00000000e2400000| Untracked 
|  37|0x00000000e2500000, 0x00000000e2500000, 0x00000000e2600000|  0%| F|  |TAMS 0x00000000e2500000, 0x00000000e2500000| Untracked 
|  38|0x00000000e2600000, 0x00000000e2600000, 0x00000000e2700000|  0%| F|  |TAMS 0x00000000e2600000, 0x00000000e2600000| Untracked 
|  39|0x00000000e2700000, 0x00000000e2700000, 0x00000000e2800000|  0%| F|  |TAMS 0x00000000e2700000, 0x00000000e2700000| Untracked 
|  40|0x00000000e2800000, 0x00000000e2800000, 0x00000000e2900000|  0%| F|  |TAMS 0x00000000e2800000, 0x00000000e2800000| Untracked 
|  41|0x00000000e2900000, 0x00000000e2900000, 0x00000000e2a00000|  0%| F|  |TAMS 0x00000000e2900000, 0x00000000e2900000| Untracked 
|  42|0x00000000e2a00000, 0x00000000e2a00000, 0x00000000e2b00000|  0%| F|  |TAMS 0x00000000e2a00000, 0x00000000e2a00000| Untracked 
|  43|0x00000000e2b00000, 0x00000000e2b00000, 0x00000000e2c00000|  0%| F|  |TAMS 0x00000000e2b00000, 0x00000000e2b00000| Untracked 
|  44|0x00000000e2c00000, 0x00000000e2c00000, 0x00000000e2d00000|  0%| F|  |TAMS 0x00000000e2c00000, 0x00000000e2c00000| Untracked 
|  45|0x00000000e2d00000, 0x00000000e2d00000, 0x00000000e2e00000|  0%| F|  |TAMS 0x00000000e2d00000, 0x00000000e2d00000| Untracked 
|  46|0x00000000e2e00000, 0x00000000e2e00000, 0x00000000e2f00000|  0%| F|  |TAMS 0x00000000e2e00000, 0x00000000e2e00000| Untracked 
|  47|0x00000000e2f00000, 0x00000000e2f00000, 0x00000000e3000000|  0%| F|  |TAMS 0x00000000e2f00000, 0x00000000e2f00000| Untracked 
|  48|0x00000000e3000000, 0x00000000e3000000, 0x00000000e3100000|  0%| F|  |TAMS 0x00000000e3000000, 0x00000000e3000000| Untracked 
|  49|0x00000000e3100000, 0x00000000e3100000, 0x00000000e3200000|  0%| F|  |TAMS 0x00000000e3100000, 0x00000000e3100000| Untracked 
|  50|0x00000000e3200000, 0x00000000e3200000, 0x00000000e3300000|  0%| F|  |TAMS 0x00000000e3200000, 0x00000000e3200000| Untracked 
|  51|0x00000000e3300000, 0x00000000e3300000, 0x00000000e3400000|  0%| F|  |TAMS 0x00000000e3300000, 0x00000000e3300000| Untracked 
|  52|0x00000000e3400000, 0x00000000e3400000, 0x00000000e3500000|  0%| F|  |TAMS 0x00000000e3400000, 0x00000000e3400000| Untracked 
|  53|0x00000000e3500000, 0x00000000e3500000, 0x00000000e3600000|  0%| F|  |TAMS 0x00000000e3500000, 0x00000000e3500000| Untracked 
|  54|0x00000000e3600000, 0x00000000e3600000, 0x00000000e3700000|  0%| F|  |TAMS 0x00000000e3600000, 0x00000000e3600000| Untracked 
|  55|0x00000000e3700000, 0x00000000e3700000, 0x00000000e3800000|  0%| F|  |TAMS 0x00000000e3700000, 0x00000000e3700000| Untracked 
|  56|0x00000000e3800000, 0x00000000e3800000, 0x00000000e3900000|  0%| F|  |TAMS 0x00000000e3800000, 0x00000000e3800000| Untracked 
|  57|0x00000000e3900000, 0x00000000e3900000, 0x00000000e3a00000|  0%| F|  |TAMS 0x00000000e3900000, 0x00000000e3900000| Untracked 
|  58|0x00000000e3a00000, 0x00000000e3a00000, 0x00000000e3b00000|  0%| F|  |TAMS 0x00000000e3a00000, 0x00000000e3a00000| Untracked 
|  59|0x00000000e3b00000, 0x00000000e3b00000, 0x00000000e3c00000|  0%| F|  |TAMS 0x00000000e3b00000, 0x00000000e3b00000| Untracked 
|  60|0x00000000e3c00000, 0x00000000e3c00000, 0x00000000e3d00000|  0%| F|  |TAMS 0x00000000e3c00000, 0x00000000e3c00000| Untracked 
|  61|0x00000000e3d00000, 0x00000000e3d00000, 0x00000000e3e00000|  0%| F|  |TAMS 0x00000000e3d00000, 0x00000000e3d00000| Untracked 
|  62|0x00000000e3e00000, 0x00000000e3e00000, 0x00000000e3f00000|  0%| F|  |TAMS 0x00000000e3e00000, 0x00000000e3e00000| Untracked 
|  63|0x00000000e3f00000, 0x00000000e3f00000, 0x00000000e4000000|  0%| F|  |TAMS 0x00000000e3f00000, 0x00000000e3f00000| Untracked 
|  64|0x00000000e4000000, 0x00000000e4000000, 0x00000000e4100000|  0%| F|  |TAMS 0x00000000e4000000, 0x00000000e4000000| Untracked 
|  65|0x00000000e4100000, 0x00000000e4100000, 0x00000000e4200000|  0%| F|  |TAMS 0x00000000e4100000, 0x00000000e4100000| Untracked 
|  66|0x00000000e4200000, 0x00000000e4200000, 0x00000000e4300000|  0%| F|  |TAMS 0x00000000e4200000, 0x00000000e4200000| Untracked 
|  67|0x00000000e4300000, 0x00000000e4300000, 0x00000000e4400000|  0%| F|  |TAMS 0x00000000e4300000, 0x00000000e4300000| Untracked 
|  68|0x00000000e4400000, 0x00000000e4400000, 0x00000000e4500000|  0%| F|  |TAMS 0x00000000e4400000, 0x00000000e4400000| Untracked 
|  69|0x00000000e4500000, 0x00000000e4500000, 0x00000000e4600000|  0%| F|  |TAMS 0x00000000e4500000, 0x00000000e4500000| Untracked 
|  70|0x00000000e4600000, 0x00000000e4600000, 0x00000000e4700000|  0%| F|  |TAMS 0x00000000e4600000, 0x00000000e4600000| Untracked 
|  71|0x00000000e4700000, 0x00000000e4700000, 0x00000000e4800000|  0%| F|  |TAMS 0x00000000e4700000, 0x00000000e4700000| Untracked 
|  72|0x00000000e4800000, 0x00000000e4800000, 0x00000000e4900000|  0%| F|  |TAMS 0x00000000e4800000, 0x00000000e4800000| Untracked 
|  73|0x00000000e4900000, 0x00000000e4900000, 0x00000000e4a00000|  0%| F|  |TAMS 0x00000000e4900000, 0x00000000e4900000| Untracked 
|  74|0x00000000e4a00000, 0x00000000e4a00000, 0x00000000e4b00000|  0%| F|  |TAMS 0x00000000e4a00000, 0x00000000e4a00000| Untracked 
|  75|0x00000000e4b00000, 0x00000000e4b00000, 0x00000000e4c00000|  0%| F|  |TAMS 0x00000000e4b00000, 0x00000000e4b00000| Untracked 
|  76|0x00000000e4c00000, 0x00000000e4c00000, 0x00000000e4d00000|  0%| F|  |TAMS 0x00000000e4c00000, 0x00000000e4c00000| Untracked 
|  77|0x00000000e4d00000, 0x00000000e4d00000, 0x00000000e4e00000|  0%| F|  |TAMS 0x00000000e4d00000, 0x00000000e4d00000| Untracked 
|  78|0x00000000e4e00000, 0x00000000e4e00000, 0x00000000e4f00000|  0%| F|  |TAMS 0x00000000e4e00000, 0x00000000e4e00000| Untracked 
|  79|0x00000000e4f00000, 0x00000000e4f00000, 0x00000000e5000000|  0%| F|  |TAMS 0x00000000e4f00000, 0x00000000e4f00000| Untracked 
|  80|0x00000000e5000000, 0x00000000e5000000, 0x00000000e5100000|  0%| F|  |TAMS 0x00000000e5000000, 0x00000000e5000000| Untracked 
|  81|0x00000000e5100000, 0x00000000e5100000, 0x00000000e5200000|  0%| F|  |TAMS 0x00000000e5100000, 0x00000000e5100000| Untracked 
|  82|0x00000000e5200000, 0x00000000e5200000, 0x00000000e5300000|  0%| F|  |TAMS 0x00000000e5200000, 0x00000000e5200000| Untracked 
|  83|0x00000000e5300000, 0x00000000e5300000, 0x00000000e5400000|  0%| F|  |TAMS 0x00000000e5300000, 0x00000000e5300000| Untracked 
|  84|0x00000000e5400000, 0x00000000e5400000, 0x00000000e5500000|  0%| F|  |TAMS 0x00000000e5400000, 0x00000000e5400000| Untracked 
|  85|0x00000000e5500000, 0x00000000e5500000, 0x00000000e5600000|  0%| F|  |TAMS 0x00000000e5500000, 0x00000000e5500000| Untracked 
|  86|0x00000000e5600000, 0x00000000e5600000, 0x00000000e5700000|  0%| F|  |TAMS 0x00000000e5600000, 0x00000000e5600000| Untracked 
|  87|0x00000000e5700000, 0x00000000e5700000, 0x00000000e5800000|  0%| F|  |TAMS 0x00000000e5700000, 0x00000000e5700000| Untracked 
|  88|0x00000000e5800000, 0x00000000e5800000, 0x00000000e5900000|  0%| F|  |TAMS 0x00000000e5800000, 0x00000000e5800000| Untracked 
|  89|0x00000000e5900000, 0x00000000e5900000, 0x00000000e5a00000|  0%| F|  |TAMS 0x00000000e5900000, 0x00000000e5900000| Untracked 
|  90|0x00000000e5a00000, 0x00000000e5a00000, 0x00000000e5b00000|  0%| F|  |TAMS 0x00000000e5a00000, 0x00000000e5a00000| Untracked 
|  91|0x00000000e5b00000, 0x00000000e5b00000, 0x00000000e5c00000|  0%| F|  |TAMS 0x00000000e5b00000, 0x00000000e5b00000| Untracked 
|  92|0x00000000e5c00000, 0x00000000e5c00000, 0x00000000e5d00000|  0%| F|  |TAMS 0x00000000e5c00000, 0x00000000e5c00000| Untracked 
|  93|0x00000000e5d00000, 0x00000000e5d00000, 0x00000000e5e00000|  0%| F|  |TAMS 0x00000000e5d00000, 0x00000000e5d00000| Untracked 
|  94|0x00000000e5e00000, 0x00000000e5e00000, 0x00000000e5f00000|  0%| F|  |TAMS 0x00000000e5e00000, 0x00000000e5e00000| Untracked 
|  95|0x00000000e5f00000, 0x00000000e5f00000, 0x00000000e6000000|  0%| F|  |TAMS 0x00000000e5f00000, 0x00000000e5f00000| Untracked 
|  96|0x00000000e6000000, 0x00000000e6000000, 0x00000000e6100000|  0%| F|  |TAMS 0x00000000e6000000, 0x00000000e6000000| Untracked 
|  97|0x00000000e6100000, 0x00000000e6100000, 0x00000000e6200000|  0%| F|  |TAMS 0x00000000e6100000, 0x00000000e6100000| Untracked 
|  98|0x00000000e6200000, 0x00000000e6200000, 0x00000000e6300000|  0%| F|  |TAMS 0x00000000e6200000, 0x00000000e6200000| Untracked 
|  99|0x00000000e6300000, 0x00000000e6300000, 0x00000000e6400000|  0%| F|  |TAMS 0x00000000e6300000, 0x00000000e6300000| Untracked 
| 100|0x00000000e6400000, 0x00000000e6400000, 0x00000000e6500000|  0%| F|  |TAMS 0x00000000e6400000, 0x00000000e6400000| Untracked 
| 101|0x00000000e6500000, 0x00000000e6500000, 0x00000000e6600000|  0%| F|  |TAMS 0x00000000e6500000, 0x00000000e6500000| Untracked 
| 102|0x00000000e6600000, 0x00000000e6600000, 0x00000000e6700000|  0%| F|  |TAMS 0x00000000e6600000, 0x00000000e6600000| Untracked 
| 103|0x00000000e6700000, 0x00000000e6700000, 0x00000000e6800000|  0%| F|  |TAMS 0x00000000e6700000, 0x00000000e6700000| Untracked 
| 104|0x00000000e6800000, 0x00000000e6800000, 0x00000000e6900000|  0%| F|  |TAMS 0x00000000e6800000, 0x00000000e6800000| Untracked 
| 105|0x00000000e6900000, 0x00000000e6900000, 0x00000000e6a00000|  0%| F|  |TAMS 0x00000000e6900000, 0x00000000e6900000| Untracked 
| 106|0x00000000e6a00000, 0x00000000e6a00000, 0x00000000e6b00000|  0%| F|  |TAMS 0x00000000e6a00000, 0x00000000e6a00000| Untracked 
| 107|0x00000000e6b00000, 0x00000000e6b00000, 0x00000000e6c00000|  0%| F|  |TAMS 0x00000000e6b00000, 0x00000000e6b00000| Untracked 
| 108|0x00000000e6c00000, 0x00000000e6c00000, 0x00000000e6d00000|  0%| F|  |TAMS 0x00000000e6c00000, 0x00000000e6c00000| Untracked 
| 109|0x00000000e6d00000, 0x00000000e6d00000, 0x00000000e6e00000|  0%| F|  |TAMS 0x00000000e6d00000, 0x00000000e6d00000| Untracked 
| 110|0x00000000e6e00000, 0x00000000e6e00000, 0x00000000e6f00000|  0%| F|  |TAMS 0x00000000e6e00000, 0x00000000e6e00000| Untracked 
| 111|0x00000000e6f00000, 0x00000000e6f00000, 0x00000000e7000000|  0%| F|  |TAMS 0x00000000e6f00000, 0x00000000e6f00000| Untracked 
| 112|0x00000000e7000000, 0x00000000e7000000, 0x00000000e7100000|  0%| F|  |TAMS 0x00000000e7000000, 0x00000000e7000000| Untracked 
| 113|0x00000000e7100000, 0x00000000e7100000, 0x00000000e7200000|  0%| F|  |TAMS 0x00000000e7100000, 0x00000000e7100000| Untracked 
| 114|0x00000000e7200000, 0x00000000e7200000, 0x00000000e7300000|  0%| F|  |TAMS 0x00000000e7200000, 0x00000000e7200000| Untracked 
| 115|0x00000000e7300000, 0x00000000e7300000, 0x00000000e7400000|  0%| F|  |TAMS 0x00000000e7300000, 0x00000000e7300000| Untracked 
| 116|0x00000000e7400000, 0x00000000e7400000, 0x00000000e7500000|  0%| F|  |TAMS 0x00000000e7400000, 0x00000000e7400000| Untracked 
| 117|0x00000000e7500000, 0x00000000e7500000, 0x00000000e7600000|  0%| F|  |TAMS 0x00000000e7500000, 0x00000000e7500000| Untracked 
| 118|0x00000000e7600000, 0x00000000e7600000, 0x00000000e7700000|  0%| F|  |TAMS 0x00000000e7600000, 0x00000000e7600000| Untracked 
| 119|0x00000000e7700000, 0x00000000e7700000, 0x00000000e7800000|  0%| F|  |TAMS 0x00000000e7700000, 0x00000000e7700000| Untracked 
| 120|0x00000000e7800000, 0x00000000e7800000, 0x00000000e7900000|  0%| F|  |TAMS 0x00000000e7800000, 0x00000000e7800000| Untracked 
| 121|0x00000000e7900000, 0x00000000e7900000, 0x00000000e7a00000|  0%| F|  |TAMS 0x00000000e7900000, 0x00000000e7900000| Untracked 
| 122|0x00000000e7a00000, 0x00000000e7a00000, 0x00000000e7b00000|  0%| F|  |TAMS 0x00000000e7a00000, 0x00000000e7a00000| Untracked 
| 123|0x00000000e7b00000, 0x00000000e7b00000, 0x00000000e7c00000|  0%| F|  |TAMS 0x00000000e7b00000, 0x00000000e7b00000| Untracked 
| 124|0x00000000e7c00000, 0x00000000e7c00000, 0x00000000e7d00000|  0%| F|  |TAMS 0x00000000e7c00000, 0x00000000e7c00000| Untracked 
| 125|0x00000000e7d00000, 0x00000000e7d00000, 0x00000000e7e00000|  0%| F|  |TAMS 0x00000000e7d00000, 0x00000000e7d00000| Untracked 
| 126|0x00000000e7e00000, 0x00000000e7e00000, 0x00000000e7f00000|  0%| F|  |TAMS 0x00000000e7e00000, 0x00000000e7e00000| Untracked 
| 127|0x00000000e7f00000, 0x00000000e7f00000, 0x00000000e8000000|  0%| F|  |TAMS 0x00000000e7f00000, 0x00000000e7f00000| Untracked 
| 128|0x00000000e8000000, 0x00000000e8000000, 0x00000000e8100000|  0%| F|  |TAMS 0x00000000e8000000, 0x00000000e8000000| Untracked 
| 129|0x00000000e8100000, 0x00000000e8100000, 0x00000000e8200000|  0%| F|  |TAMS 0x00000000e8100000, 0x00000000e8100000| Untracked 
| 130|0x00000000e8200000, 0x00000000e8200000, 0x00000000e8300000|  0%| F|  |TAMS 0x00000000e8200000, 0x00000000e8200000| Untracked 
| 131|0x00000000e8300000, 0x00000000e8300000, 0x00000000e8400000|  0%| F|  |TAMS 0x00000000e8300000, 0x00000000e8300000| Untracked 
| 132|0x00000000e8400000, 0x00000000e8400000, 0x00000000e8500000|  0%| F|  |TAMS 0x00000000e8400000, 0x00000000e8400000| Untracked 
| 133|0x00000000e8500000, 0x00000000e8500000, 0x00000000e8600000|  0%| F|  |TAMS 0x00000000e8500000, 0x00000000e8500000| Untracked 
| 134|0x00000000e8600000, 0x00000000e8600000, 0x00000000e8700000|  0%| F|  |TAMS 0x00000000e8600000, 0x00000000e8600000| Untracked 
| 135|0x00000000e8700000, 0x00000000e8700000, 0x00000000e8800000|  0%| F|  |TAMS 0x00000000e8700000, 0x00000000e8700000| Untracked 
| 136|0x00000000e8800000, 0x00000000e8800000, 0x00000000e8900000|  0%| F|  |TAMS 0x00000000e8800000, 0x00000000e8800000| Untracked 
| 137|0x00000000e8900000, 0x00000000e8900000, 0x00000000e8a00000|  0%| F|  |TAMS 0x00000000e8900000, 0x00000000e8900000| Untracked 
| 138|0x00000000e8a00000, 0x00000000e8a00000, 0x00000000e8b00000|  0%| F|  |TAMS 0x00000000e8a00000, 0x00000000e8a00000| Untracked 
| 139|0x00000000e8b00000, 0x00000000e8b00000, 0x00000000e8c00000|  0%| F|  |TAMS 0x00000000e8b00000, 0x00000000e8b00000| Untracked 
| 140|0x00000000e8c00000, 0x00000000e8c00000, 0x00000000e8d00000|  0%| F|  |TAMS 0x00000000e8c00000, 0x00000000e8c00000| Untracked 
| 141|0x00000000e8d00000, 0x00000000e8d00000, 0x00000000e8e00000|  0%| F|  |TAMS 0x00000000e8d00000, 0x00000000e8d00000| Untracked 
| 142|0x00000000e8e00000, 0x00000000e8e00000, 0x00000000e8f00000|  0%| F|  |TAMS 0x00000000e8e00000, 0x00000000e8e00000| Untracked 
| 143|0x00000000e8f00000, 0x00000000e8f00000, 0x00000000e9000000|  0%| F|  |TAMS 0x00000000e8f00000, 0x00000000e8f00000| Untracked 
| 144|0x00000000e9000000, 0x00000000e9000000, 0x00000000e9100000|  0%| F|  |TAMS 0x00000000e9000000, 0x00000000e9000000| Untracked 
| 145|0x00000000e9100000, 0x00000000e9100000, 0x00000000e9200000|  0%| F|  |TAMS 0x00000000e9100000, 0x00000000e9100000| Untracked 
| 146|0x00000000e9200000, 0x00000000e9200000, 0x00000000e9300000|  0%| F|  |TAMS 0x00000000e9200000, 0x00000000e9200000| Untracked 
| 147|0x00000000e9300000, 0x00000000e9300000, 0x00000000e9400000|  0%| F|  |TAMS 0x00000000e9300000, 0x00000000e9300000| Untracked 
| 148|0x00000000e9400000, 0x00000000e9400000, 0x00000000e9500000|  0%| F|  |TAMS 0x00000000e9400000, 0x00000000e9400000| Untracked 
| 149|0x00000000e9500000, 0x00000000e9500000, 0x00000000e9600000|  0%| F|  |TAMS 0x00000000e9500000, 0x00000000e9500000| Untracked 
| 150|0x00000000e9600000, 0x00000000e9600000, 0x00000000e9700000|  0%| F|  |TAMS 0x00000000e9600000, 0x00000000e9600000| Untracked 
| 151|0x00000000e9700000, 0x00000000e9700000, 0x00000000e9800000|  0%| F|  |TAMS 0x00000000e9700000, 0x00000000e9700000| Untracked 
| 152|0x00000000e9800000, 0x00000000e9800000, 0x00000000e9900000|  0%| F|  |TAMS 0x00000000e9800000, 0x00000000e9800000| Untracked 
| 153|0x00000000e9900000, 0x00000000e9900000, 0x00000000e9a00000|  0%| F|  |TAMS 0x00000000e9900000, 0x00000000e9900000| Untracked 
| 154|0x00000000e9a00000, 0x00000000e9a00000, 0x00000000e9b00000|  0%| F|  |TAMS 0x00000000e9a00000, 0x00000000e9a00000| Untracked 
| 155|0x00000000e9b00000, 0x00000000e9b00000, 0x00000000e9c00000|  0%| F|  |TAMS 0x00000000e9b00000, 0x00000000e9b00000| Untracked 
| 156|0x00000000e9c00000, 0x00000000e9c00000, 0x00000000e9d00000|  0%| F|  |TAMS 0x00000000e9c00000, 0x00000000e9c00000| Untracked 
| 157|0x00000000e9d00000, 0x00000000e9d00000, 0x00000000e9e00000|  0%| F|  |TAMS 0x00000000e9d00000, 0x00000000e9d00000| Untracked 
| 158|0x00000000e9e00000, 0x00000000e9e00000, 0x00000000e9f00000|  0%| F|  |TAMS 0x00000000e9e00000, 0x00000000e9e00000| Untracked 
| 159|0x00000000e9f00000, 0x00000000e9f00000, 0x00000000ea000000|  0%| F|  |TAMS 0x00000000e9f00000, 0x00000000e9f00000| Untracked 
| 160|0x00000000ea000000, 0x00000000ea000000, 0x00000000ea100000|  0%| F|  |TAMS 0x00000000ea000000, 0x00000000ea000000| Untracked 
| 161|0x00000000ea100000, 0x00000000ea100000, 0x00000000ea200000|  0%| F|  |TAMS 0x00000000ea100000, 0x00000000ea100000| Untracked 
| 162|0x00000000ea200000, 0x00000000ea200000, 0x00000000ea300000|  0%| F|  |TAMS 0x00000000ea200000, 0x00000000ea200000| Untracked 
| 163|0x00000000ea300000, 0x00000000ea300000, 0x00000000ea400000|  0%| F|  |TAMS 0x00000000ea300000, 0x00000000ea300000| Untracked 
| 164|0x00000000ea400000, 0x00000000ea400000, 0x00000000ea500000|  0%| F|  |TAMS 0x00000000ea400000, 0x00000000ea400000| Untracked 
| 165|0x00000000ea500000, 0x00000000ea500000, 0x00000000ea600000|  0%| F|  |TAMS 0x00000000ea500000, 0x00000000ea500000| Untracked 
| 166|0x00000000ea600000, 0x00000000ea600000, 0x00000000ea700000|  0%| F|  |TAMS 0x00000000ea600000, 0x00000000ea600000| Untracked 
| 167|0x00000000ea700000, 0x00000000ea700000, 0x00000000ea800000|  0%| F|  |TAMS 0x00000000ea700000, 0x00000000ea700000| Untracked 
| 168|0x00000000ea800000, 0x00000000ea800000, 0x00000000ea900000|  0%| F|  |TAMS 0x00000000ea800000, 0x00000000ea800000| Untracked 
| 169|0x00000000ea900000, 0x00000000ea900000, 0x00000000eaa00000|  0%| F|  |TAMS 0x00000000ea900000, 0x00000000ea900000| Untracked 
| 170|0x00000000eaa00000, 0x00000000eaa00000, 0x00000000eab00000|  0%| F|  |TAMS 0x00000000eaa00000, 0x00000000eaa00000| Untracked 
| 171|0x00000000eab00000, 0x00000000eab00000, 0x00000000eac00000|  0%| F|  |TAMS 0x00000000eab00000, 0x00000000eab00000| Untracked 
| 172|0x00000000eac00000, 0x00000000eac00000, 0x00000000ead00000|  0%| F|  |TAMS 0x00000000eac00000, 0x00000000eac00000| Untracked 
| 173|0x00000000ead00000, 0x00000000ead00000, 0x00000000eae00000|  0%| F|  |TAMS 0x00000000ead00000, 0x00000000ead00000| Untracked 
| 174|0x00000000eae00000, 0x00000000eae00000, 0x00000000eaf00000|  0%| F|  |TAMS 0x00000000eae00000, 0x00000000eae00000| Untracked 
| 175|0x00000000eaf00000, 0x00000000eaf00000, 0x00000000eb000000|  0%| F|  |TAMS 0x00000000eaf00000, 0x00000000eaf00000| Untracked 
| 176|0x00000000eb000000, 0x00000000eb000000, 0x00000000eb100000|  0%| F|  |TAMS 0x00000000eb000000, 0x00000000eb000000| Untracked 
| 177|0x00000000eb100000, 0x00000000eb100000, 0x00000000eb200000|  0%| F|  |TAMS 0x00000000eb100000, 0x00000000eb100000| Untracked 
| 178|0x00000000eb200000, 0x00000000eb200000, 0x00000000eb300000|  0%| F|  |TAMS 0x00000000eb200000, 0x00000000eb200000| Untracked 
| 179|0x00000000eb300000, 0x00000000eb300000, 0x00000000eb400000|  0%| F|  |TAMS 0x00000000eb300000, 0x00000000eb300000| Untracked 
| 180|0x00000000eb400000, 0x00000000eb400000, 0x00000000eb500000|  0%| F|  |TAMS 0x00000000eb400000, 0x00000000eb400000| Untracked 
| 181|0x00000000eb500000, 0x00000000eb500000, 0x00000000eb600000|  0%| F|  |TAMS 0x00000000eb500000, 0x00000000eb500000| Untracked 
| 182|0x00000000eb600000, 0x00000000eb600000, 0x00000000eb700000|  0%| F|  |TAMS 0x00000000eb600000, 0x00000000eb600000| Untracked 
| 183|0x00000000eb700000, 0x00000000eb700000, 0x00000000eb800000|  0%| F|  |TAMS 0x00000000eb700000, 0x00000000eb700000| Untracked 
| 184|0x00000000eb800000, 0x00000000eb800000, 0x00000000eb900000|  0%| F|  |TAMS 0x00000000eb800000, 0x00000000eb800000| Untracked 
| 185|0x00000000eb900000, 0x00000000eb900000, 0x00000000eba00000|  0%| F|  |TAMS 0x00000000eb900000, 0x00000000eb900000| Untracked 
| 186|0x00000000eba00000, 0x00000000eba00000, 0x00000000ebb00000|  0%| F|  |TAMS 0x00000000eba00000, 0x00000000eba00000| Untracked 
| 187|0x00000000ebb00000, 0x00000000ebb00000, 0x00000000ebc00000|  0%| F|  |TAMS 0x00000000ebb00000, 0x00000000ebb00000| Untracked 
| 188|0x00000000ebc00000, 0x00000000ebc00000, 0x00000000ebd00000|  0%| F|  |TAMS 0x00000000ebc00000, 0x00000000ebc00000| Untracked 
| 189|0x00000000ebd00000, 0x00000000ebd00000, 0x00000000ebe00000|  0%| F|  |TAMS 0x00000000ebd00000, 0x00000000ebd00000| Untracked 
| 190|0x00000000ebe00000, 0x00000000ebe00000, 0x00000000ebf00000|  0%| F|  |TAMS 0x00000000ebe00000, 0x00000000ebe00000| Untracked 
| 191|0x00000000ebf00000, 0x00000000ebf00000, 0x00000000ec000000|  0%| F|  |TAMS 0x00000000ebf00000, 0x00000000ebf00000| Untracked 
| 192|0x00000000ec000000, 0x00000000ec000000, 0x00000000ec100000|  0%| F|  |TAMS 0x00000000ec000000, 0x00000000ec000000| Untracked 
| 193|0x00000000ec100000, 0x00000000ec100000, 0x00000000ec200000|  0%| F|  |TAMS 0x00000000ec100000, 0x00000000ec100000| Untracked 
| 194|0x00000000ec200000, 0x00000000ec200000, 0x00000000ec300000|  0%| F|  |TAMS 0x00000000ec200000, 0x00000000ec200000| Untracked 
| 195|0x00000000ec300000, 0x00000000ec300000, 0x00000000ec400000|  0%| F|  |TAMS 0x00000000ec300000, 0x00000000ec300000| Untracked 
| 196|0x00000000ec400000, 0x00000000ec400000, 0x00000000ec500000|  0%| F|  |TAMS 0x00000000ec400000, 0x00000000ec400000| Untracked 
| 197|0x00000000ec500000, 0x00000000ec500000, 0x00000000ec600000|  0%| F|  |TAMS 0x00000000ec500000, 0x00000000ec500000| Untracked 
| 198|0x00000000ec600000, 0x00000000ec600000, 0x00000000ec700000|  0%| F|  |TAMS 0x00000000ec600000, 0x00000000ec600000| Untracked 
| 199|0x00000000ec700000, 0x00000000ec700000, 0x00000000ec800000|  0%| F|  |TAMS 0x00000000ec700000, 0x00000000ec700000| Untracked 
| 200|0x00000000ec800000, 0x00000000ec800000, 0x00000000ec900000|  0%| F|  |TAMS 0x00000000ec800000, 0x00000000ec800000| Untracked 
| 201|0x00000000ec900000, 0x00000000ec900000, 0x00000000eca00000|  0%| F|  |TAMS 0x00000000ec900000, 0x00000000ec900000| Untracked 
| 202|0x00000000eca00000, 0x00000000eca00000, 0x00000000ecb00000|  0%| F|  |TAMS 0x00000000eca00000, 0x00000000eca00000| Untracked 
| 203|0x00000000ecb00000, 0x00000000ecb00000, 0x00000000ecc00000|  0%| F|  |TAMS 0x00000000ecb00000, 0x00000000ecb00000| Untracked 
| 204|0x00000000ecc00000, 0x00000000ecc00000, 0x00000000ecd00000|  0%| F|  |TAMS 0x00000000ecc00000, 0x00000000ecc00000| Untracked 
| 205|0x00000000ecd00000, 0x00000000ecd00000, 0x00000000ece00000|  0%| F|  |TAMS 0x00000000ecd00000, 0x00000000ecd00000| Untracked 
| 206|0x00000000ece00000, 0x00000000ece00000, 0x00000000ecf00000|  0%| F|  |TAMS 0x00000000ece00000, 0x00000000ece00000| Untracked 
| 207|0x00000000ecf00000, 0x00000000ecf00000, 0x00000000ed000000|  0%| F|  |TAMS 0x00000000ecf00000, 0x00000000ecf00000| Untracked 
| 208|0x00000000ed000000, 0x00000000ed000000, 0x00000000ed100000|  0%| F|  |TAMS 0x00000000ed000000, 0x00000000ed000000| Untracked 
| 209|0x00000000ed100000, 0x00000000ed100000, 0x00000000ed200000|  0%| F|  |TAMS 0x00000000ed100000, 0x00000000ed100000| Untracked 
| 210|0x00000000ed200000, 0x00000000ed200000, 0x00000000ed300000|  0%| F|  |TAMS 0x00000000ed200000, 0x00000000ed200000| Untracked 
| 211|0x00000000ed300000, 0x00000000ed318220, 0x00000000ed400000|  9%| S|CS|TAMS 0x00000000ed300000, 0x00000000ed300000| Complete 
| 212|0x00000000ed400000, 0x00000000ed500000, 0x00000000ed500000|100%| S|CS|TAMS 0x00000000ed400000, 0x00000000ed400000| Complete 
| 213|0x00000000ed500000, 0x00000000ed600000, 0x00000000ed600000|100%| S|CS|TAMS 0x00000000ed500000, 0x00000000ed500000| Complete 
| 214|0x00000000ed600000, 0x00000000ed700000, 0x00000000ed700000|100%| S|CS|TAMS 0x00000000ed600000, 0x00000000ed600000| Complete 
| 215|0x00000000ed700000, 0x00000000ed700000, 0x00000000ed800000|  0%| F|  |TAMS 0x00000000ed700000, 0x00000000ed700000| Untracked 
| 216|0x00000000ed800000, 0x00000000ed800000, 0x00000000ed900000|  0%| F|  |TAMS 0x00000000ed800000, 0x00000000ed800000| Untracked 
| 217|0x00000000ed900000, 0x00000000ed900000, 0x00000000eda00000|  0%| F|  |TAMS 0x00000000ed900000, 0x00000000ed900000| Untracked 
| 218|0x00000000eda00000, 0x00000000eda00000, 0x00000000edb00000|  0%| F|  |TAMS 0x00000000eda00000, 0x00000000eda00000| Untracked 
| 219|0x00000000edb00000, 0x00000000edb00000, 0x00000000edc00000|  0%| F|  |TAMS 0x00000000edb00000, 0x00000000edb00000| Untracked 
| 220|0x00000000edc00000, 0x00000000edc00000, 0x00000000edd00000|  0%| F|  |TAMS 0x00000000edc00000, 0x00000000edc00000| Untracked 
| 221|0x00000000edd00000, 0x00000000edd00000, 0x00000000ede00000|  0%| F|  |TAMS 0x00000000edd00000, 0x00000000edd00000| Untracked 
| 222|0x00000000ede00000, 0x00000000ede00000, 0x00000000edf00000|  0%| F|  |TAMS 0x00000000ede00000, 0x00000000ede00000| Untracked 
| 223|0x00000000edf00000, 0x00000000edf00000, 0x00000000ee000000|  0%| F|  |TAMS 0x00000000edf00000, 0x00000000edf00000| Untracked 
| 224|0x00000000ee000000, 0x00000000ee000000, 0x00000000ee100000|  0%| F|  |TAMS 0x00000000ee000000, 0x00000000ee000000| Untracked 
| 225|0x00000000ee100000, 0x00000000ee100000, 0x00000000ee200000|  0%| F|  |TAMS 0x00000000ee100000, 0x00000000ee100000| Untracked 
| 226|0x00000000ee200000, 0x00000000ee200000, 0x00000000ee300000|  0%| F|  |TAMS 0x00000000ee200000, 0x00000000ee200000| Untracked 
| 227|0x00000000ee300000, 0x00000000ee300000, 0x00000000ee400000|  0%| F|  |TAMS 0x00000000ee300000, 0x00000000ee300000| Untracked 
| 228|0x00000000ee400000, 0x00000000ee400000, 0x00000000ee500000|  0%| F|  |TAMS 0x00000000ee400000, 0x00000000ee400000| Untracked 
| 229|0x00000000ee500000, 0x00000000ee500000, 0x00000000ee600000|  0%| F|  |TAMS 0x00000000ee500000, 0x00000000ee500000| Untracked 
| 230|0x00000000ee600000, 0x00000000ee600000, 0x00000000ee700000|  0%| F|  |TAMS 0x00000000ee600000, 0x00000000ee600000| Untracked 
| 231|0x00000000ee700000, 0x00000000ee700000, 0x00000000ee800000|  0%| F|  |TAMS 0x00000000ee700000, 0x00000000ee700000| Untracked 
| 232|0x00000000ee800000, 0x00000000ee800000, 0x00000000ee900000|  0%| F|  |TAMS 0x00000000ee800000, 0x00000000ee800000| Untracked 
| 233|0x00000000ee900000, 0x00000000ee900000, 0x00000000eea00000|  0%| F|  |TAMS 0x00000000ee900000, 0x00000000ee900000| Untracked 
| 234|0x00000000eea00000, 0x00000000eea00000, 0x00000000eeb00000|  0%| F|  |TAMS 0x00000000eea00000, 0x00000000eea00000| Untracked 
| 235|0x00000000eeb00000, 0x00000000eeb00000, 0x00000000eec00000|  0%| F|  |TAMS 0x00000000eeb00000, 0x00000000eeb00000| Untracked 
| 236|0x00000000eec00000, 0x00000000eec00000, 0x00000000eed00000|  0%| F|  |TAMS 0x00000000eec00000, 0x00000000eec00000| Untracked 
| 237|0x00000000eed00000, 0x00000000eed80000, 0x00000000eee00000| 50%| E|  |TAMS 0x00000000eed00000, 0x00000000eed00000| Complete 
| 238|0x00000000eee00000, 0x00000000eef00000, 0x00000000eef00000|100%| E|CS|TAMS 0x00000000eee00000, 0x00000000eee00000| Complete 
| 239|0x00000000eef00000, 0x00000000ef000000, 0x00000000ef000000|100%| E|CS|TAMS 0x00000000eef00000, 0x00000000eef00000| Complete 
| 240|0x00000000ef000000, 0x00000000ef100000, 0x00000000ef100000|100%| E|CS|TAMS 0x00000000ef000000, 0x00000000ef000000| Complete 
| 241|0x00000000ef100000, 0x00000000ef200000, 0x00000000ef200000|100%| E|CS|TAMS 0x00000000ef100000, 0x00000000ef100000| Complete 
| 242|0x00000000ef200000, 0x00000000ef300000, 0x00000000ef300000|100%| E|CS|TAMS 0x00000000ef200000, 0x00000000ef200000| Complete 
| 243|0x00000000ef300000, 0x00000000ef400000, 0x00000000ef400000|100%| E|CS|TAMS 0x00000000ef300000, 0x00000000ef300000| Complete 
| 244|0x00000000ef400000, 0x00000000ef500000, 0x00000000ef500000|100%| E|CS|TAMS 0x00000000ef400000, 0x00000000ef400000| Complete 
| 245|0x00000000ef500000, 0x00000000ef600000, 0x00000000ef600000|100%| E|CS|TAMS 0x00000000ef500000, 0x00000000ef500000| Complete 
| 246|0x00000000ef600000, 0x00000000ef700000, 0x00000000ef700000|100%| E|CS|TAMS 0x00000000ef600000, 0x00000000ef600000| Complete 
| 247|0x00000000ef700000, 0x00000000ef800000, 0x00000000ef800000|100%| E|CS|TAMS 0x00000000ef700000, 0x00000000ef700000| Complete 
| 248|0x00000000ef800000, 0x00000000ef900000, 0x00000000ef900000|100%| E|CS|TAMS 0x00000000ef800000, 0x00000000ef800000| Complete 
| 249|0x00000000ef900000, 0x00000000efa00000, 0x00000000efa00000|100%| E|CS|TAMS 0x00000000ef900000, 0x00000000ef900000| Complete 
| 250|0x00000000efa00000, 0x00000000efb00000, 0x00000000efb00000|100%| E|CS|TAMS 0x00000000efa00000, 0x00000000efa00000| Complete 
| 251|0x00000000efb00000, 0x00000000efc00000, 0x00000000efc00000|100%| E|CS|TAMS 0x00000000efb00000, 0x00000000efb00000| Complete 
| 252|0x00000000efc00000, 0x00000000efd00000, 0x00000000efd00000|100%| E|CS|TAMS 0x00000000efc00000, 0x00000000efc00000| Complete 
| 253|0x00000000efd00000, 0x00000000efe00000, 0x00000000efe00000|100%| E|CS|TAMS 0x00000000efd00000, 0x00000000efd00000| Complete 

Card table byte_map: [0x000001d1fdd20000,0x000001d1fde20000] _byte_map_base: 0x000001d1fd620000

Marking Bits (Prev, Next): (CMBitMap*) 0x000001d1e687cb60, (CMBitMap*) 0x000001d1e687cba0
 Prev Bits: [0x000001d1fdf20000, 0x000001d1fe720000)
 Next Bits: [0x000001d1fe720000, 0x000001d1fef20000)

Polling page: 0x000001d1e4720000

Metaspace:

Usage:
  Non-class:      8.85 MB used.
      Class:      1.45 MB used.
       Both:     10.31 MB used.

Virtual space:
  Non-class space:       64.00 MB reserved,       8.94 MB ( 14%) committed,  1 nodes.
      Class space:        1.00 GB reserved,       1.56 MB ( <1%) committed,  1 nodes.
             Both:        1.06 GB reserved,      10.50 MB ( <1%) committed. 

Chunk freelists:
   Non-Class:  6.27 MB
       Class:  14.39 MB
        Both:  20.66 MB

MaxMetaspaceSize: unlimited
CompressedClassSpaceSize: 1.00 GB
Initial GC threshold: 21.00 MB
Current GC threshold: 21.00 MB
CDS: on
MetaspaceReclaimPolicy: balanced
 - commit_granule_bytes: 65536.
 - commit_granule_words: 8192.
 - virtual_space_node_default_size: 8388608.
 - enlarge_chunks_in_place: 1.
 - new_chunks_are_fully_committed: 0.
 - uncommit_free_chunks: 1.
 - use_allocation_guard: 0.
 - handle_deallocations: 1.


Internal statistics:

num_allocs_failed_limit: 0.
num_arena_births: 142.
num_arena_deaths: 0.
num_vsnodes_births: 2.
num_vsnodes_deaths: 0.
num_space_committed: 168.
num_space_uncommitted: 0.
num_chunks_returned_to_freelist: 0.
num_chunks_taken_from_freelist: 471.
num_chunk_merges: 0.
num_chunk_splits: 281.
num_chunks_enlarged: 197.
num_inconsistent_stats: 0.

CodeHeap 'non-profiled nmethods': size=119168Kb used=1011Kb max_used=1011Kb free=118156Kb
 bounds [0x000001d1f5f40000, 0x000001d1f61b0000, 0x000001d1fd3a0000]
CodeHeap 'profiled nmethods': size=119104Kb used=4796Kb max_used=4796Kb free=114307Kb
 bounds [0x000001d1ee3a0000, 0x000001d1ee850000, 0x000001d1f57f0000]
CodeHeap 'non-nmethods': size=7488Kb used=2849Kb max_used=2884Kb free=4638Kb
 bounds [0x000001d1f57f0000, 0x000001d1f5ad0000, 0x000001d1f5f40000]
 total_blobs=2814 nmethods=2360 adapters=363
 compilation: enabled
              stopped_count=0, restarted_count=0
 full_count=0

Compilation events (20 events):
Event: 5.348 Thread 0x000001d1c87cc5d0 2282       4       java.lang.ref.SoftReference::get (29 bytes)
Event: 5.348 Thread 0x000001d1c87ca0a0 nmethod 2367 0x000001d1ee845c10 code [0x000001d1ee846080, 0x000001d1ee848798]
Event: 5.351 Thread 0x000001d1c87cc5d0 nmethod 2282 0x000001d1f603c510 code [0x000001d1f603c6a0, 0x000001d1f603c798]
Event: 5.352 Thread 0x000001d1c87cc5d0 2338       4       org.junit.platform.commons.util.AnnotationUtils$$Lambda$255/0x000001d183174488::test (12 bytes)
Event: 5.355 Thread 0x000001d1c87ca0a0 2369       3       java.lang.ClassLoader::createOrGetClassLoaderValueMap (37 bytes)
Event: 5.355 Thread 0x000001d1c87ca0a0 nmethod 2369 0x000001d1ee849f90 code [0x000001d1ee84a160, 0x000001d1ee84a4c8]
Event: 5.362 Thread 0x000001d1c87ca0a0 2370       3       java.util.Collections$EmptyMap::entrySet (4 bytes)
Event: 5.362 Thread 0x000001d1c87ccb20 2371       3       java.util.Collections$EmptySet::iterator (4 bytes)
Event: 5.362 Thread 0x000001d1c87ccb20 nmethod 2371 0x000001d1ee84a610 code [0x000001d1ee84a7c0, 0x000001d1ee84a938]
Event: 5.362 Thread 0x000001d1c87ca0a0 nmethod 2370 0x000001d1ee84aa10 code [0x000001d1ee84abc0, 0x000001d1ee84ad38]
Event: 5.367 Thread 0x000001d1c87ccb20 2372       3       org.junit.platform.engine.support.discovery.DiscoveryIssueReporter$Condition::toPredicate (7 bytes)
Event: 5.367 Thread 0x000001d1c87ca0a0 2373       3       org.junit.platform.engine.support.discovery.DiscoveryIssueReporter$Condition$$Lambda$272/0x000001d18317b838::<init> (10 bytes)
Event: 5.367 Thread 0x000001d1c83dd910 2374       3       java.util.stream.ReferencePipeline$15::opWrapSink (10 bytes)
Event: 5.367 Thread 0x000001d1c7013b80 2375       3       java.util.stream.ReferencePipeline$15$1::<init> (11 bytes)
Event: 5.367 Thread 0x000001d1c87ca0a0 nmethod 2373 0x000001d1ee84ae10 code [0x000001d1ee84afc0, 0x000001d1ee84b178]
Event: 5.368 Thread 0x000001d1c87ca0a0 2376       3       java.util.stream.Streams$ConcatSpliterator::estimateSize (51 bytes)
Event: 5.368 Thread 0x000001d1c7013b80 nmethod 2375 0x000001d1ee84b210 code [0x000001d1ee84b3e0, 0x000001d1ee84b8c8]
Event: 5.368 Thread 0x000001d1c87ccb20 nmethod 2372 0x000001d1ee84ba90 code [0x000001d1ee84bc80, 0x000001d1ee84c268]
Event: 5.368 Thread 0x000001d1c83dd910 nmethod 2374 0x000001d1ee84c490 code [0x000001d1ee84c680, 0x000001d1ee84cc48]
Event: 5.369 Thread 0x000001d1c87ca0a0 nmethod 2376 0x000001d1ee84ce10 code [0x000001d1ee84cfe0, 0x000001d1ee84d408]

GC Heap History (6 events):
Event: 2.056 GC heap before
{Heap before GC invocations=0 (full 0):
 garbage-first heap   total 260096K, used 23552K [0x00000000e0000000, 0x0000000100000000)
  region size 1024K, 23 young (23552K), 0 survivors (0K)
 Metaspace       used 3086K, committed 3264K, reserved 1114112K
  class space    used 337K, committed 448K, reserved 1048576K
}
Event: 2.062 GC heap after
{Heap after GC invocations=1 (full 0):
 garbage-first heap   total 260096K, used 13970K [0x00000000e0000000, 0x0000000100000000)
  region size 1024K, 3 young (3072K), 3 survivors (3072K)
 Metaspace       used 3086K, committed 3264K, reserved 1114112K
  class space    used 337K, committed 448K, reserved 1048576K
}
Event: 3.226 GC heap before
{Heap before GC invocations=1 (full 0):
 garbage-first heap   total 260096K, used 29330K [0x00000000e0000000, 0x0000000100000000)
  region size 1024K, 18 young (18432K), 3 survivors (3072K)
 Metaspace       used 6809K, committed 6976K, reserved 1114112K
  class space    used 895K, committed 960K, reserved 1048576K
}
Event: 3.229 GC heap after
{Heap after GC invocations=2 (full 0):
 garbage-first heap   total 260096K, used 16648K [0x00000000e0000000, 0x0000000100000000)
  region size 1024K, 3 young (3072K), 3 survivors (3072K)
 Metaspace       used 6809K, committed 6976K, reserved 1114112K
  class space    used 895K, committed 960K, reserved 1048576K
}
Event: 5.175 GC heap before
{Heap before GC invocations=2 (full 0):
 garbage-first heap   total 260096K, used 53512K [0x00000000e0000000, 0x0000000100000000)
  region size 1024K, 39 young (39936K), 3 survivors (3072K)
 Metaspace       used 10168K, committed 10368K, reserved 1114112K
  class space    used 1441K, committed 1536K, reserved 1048576K
}
Event: 5.179 GC heap after
{Heap after GC invocations=3 (full 0):
 garbage-first heap   total 260096K, used 17424K [0x00000000e0000000, 0x0000000100000000)
  region size 1024K, 4 young (4096K), 4 survivors (4096K)
 Metaspace       used 10168K, committed 10368K, reserved 1114112K
  class space    used 1441K, committed 1536K, reserved 1048576K
}

Dll operation events (9 events):
Event: 0.022 Loaded shared library C:\Program Files\BellSoft\LibericaJDK-17\bin\java.dll
Event: 0.067 Loaded shared library C:\Program Files\BellSoft\LibericaJDK-17\bin\jsvml.dll
Event: 0.823 Loaded shared library C:\Program Files\BellSoft\LibericaJDK-17\bin\net.dll
Event: 0.828 Loaded shared library C:\Program Files\BellSoft\LibericaJDK-17\bin\nio.dll
Event: 0.835 Loaded shared library C:\Program Files\BellSoft\LibericaJDK-17\bin\zip.dll
Event: 1.134 Loaded shared library C:\Program Files\BellSoft\LibericaJDK-17\bin\jimage.dll
Event: 2.293 Loaded shared library C:\Program Files\BellSoft\LibericaJDK-17\bin\extnet.dll
Event: 2.494 Loaded shared library C:\Program Files\BellSoft\LibericaJDK-17\bin\sunmscapi.dll
Event: 2.643 Loaded shared library C:\Program Files\BellSoft\LibericaJDK-17\bin\verify.dll

Deoptimization events (20 events):
Event: 4.217 Thread 0x000001d1e684ccc0 Uncommon trap: trap_request=0xffffff45 fr.pc=0x000001d1f5f9ecdc relative=0x0000000000000e3c
Event: 4.217 Thread 0x000001d1e684ccc0 Uncommon trap: reason=unstable_if action=reinterpret pc=0x000001d1f5f9ecdc method=java.util.concurrent.ConcurrentHashMap.putVal(Ljava/lang/Object;Ljava/lang/Object;Z)Ljava/lang/Object; @ 148 c2
Event: 4.217 Thread 0x000001d1e684ccc0 DEOPT PACKING pc=0x000001d1f5f9ecdc sp=0x0000002ec11fccd0
Event: 4.217 Thread 0x000001d1e684ccc0 DEOPT UNPACKING pc=0x000001d1f58469a3 sp=0x0000002ec11fcc50 mode 2
Event: 4.714 Thread 0x000001d1e684ccc0 Uncommon trap: trap_request=0xffffff54 fr.pc=0x000001d1f5fdd364 relative=0x0000000000000944
Event: 4.714 Thread 0x000001d1e684ccc0 Uncommon trap: reason=speculate_null_assert action=make_not_entrant pc=0x000001d1f5fdd364 method=jdk.internal.loader.URLClassPath$JarLoader.getResource(Ljava/lang/String;ZLjava/util/Set;)Ljdk/internal/loader/Resource; @ 17 c2
Event: 4.714 Thread 0x000001d1e684ccc0 DEOPT PACKING pc=0x000001d1f5fdd364 sp=0x0000002ec11f8910
Event: 4.714 Thread 0x000001d1e684ccc0 DEOPT UNPACKING pc=0x000001d1f58469a3 sp=0x0000002ec11f88a8 mode 2
Event: 4.764 Thread 0x000001d1e684ccc0 Uncommon trap: trap_request=0xffffffde fr.pc=0x000001d1f5f99708 relative=0x0000000000000708
Event: 4.764 Thread 0x000001d1e684ccc0 Uncommon trap: reason=class_check action=maybe_recompile pc=0x000001d1f5f99708 method=java.util.HashMap.putVal(ILjava/lang/Object;Ljava/lang/Object;ZZ)Ljava/lang/Object; @ 91 c2
Event: 4.765 Thread 0x000001d1e684ccc0 DEOPT PACKING pc=0x000001d1f5f99708 sp=0x0000002ec11fc5f0
Event: 4.765 Thread 0x000001d1e684ccc0 DEOPT UNPACKING pc=0x000001d1f58469a3 sp=0x0000002ec11fc570 mode 2
Event: 4.766 Thread 0x000001d1e684ccc0 Uncommon trap: trap_request=0xffffffde fr.pc=0x000001d1f5f99708 relative=0x0000000000000708
Event: 4.766 Thread 0x000001d1e684ccc0 Uncommon trap: reason=class_check action=maybe_recompile pc=0x000001d1f5f99708 method=java.util.HashMap.putVal(ILjava/lang/Object;Ljava/lang/Object;ZZ)Ljava/lang/Object; @ 91 c2
Event: 4.766 Thread 0x000001d1e684ccc0 DEOPT PACKING pc=0x000001d1f5f99708 sp=0x0000002ec11fc5f0
Event: 4.766 Thread 0x000001d1e684ccc0 DEOPT UNPACKING pc=0x000001d1f58469a3 sp=0x0000002ec11fc570 mode 2
Event: 5.341 Thread 0x000001d1e684ccc0 Uncommon trap: trap_request=0xffffff45 fr.pc=0x000001d1f5fbeaac relative=0x000000000000154c
Event: 5.341 Thread 0x000001d1e684ccc0 Uncommon trap: reason=unstable_if action=reinterpret pc=0x000001d1f5fbeaac method=java.util.concurrent.ConcurrentHashMap.transfer([Ljava/util/concurrent/ConcurrentHashMap$Node;[Ljava/util/concurrent/ConcurrentHashMap$Node;)V @ 26 c2
Event: 5.341 Thread 0x000001d1e684ccc0 DEOPT PACKING pc=0x000001d1f5fbeaac sp=0x0000002ec11f8bc0
Event: 5.341 Thread 0x000001d1e684ccc0 DEOPT UNPACKING pc=0x000001d1f58469a3 sp=0x0000002ec11f8b30 mode 2

Classes loaded (20 events):
Event: 4.511 Loading class java/lang/annotation/Documented
Event: 4.511 Loading class java/lang/annotation/Documented done
Event: 4.520 Loading class java/lang/Class$AnnotationData
Event: 4.520 Loading class java/lang/Class$AnnotationData done
Event: 4.536 Loading class java/nio/file/FileVisitor
Event: 4.536 Loading class java/nio/file/FileVisitor done
Event: 4.558 Loading class java/util/regex/Pattern$1
Event: 4.558 Loading class java/util/regex/Pattern$1 done
Event: 4.649 Loading class java/lang/annotation/Repeatable
Event: 4.649 Loading class java/lang/annotation/Repeatable done
Event: 4.702 Loading class java/text/ParseException
Event: 4.702 Loading class java/text/ParseException done
Event: 4.714 Loading class java/util/zip/ZipFile$ZipEntryIterator
Event: 4.715 Loading class java/util/zip/ZipFile$ZipEntryIterator done
Event: 4.769 Loading class java/util/stream/ReferencePipeline$15
Event: 4.769 Loading class java/util/stream/ReferencePipeline$15 done
Event: 4.773 Loading class java/util/stream/ReferencePipeline$15$1
Event: 4.773 Loading class java/util/stream/ReferencePipeline$15$1 done
Event: 4.807 Loading class java/util/Collections$2
Event: 4.807 Loading class java/util/Collections$2 done

Classes unloaded (0 events):
No events

Classes redefined (0 events):
No events

Internal exceptions (20 events):
Event: 2.378 Thread 0x000001d1e684ccc0 Exception <a 'java/lang/NoSuchMethodError'{0x00000000ef80f898}: 'int java.lang.invoke.DirectMethodHandle$Holder.invokeStaticInit(java.lang.Object, java.lang.Object)'> (0x00000000ef80f898) 
thrown [s\src\hotspot\share\interpreter\linkResolver.cpp, line 759]
Event: 2.448 Thread 0x000001d1e684ccc0 Exception <a 'java/lang/NoSuchMethodError'{0x00000000ef746850}: 'java.lang.Object java.lang.invoke.DirectMethodHandle$Holder.invokeStaticInit(java.lang.Object, int, int, int, int)'> (0x00000000ef746850) 
thrown [s\src\hotspot\share\interpreter\linkResolver.cpp, line 759]
Event: 2.618 Thread 0x000001d1e684ccc0 Exception <a 'java/lang/NoSuchMethodError'{0x00000000ef690960}: 'java.lang.Object java.lang.invoke.DirectMethodHandle$Holder.invokeStaticInit(java.lang.Object, java.lang.Object, int, int, int, int)'> (0x00000000ef690960) 
thrown [s\src\hotspot\share\interpreter\linkResolver.cpp, line 759]
Event: 2.683 Thread 0x000001d1c87813a0 Exception <a 'java/lang/NoSuchMethodError'{0x00000000ef5c03f8}: 'int java.lang.invoke.DirectMethodHandle$Holder.invokeStatic(java.lang.Object, java.lang.Object, int)'> (0x00000000ef5c03f8) 
thrown [s\src\hotspot\share\interpreter\linkResolver.cpp, line 759]
Event: 2.708 Thread 0x000001d1e684ccc0 Exception <a 'java/lang/NoSuchMethodError'{0x00000000ef43f870}: 'void java.lang.invoke.DirectMethodHandle$Holder.invokeStatic(java.lang.Object, java.lang.Object, java.lang.Object)'> (0x00000000ef43f870) 
thrown [s\src\hotspot\share\interpreter\linkResolver.cpp, line 759]
Event: 2.752 Thread 0x000001d1e684ccc0 Exception <a 'java/lang/NoSuchMethodError'{0x00000000ef4e28f8}: 'void java.lang.invoke.DirectMethodHandle$Holder.invokeStatic(java.lang.Object, java.lang.Object, java.lang.Object, java.lang.Object)'> (0x00000000ef4e28f8) 
thrown [s\src\hotspot\share\interpreter\linkResolver.cpp, line 759]
Event: 2.855 Thread 0x000001d1e684ccc0 Exception <a 'java/lang/NoSuchMethodError'{0x00000000ef2e9480}: 'void java.lang.invoke.DirectMethodHandle$Holder.invokeInterface(java.lang.Object, java.lang.Object)'> (0x00000000ef2e9480) 
thrown [s\src\hotspot\share\interpreter\linkResolver.cpp, line 759]
Event: 4.271 Thread 0x000001d1e684ccc0 Exception <a 'java/lang/NoSuchMethodError'{0x00000000ef44be10}: 'int java.lang.invoke.DirectMethodHandle$Holder.invokeVirtual(java.lang.Object, java.lang.Object)'> (0x00000000ef44be10) 
thrown [s\src\hotspot\share\interpreter\linkResolver.cpp, line 759]
Event: 4.279 Thread 0x000001d1e684ccc0 Exception <a 'java/lang/NoSuchMethodError'{0x00000000ef46d368}: 'java.lang.Object java.lang.invoke.DirectMethodHandle$Holder.invokeStaticInit(java.lang.Object, int)'> (0x00000000ef46d368) 
thrown [s\src\hotspot\share\interpreter\linkResolver.cpp, line 759]
Event: 4.353 Thread 0x000001d1e684ccc0 Exception <a 'java/lang/NoSuchMethodError'{0x00000000ef3f9cd0}: 'int java.lang.invoke.DirectMethodHandle$Holder.invokeSpecialIFC(java.lang.Object, java.lang.Object, java.lang.Object, java.lang.Object)'> (0x00000000ef3f9cd0) 
thrown [s\src\hotspot\share\interpreter\linkResolver.cpp, line 759]
Event: 4.419 Thread 0x000001d1e684ccc0 Exception <a 'java/lang/NoSuchMethodError'{0x00000000ef1b8558}: 'java.lang.Object java.lang.invoke.DirectMethodHandle$Holder.newInvokeSpecial(java.lang.Object, java.lang.Object, java.lang.Object, java.lang.Object, java.lang.Object, java.lang.Object)'> (0x00000000ef1b8558) 
thrown [s\src\hotspot\share\interpreter\linkResolver.cpp, line 759]
Event: 4.477 Thread 0x000001d1e684ccc0 Exception <a 'java/lang/NoSuchMethodError'{0x00000000ef06fb38}: 'java.lang.Object java.lang.invoke.Invokers$Holder.invokeExact_MT(java.lang.Object, java.lang.Object, java.lang.Object, java.lang.Object, java.lang.Object, java.lang.Object)'> (0x00000000ef06fb38) 
thrown [s\src\hotspot\share\interpreter\linkResolver.cpp, line 759]
Event: 4.514 Thread 0x000001d1e684ccc0 Exception <a 'java/lang/NoSuchMethodError'{0x00000000eef0c1e0}: 'java.lang.Object java.lang.invoke.DirectMethodHandle$Holder.newInvokeSpecial(java.lang.Object, java.lang.Object, java.lang.Object, java.lang.Object, java.lang.Object)'> (0x00000000eef0c1e0) 
thrown [s\src\hotspot\share\interpreter\linkResolver.cpp, line 759]
Event: 4.541 Thread 0x000001d1e684ccc0 Exception <a 'java/lang/NoSuchMethodError'{0x00000000eef657f0}: 'java.lang.Object java.lang.invoke.DirectMethodHandle$Holder.invokeStaticInit(java.lang.Object, java.lang.Object, java.lang.Object)'> (0x00000000eef657f0) 
thrown [s\src\hotspot\share\interpreter\linkResolver.cpp, line 759]
Event: 4.549 Thread 0x000001d1e684ccc0 Exception <a 'java/lang/NoSuchMethodError'{0x00000000eef6d6b0}: 'void java.lang.invoke.DirectMethodHandle$Holder.invokeStaticInit(java.lang.Object, java.lang.Object, java.lang.Object)'> (0x00000000eef6d6b0) 
thrown [s\src\hotspot\share\interpreter\linkResolver.cpp, line 759]
Event: 4.662 Thread 0x000001d1e684ccc0 Exception <a 'java/lang/NoSuchMethodError'{0x00000000eea15228}: 'java.lang.Object java.lang.invoke.DirectMethodHandle$Holder.invokeSpecialIFC(java.lang.Object, java.lang.Object, java.lang.Object, java.lang.Object)'> (0x00000000eea15228) 
thrown [s\src\hotspot\share\interpreter\linkResolver.cpp, line 759]
Event: 4.669 Thread 0x000001d1e684ccc0 Exception <a 'java/lang/NoSuchMethodError'{0x00000000eea38798}: 'java.lang.Object java.lang.invoke.DirectMethodHandle$Holder.invokeInterface(java.lang.Object, java.lang.Object, java.lang.Object)'> (0x00000000eea38798) 
thrown [s\src\hotspot\share\interpreter\linkResolver.cpp, line 759]
Event: 4.740 Thread 0x000001d1e684ccc0 Exception <a 'java/lang/IncompatibleClassChangeError'{0x00000000ee97d8c8}: Found class java.lang.Object, but interface was expected> (0x00000000ee97d8c8) 
thrown [s\src\hotspot\share\interpreter\linkResolver.cpp, line 826]
Event: 4.802 Thread 0x000001d1e684ccc0 Exception <a 'java/lang/NoSuchMethodError'{0x00000000ee857958}: 'void java.lang.invoke.DirectMethodHandle$Holder.invokeSpecial(java.lang.Object, java.lang.Object, java.lang.Object)'> (0x00000000ee857958) 
thrown [s\src\hotspot\share\interpreter\linkResolver.cpp, line 759]
Event: 4.824 Thread 0x000001d1e684ccc0 Exception <a 'java/lang/NoSuchMethodError'{0x00000000ee8b7bf0}: 'int java.lang.invoke.DirectMethodHandle$Holder.invokeSpecialIFC(java.lang.Object, java.lang.Object, java.lang.Object)'> (0x00000000ee8b7bf0) 
thrown [s\src\hotspot\share\interpreter\linkResolver.cpp, line 759]

VM Operations (20 events):
Event: 2.459 Executing VM operation: HandshakeAllThreads
Event: 2.460 Executing VM operation: HandshakeAllThreads done
Event: 2.611 Executing VM operation: HandshakeAllThreads
Event: 2.611 Executing VM operation: HandshakeAllThreads done
Event: 2.687 Executing VM operation: HandshakeAllThreads
Event: 2.687 Executing VM operation: HandshakeAllThreads done
Event: 2.860 Executing VM operation: HandshakeAllThreads
Event: 2.860 Executing VM operation: HandshakeAllThreads done
Event: 2.860 Executing VM operation: HandshakeAllThreads
Event: 2.860 Executing VM operation: HandshakeAllThreads done
Event: 3.226 Executing VM operation: G1CollectForAllocation
Event: 3.229 Executing VM operation: G1CollectForAllocation done
Event: 4.242 Executing VM operation: Cleanup
Event: 4.242 Executing VM operation: Cleanup done
Event: 4.454 Executing VM operation: HandshakeAllThreads
Event: 4.454 Executing VM operation: HandshakeAllThreads done
Event: 5.061 Executing VM operation: ICBufferFull
Event: 5.061 Executing VM operation: ICBufferFull done
Event: 5.175 Executing VM operation: G1CollectForAllocation
Event: 5.179 Executing VM operation: G1CollectForAllocation done

Memory protections (0 events):
No events

Nmethod flushes (0 events):
No events

Events (20 events):
Event: 0.812 Thread 0x000001d1e684ccc0 Thread added: 0x000001d1c72a3270
Event: 1.285 Thread 0x000001d1c700fbd0 Thread added: 0x000001d1c7451c40
Event: 1.978 Thread 0x000001d1c7013b80 Thread added: 0x000001d1c83dd910
Event: 2.093 Thread 0x000001d1c7451c40 Thread exited: 0x000001d1c7451c40
Event: 2.435 Thread 0x000001d1e684ccc0 Thread added: 0x000001d1c8518aa0
Event: 2.468 Thread 0x000001d1c7013b80 Thread added: 0x000001d1c7578a50
Event: 2.475 Thread 0x000001d1c7013b80 Thread added: 0x000001d1c852fe00
Event: 2.659 Thread 0x000001d1e684ccc0 Thread added: 0x000001d1c8780ab0
Event: 2.661 Thread 0x000001d1e684ccc0 Thread added: 0x000001d1c87813a0
Event: 2.696 Thread 0x000001d1c7013b80 Thread added: 0x000001d1c87ca0a0
Event: 2.696 Thread 0x000001d1c7013b80 Thread added: 0x000001d1c87ccb20
Event: 3.003 Thread 0x000001d1c852fe00 Thread exited: 0x000001d1c852fe00
Event: 3.003 Thread 0x000001d1c7578a50 Thread exited: 0x000001d1c7578a50
Event: 4.983 Thread 0x000001d1c87ccb20 Thread added: 0x000001d1c87cb5e0
Event: 4.997 Thread 0x000001d1c7013b80 Thread added: 0x000001d1c87cbb30
Event: 5.010 Thread 0x000001d1c83dd910 Thread added: 0x000001d1c87cc5d0
Event: 5.026 Thread 0x000001d1c7013b80 Thread added: 0x000001d1c87cd070
Event: 5.050 Thread 0x000001d1c87cd070 Thread added: 0x000001d1c87ca5f0
Event: 5.102 Thread 0x000001d1c87ca5f0 Thread added: 0x000001d1c87cab40
Event: 5.195 Thread 0x000001d1c87ca0a0 Thread added: 0x000001d1cb6fb710


Dynamic libraries:
0x00007ff74eb90000 - 0x00007ff74eb9e000 	C:\Program Files\BellSoft\LibericaJDK-17\bin\java.exe
0x00007ffd7f700000 - 0x00007ffd7f968000 	C:\WINDOWS\SYSTEM32\ntdll.dll
0x00007ffd7d570000 - 0x00007ffd7d639000 	C:\WINDOWS\System32\KERNEL32.DLL
0x00007ffd7c850000 - 0x00007ffd7cc48000 	C:\WINDOWS\System32\KERNELBASE.dll
0x00007ffd7d350000 - 0x00007ffd7d49b000 	C:\WINDOWS\System32\ucrtbase.dll
0x00007ffd6a870000 - 0x00007ffd6a88b000 	C:\Program Files\BellSoft\LibericaJDK-17\bin\VCRUNTIME140.dll
0x00007ffd605f0000 - 0x00007ffd60607000 	C:\Program Files\BellSoft\LibericaJDK-17\bin\jli.dll
0x00007ffd7f4f0000 - 0x00007ffd7f6b7000 	C:\WINDOWS\System32\USER32.dll
0x00007ffd7d030000 - 0x00007ffd7d057000 	C:\WINDOWS\System32\win32u.dll
0x00007ffd61b30000 - 0x00007ffd61dc4000 	C:\WINDOWS\WinSxS\amd64_microsoft.windows.common-controls_6595b64144ccf1df_6.0.26100.7019_none_3e06ffa0e335b8a8\COMCTL32.dll
0x00007ffd7db70000 - 0x00007ffd7db9b000 	C:\WINDOWS\System32\GDI32.dll
0x00007ffd7f370000 - 0x00007ffd7f419000 	C:\WINDOWS\System32\msvcrt.dll
0x00007ffd7cd00000 - 0x00007ffd7ce2c000 	C:\WINDOWS\System32\gdi32full.dll
0x00007ffd7cc50000 - 0x00007ffd7ccf3000 	C:\WINDOWS\System32\msvcp_win.dll
0x00007ffd7f450000 - 0x00007ffd7f481000 	C:\WINDOWS\System32\IMM32.DLL
0x00007ffd6df70000 - 0x00007ffd6df7c000 	C:\Program Files\BellSoft\LibericaJDK-17\bin\vcruntime140_1.dll
0x00007ffd58960000 - 0x00007ffd589ee000 	C:\Program Files\BellSoft\LibericaJDK-17\bin\msvcp140.dll
0x00007ffd2f080000 - 0x00007ffd2fcf0000 	C:\Program Files\BellSoft\LibericaJDK-17\bin\server\jvm.dll
0x00007ffd7e280000 - 0x00007ffd7e334000 	C:\WINDOWS\System32\ADVAPI32.dll
0x00007ffd7dcc0000 - 0x00007ffd7dd66000 	C:\WINDOWS\System32\sechost.dll
0x00007ffd7dba0000 - 0x00007ffd7dcb8000 	C:\WINDOWS\System32\RPCRT4.dll
0x00007ffd7e100000 - 0x00007ffd7e174000 	C:\WINDOWS\System32\WS2_32.dll
0x00007ffd7c6b0000 - 0x00007ffd7c70e000 	C:\WINDOWS\SYSTEM32\POWRPROF.dll
0x00007ffd65ae0000 - 0x00007ffd65aeb000 	C:\WINDOWS\SYSTEM32\VERSION.dll
0x00007ffd74150000 - 0x00007ffd74185000 	C:\WINDOWS\SYSTEM32\WINMM.dll
0x00007ffd7c690000 - 0x00007ffd7c6a4000 	C:\WINDOWS\SYSTEM32\UMPDC.dll
0x00007ffd7b5d0000 - 0x00007ffd7b5eb000 	C:\WINDOWS\SYSTEM32\kernel.appcore.dll
0x00007ffd6df10000 - 0x00007ffd6df1a000 	C:\Program Files\BellSoft\LibericaJDK-17\bin\jimage.dll
0x00007ffd647c0000 - 0x00007ffd64a02000 	C:\WINDOWS\SYSTEM32\DBGHELP.DLL
0x00007ffd7dd70000 - 0x00007ffd7e0fb000 	C:\WINDOWS\System32\combase.dll
0x00007ffd7e5b0000 - 0x00007ffd7e687000 	C:\WINDOWS\System32\OLEAUT32.dll
0x00007ffd642e0000 - 0x00007ffd6431c000 	C:\WINDOWS\SYSTEM32\dbgcore.DLL
0x00007ffd7cec0000 - 0x00007ffd7cf65000 	C:\WINDOWS\System32\bcryptPrimitives.dll
0x00007ffd5ca90000 - 0x00007ffd5cab5000 	C:\Program Files\BellSoft\LibericaJDK-17\bin\java.dll
0x00007ffd56ab0000 - 0x00007ffd56b87000 	C:\Program Files\BellSoft\LibericaJDK-17\bin\jsvml.dll
0x00007ffd7e6a0000 - 0x00007ffd7edef000 	C:\WINDOWS\System32\SHELL32.dll
0x00007ffd7d1e0000 - 0x00007ffd7d34b000 	C:\WINDOWS\System32\wintypes.dll
0x00007ffd7a450000 - 0x00007ffd7acad000 	C:\WINDOWS\SYSTEM32\windows.storage.dll
0x00007ffd7ee80000 - 0x00007ffd7ef72000 	C:\WINDOWS\System32\SHCORE.dll
0x00007ffd7db00000 - 0x00007ffd7db67000 	C:\WINDOWS\System32\shlwapi.dll
0x00007ffd7c770000 - 0x00007ffd7c799000 	C:\WINDOWS\SYSTEM32\profapi.dll
0x00007ffd604f0000 - 0x00007ffd60509000 	C:\Program Files\BellSoft\LibericaJDK-17\bin\net.dll
0x00007ffd74020000 - 0x00007ffd74148000 	C:\WINDOWS\SYSTEM32\WINHTTP.dll
0x00007ffd7bb20000 - 0x00007ffd7bb8b000 	C:\WINDOWS\system32\mswsock.dll
0x00007ffd5d910000 - 0x00007ffd5d926000 	C:\Program Files\BellSoft\LibericaJDK-17\bin\nio.dll
0x00007ffd5c040000 - 0x00007ffd5c058000 	C:\Program Files\BellSoft\LibericaJDK-17\bin\zip.dll
0x00007ffd6afc0000 - 0x00007ffd6afc9000 	C:\Program Files\BellSoft\LibericaJDK-17\bin\extnet.dll
0x00007ffd62a10000 - 0x00007ffd62a1e000 	C:\Program Files\BellSoft\LibericaJDK-17\bin\sunmscapi.dll
0x00007ffd7d060000 - 0x00007ffd7d1d7000 	C:\WINDOWS\System32\CRYPT32.dll
0x00007ffd7c060000 - 0x00007ffd7c090000 	C:\WINDOWS\SYSTEM32\ncrypt.dll
0x00007ffd7c010000 - 0x00007ffd7c04f000 	C:\WINDOWS\SYSTEM32\NTASN1.dll
0x00007ffd628e0000 - 0x00007ffd628e8000 	C:\WINDOWS\system32\wshunix.dll
0x00007ffd7bf10000 - 0x00007ffd7bf2b000 	C:\WINDOWS\SYSTEM32\CRYPTSP.dll
0x00007ffd7b530000 - 0x00007ffd7b56a000 	C:\WINDOWS\system32\rsaenh.dll
0x00007ffd7bbd0000 - 0x00007ffd7bbfb000 	C:\WINDOWS\SYSTEM32\USERENV.dll
0x00007ffd7c740000 - 0x00007ffd7c76a000 	C:\WINDOWS\SYSTEM32\bcrypt.dll
0x00007ffd7bd70000 - 0x00007ffd7bd7c000 	C:\WINDOWS\SYSTEM32\CRYPTBASE.dll
0x00007ffd7b070000 - 0x00007ffd7b0a4000 	C:\WINDOWS\SYSTEM32\IPHLPAPI.DLL
0x00007ffd7e690000 - 0x00007ffd7e69a000 	C:\WINDOWS\System32\NSI.dll
0x00007ffd738b0000 - 0x00007ffd738ce000 	C:\WINDOWS\SYSTEM32\dhcpcsvc6.DLL
0x00007ffd73f70000 - 0x00007ffd73f93000 	C:\WINDOWS\SYSTEM32\dhcpcsvc.DLL
0x00007ffd7b0b0000 - 0x00007ffd7b1dc000 	C:\WINDOWS\SYSTEM32\DNSAPI.dll
0x00007ffd6b220000 - 0x00007ffd6b230000 	C:\Program Files\BellSoft\LibericaJDK-17\bin\verify.dll

dbghelp: loaded successfully - version: 4.0.5 - missing functions: none
symbol engine: initialized successfully - sym options: 0x614 - pdb path: .;C:\Program Files\BellSoft\LibericaJDK-17\bin;C:\WINDOWS\SYSTEM32;C:\WINDOWS\WinSxS\amd64_microsoft.windows.common-controls_6595b64144ccf1df_6.0.26100.7019_none_3e06ffa0e335b8a8;C:\Program Files\BellSoft\LibericaJDK-17\bin\server

VM Arguments:
jvm_args: -Dorg.gradle.internal.worker.tmpdir=C:\Users\Admin\Documents\GitHub\traccar\build\tmp\test\work -Xmx512m -Dfile.encoding=windows-1252 -Duser.country=UA -Duser.language=uk -Duser.variant -ea 
java_command: worker.org.gradle.process.internal.worker.GradleWorkerMain 'Gradle Test Executor 6'
java_class_path (initial): C:\\Users\\Admin\\.gradle\\caches\\9.1.0\\workerMain\\gradle-worker.jar;C:\\Users\\Admin\\Documents\\GitHub\\traccar\\build\\classes\\java\\test;C:\\Users\\Admin\\Documents\\GitHub\\traccar\\build\\classes\\java\\main;C:\\Users\\Admin\\Documents\\GitHub\\traccar\\build\\resources\\main;C:\\Users\\Admin\\.gradle\\caches\\modules-2\\files-2.1\\org.mnode.ical4j\\ical4j\\4.1.1\\72e28d652b392a54b14d8932e95faa9f7106ea8c\\ical4j-4.1.1.jar;C:\\Users\\Admin\\.gradle\\caches\\modules-2\\files-2.1\\com.warrenstrange\\googleauth\\1.5.0\\cc0c570da31118084cb7ada1a32ff9a89be1769\\googleauth-1.5.0.jar;C:\\Users\\Admin\\.gradle\\caches\\modules-2\\files-2.1\\org.jxls\\jxls-poi\\2.14.0\\3ed787e82501c570e60d0e9a1e030801d89e28c0\\jxls-poi-2.14.0.jar;C:\\Users\\Admin\\.gradle\\caches\\modules-2\\files-2.1\\org.apache.poi\\poi-ooxml\\5.2.2\\a201b5bdc92c0fae4bed4b8e5546388c4c2f9eb0\\poi-ooxml-5.2.2.jar;C:\\Users\\Admin\\.gradle\\caches\\modules-2\\files-2.1\\org.apache.poi\\poi\\5.2.2\\5513d31545085c33809c4b6553c2009fd19a6016\\poi-5.2.2.jar;C:\\Users\\Admin\\.gradle\\caches\\modules-2\\files-2.1\\software.amazon.awssdk\\sns\\2.34.0\\8ba212b4614d61fdaa88c11f6a5c3efa45c76e6c\\sns-2.34.0.jar;C:\\Users\\Admin\\.gradle\\caches\\modules-2\\files-2.1\\software.amazon.awssdk\\apache-client\\2.34.0\\263cb178af3e6eb56514adf47a6994f01f725c2c\\apache-client-2.34.0.jar;C:\\Users\\Admin\\.gradle\\caches\\modules-2\\files-2.1\\com.google.firebase\\firebase-admin\\9.6.0\\ee6e1fa311cbf18f10e9e6d449f26f380911ed77\\firebase-admin-9.6.0.jar;C:\\Users\\Admin\\.gradle\\caches\\modules-2\\files-2.1\\com.google.cloud\\google-cloud-storage\\2.56.0\\f7c3ecdab14d353934ea7a34d656587a23e9685\\google-cloud-storage-2.56.0.jar;C:\\Users\\Admin\\.gradle\\caches\\modules-2\\files-2.1\\com.google.cloud\\google-cloud-firestore\\3.32.2\\c3e808ef6e74180633fc54466c2e059476d1bae2\\google-cloud-firestore-3.32.2.jar;C:\\Users\\Admin\\.gradle\\caches\\modules-2\\files-2.1\\com.google.cloud.opentelemetr
Launcher Type: SUN_STANDARD

[Global flags]
     intx CICompilerCount                          = 12                                        {product} {ergonomic}
     uint ConcGCThreads                            = 3                                         {product} {ergonomic}
     uint G1ConcRefinementThreads                  = 13                                        {product} {ergonomic}
   size_t G1HeapRegionSize                         = 1048576                                   {product} {ergonomic}
    uintx GCDrainStackTargetSize                   = 64                                        {product} {ergonomic}
   size_t InitialHeapSize                          = 266338304                                 {product} {ergonomic}
   size_t MarkStackSize                            = 4194304                                   {product} {ergonomic}
   size_t MaxHeapSize                              = 536870912                                 {product} {command line}
   size_t MaxNewSize                               = 321912832                                 {product} {ergonomic}
   size_t MinHeapDeltaBytes                        = 1048576                                   {product} {ergonomic}
   size_t MinHeapSize                              = 8388608                                   {product} {ergonomic}
    uintx NonNMethodCodeHeapSize                   = 7602480                                {pd product} {ergonomic}
    uintx NonProfiledCodeHeapSize                  = 122027880                              {pd product} {ergonomic}
    uintx ProfiledCodeHeapSize                     = 122027880                              {pd product} {ergonomic}
    uintx ReservedCodeCacheSize                    = 251658240                              {pd product} {ergonomic}
     bool SegmentedCodeCache                       = true                                      {product} {ergonomic}
   size_t SoftMaxHeapSize                          = 536870912                              {manageable} {ergonomic}
     bool UseCompressedClassPointers               = true                           {product lp64_product} {ergonomic}
     bool UseCompressedOops                        = true                           {product lp64_product} {ergonomic}
     bool UseG1GC                                  = true                                      {product} {ergonomic}
     bool UseLargePagesIndividualAllocation        = false                                  {pd product} {ergonomic}

Logging:
Log output configuration:
 #0: stdout all=warning uptime,level,tags
 #1: stderr all=off uptime,level,tags

Environment Variables:
JAVA_HOME=C:\Program Files\BellSoft\LibericaJDK-17\
PATH=C:\Program Files\BellSoft\LibericaJDK-17\bin\;C:\WINDOWS\system32;C:\WINDOWS;C:\WINDOWS\System32\Wbem;C:\WINDOWS\System32\WindowsPowerShell\v1.0\;C:\WINDOWS\System32\OpenSSH\;C:\Program Files\dotnet\;C:\Program Files\BellSoft\LibericaJDK-17\\bin;C:\Program Files\nodejs\;C:\Program Files\python\Scripts\;C:\Program Files\python\;C:\Users\Admin\AppData\Local\Microsoft\WindowsApps;C:\Users\Admin\AppData\Roaming\npm;C:\Users\Admin\AppData\Local\GitHubDesktop\bin
USERNAME=Admin
OS=Windows_NT
PROCESSOR_IDENTIFIER=Intel64 Family 6 Model 186 Stepping 2, GenuineIntel
TMP=C:\Users\Admin\AppData\Local\Temp
TEMP=C:\Users\Admin\AppData\Local\Temp



Periodic native trim disabled


---------------  S Y S T E M  ---------------

OS:
 Windows 11 , 64 bit Build 26100 (10.0.26100.7019)
OS uptime: 3 days 8:35 hours
Hyper-V role detected

CPU: total 16 (initial active 16) (8 cores per cpu, 2 threads per core) family 6 model 186 stepping 2 microcode 0x410c, cx8, cmov, fxsr, ht, mmx, 3dnowpref, sse, sse2, sse3, ssse3, sse4.1, sse4.2, popcnt, lzcnt, tsc, tscinvbit, avx, avx2, aes, erms, clmul, bmi1, bmi2, adx, sha, fma, vzeroupper, clflush, clflushopt, clwb, hv
Processor Information for processor 0
  Max Mhz: 1900, Current Mhz: 1900, Mhz Limit: 1900
Processor Information for processor 1
  Max Mhz: 1900, Current Mhz: 1900, Mhz Limit: 1900
Processor Information for processor 2
  Max Mhz: 1900, Current Mhz: 1900, Mhz Limit: 1900
Processor Information for processor 3
  Max Mhz: 1900, Current Mhz: 1504, Mhz Limit: 1900
Processor Information for processor 4
  Max Mhz: 1900, Current Mhz: 1900, Mhz Limit: 1900
Processor Information for processor 5
  Max Mhz: 1900, Current Mhz: 1504, Mhz Limit: 1900
Processor Information for processor 6
  Max Mhz: 1900, Current Mhz: 1900, Mhz Limit: 1900
Processor Information for processor 7
  Max Mhz: 1900, Current Mhz: 1900, Mhz Limit: 1900
Processor Information for processor 8
  Max Mhz: 1900, Current Mhz: 1900, Mhz Limit: 1900
Processor Information for processor 9
  Max Mhz: 1900, Current Mhz: 1492, Mhz Limit: 1900
Processor Information for processor 10
  Max Mhz: 1900, Current Mhz: 1900, Mhz Limit: 1900
Processor Information for processor 11
  Max Mhz: 1900, Current Mhz: 1900, Mhz Limit: 1900
Processor Information for processor 12
  Max Mhz: 1900, Current Mhz: 1492, Mhz Limit: 1900
Processor Information for processor 13
  Max Mhz: 1900, Current Mhz: 1492, Mhz Limit: 1900
Processor Information for processor 14
  Max Mhz: 1900, Current Mhz: 1900, Mhz Limit: 1900
Processor Information for processor 15
  Max Mhz: 1900, Current Mhz: 1900, Mhz Limit: 1900

Memory: 4k page, system-wide physical 16148M (5801M free)
TotalPageFile size 28854M (AvailPageFile size 5M)
current process WorkingSet (physical memory assigned to process): 219M, peak: 220M
current process commit charge ("private bytes"): 478M, peak: 479M

vm_info: OpenJDK 64-Bit Server VM (17.0.17+11-LTS) for windows-amd64 JRE (17.0.17+11-LTS), built on Oct 14 2025 22:04:55 by "" with MS VC++ 17.1 (VS2022)

END.
