#
# There is insufficient memory for the Java Runtime Environment to continue.
# Native memory allocation (malloc) failed to allocate 2003056 bytes. Error detail: Chunk::new
# Possible reasons:
#   The system is out of physical RAM or swap space
#   This process is running with CompressedOops enabled, and the Java Heap may be blocking the growth of the native heap
# Possible solutions:
#   Reduce memory load on the system
#   Increase physical memory or swap space
#   Check if swap backing store is full
#   Decrease Java heap size (-Xmx/-Xms)
#   Decrease number of Java threads
#   Decrease Java thread stack sizes (-Xss)
#   Set larger code cache with -XX:ReservedCodeCacheSize=
#   JVM is running with Unscaled Compressed Oops mode in which the Java heap is
#     placed in the first 4GB address space. The Java Heap base address is the
#     maximum limit for the native heap growth. Please use -XX:HeapBaseMinAddress
#     to set the Java Heap base and to place the Java Heap above 4GB virtual address.
# This output file may be truncated or incomplete.
#
#  Out of Memory Error (arena.cpp:191), pid=6128, tid=19428
#
# JRE version: OpenJDK Runtime Environment (17.0.17+11) (build 17.0.17+11-LTS)
# Java VM: OpenJDK 64-Bit Server VM (17.0.17+11-LTS, mixed mode, sharing, tiered, compressed oops, compressed class ptrs, g1 gc, windows-amd64)
# No core dump will be written. Minidumps are not enabled by default on client versions of Windows
#

---------------  S U M M A R Y ------------

Command Line: --add-opens=java.base/java.lang=ALL-UNNAMED --add-opens=java.base/java.lang.invoke=ALL-UNNAMED --add-opens=java.base/java.util=ALL-UNNAMED --add-opens=java.prefs/java.util.prefs=ALL-UNNAMED --add-exports=jdk.compiler/com.sun.tools.javac.api=ALL-UNNAMED --add-exports=jdk.compiler/com.sun.tools.javac.util=ALL-UNNAMED --add-opens=java.base/java.util=ALL-UNNAMED --add-opens=java.prefs/java.util.prefs=ALL-UNNAMED --add-opens=java.base/java.nio.charset=ALL-UNNAMED --add-opens=java.base/java.net=ALL-UNNAMED --add-opens=java.base/java.util.concurrent=ALL-UNNAMED --add-opens=java.base/java.util.concurrent.atomic=ALL-UNNAMED --add-opens=java.xml/javax.xml.namespace=ALL-UNNAMED --add-opens=java.base/java.time=ALL-UNNAMED -XX:MaxMetaspaceSize=384m -XX:+HeapDumpOnOutOfMemoryError -Xms256m -Xmx512m -Dfile.encoding=windows-1252 -Duser.country=UA -Duser.language=uk -Duser.variant -javaagent:C:\Users\Admin\.gradle\wrapper\dists\gradle-9.1.0-bin\9agqghryom9wkf8r80qlhnts3\gradle-9.1.0\lib\agents\gradle-instrumentation-agent-9.1.0.jar org.gradle.launcher.daemon.bootstrap.GradleDaemon 9.1.0

Host: 13th Gen Intel(R) Core(TM) i5-1340P, 16 cores, 15G,  Windows 11 , 64 bit Build 26100 (10.0.26100.7019)
Time: Fri Nov 21 08:27:07 2025  Windows 11 , 64 bit Build 26100 (10.0.26100.7019) elapsed time: 16.124808 seconds (0d 0h 0m 16s)

---------------  T H R E A D  ---------------

Current thread (0x00000191fccb28d0):  JavaThread "C2 CompilerThread0" daemon [_thread_in_native, id=19428, stack(0x0000002deb600000,0x0000002deb700000)]


Current CompileTask:
C2:16124 2424       4       jdk.internal.org.objectweb.asm.Frame::execute (2305 bytes)

Stack: [0x0000002deb600000,0x0000002deb700000]
Native frames: (J=compiled Java code, j=interpreted, Vv=VM code, C=native code)
V  [jvm.dll+0x680ac9]
V  [jvm.dll+0x837bb8]
V  [jvm.dll+0x83967e]
V  [jvm.dll+0x839ce3]
V  [jvm.dll+0x248d4f]
V  [jvm.dll+0xac854]
V  [jvm.dll+0xaceac]
V  [jvm.dll+0x36741f]
V  [jvm.dll+0x3318d8]
V  [jvm.dll+0x330d6a]
V  [jvm.dll+0x21ab7f]
V  [jvm.dll+0x219fc1]
V  [jvm.dll+0x1a5d90]
V  [jvm.dll+0x229e19]
V  [jvm.dll+0x227fcb]
V  [jvm.dll+0x7ecd38]
V  [jvm.dll+0x7e722c]
V  [jvm.dll+0x67f997]
C  [ucrtbase.dll+0x37b0]
C  [KERNEL32.DLL+0x2e8d7]
C  [ntdll.dll+0x8c53c]


---------------  P R O C E S S  ---------------

Threads class SMR info:
_java_thread_list=0x00000191fe9ffce0, length=23, elements={
0x00000191f05f8730, 0x00000191fcc96ab0, 0x00000191fcc97580, 0x00000191fccae250,
0x00000191fccb0b30, 0x00000191fccb1400, 0x00000191fccb1cd0, 0x00000191fccb28d0,
0x00000191fccc31f0, 0x00000191fccc5b10, 0x00000191fcc7d500, 0x00000191fcf95470,
0x00000191fef72f60, 0x00000191fed40350, 0x00000191fcf352e0, 0x00000191fefa88f0,
0x00000191fd382d40, 0x00000191fce29880, 0x00000191fce28440, 0x00000191fce265e0,
0x00000191fce28950, 0x00000191fce260d0, 0x00000191fd12b9e0
}

Java Threads: ( => current thread )
  0x00000191f05f8730 JavaThread "main" [_thread_blocked, id=6092, stack(0x0000002dea900000,0x0000002deaa00000)]
  0x00000191fcc96ab0 JavaThread "Reference Handler" daemon [_thread_blocked, id=19104, stack(0x0000002deb000000,0x0000002deb100000)]
  0x00000191fcc97580 JavaThread "Finalizer" daemon [_thread_blocked, id=7652, stack(0x0000002deb100000,0x0000002deb200000)]
  0x00000191fccae250 JavaThread "Signal Dispatcher" daemon [_thread_blocked, id=2928, stack(0x0000002deb200000,0x0000002deb300000)]
  0x00000191fccb0b30 JavaThread "Attach Listener" daemon [_thread_blocked, id=18392, stack(0x0000002deb300000,0x0000002deb400000)]
  0x00000191fccb1400 JavaThread "Service Thread" daemon [_thread_blocked, id=8480, stack(0x0000002deb400000,0x0000002deb500000)]
  0x00000191fccb1cd0 JavaThread "Monitor Deflation Thread" daemon [_thread_blocked, id=15260, stack(0x0000002deb500000,0x0000002deb600000)]
=>0x00000191fccb28d0 JavaThread "C2 CompilerThread0" daemon [_thread_in_native, id=19428, stack(0x0000002deb600000,0x0000002deb700000)]
  0x00000191fccc31f0 JavaThread "C1 CompilerThread0" daemon [_thread_blocked, id=5164, stack(0x0000002deb700000,0x0000002deb800000)]
  0x00000191fccc5b10 JavaThread "Sweeper thread" daemon [_thread_blocked, id=8052, stack(0x0000002deb800000,0x0000002deb900000)]
  0x00000191fcc7d500 JavaThread "Common-Cleaner" daemon [_thread_blocked, id=17272, stack(0x0000002deb900000,0x0000002deba00000)]
  0x00000191fcf95470 JavaThread "Notification Thread" daemon [_thread_blocked, id=15976, stack(0x0000002debd00000,0x0000002debe00000)]
  0x00000191fef72f60 JavaThread "Daemon health stats" [_thread_blocked, id=17544, stack(0x0000002dec800000,0x0000002dec900000)]
  0x00000191fed40350 JavaThread "Incoming local TCP Connector on port 50523" [_thread_in_native, id=12920, stack(0x0000002dec000000,0x0000002dec100000)]
  0x00000191fcf352e0 JavaThread "Daemon periodic checks" [_thread_blocked, id=3376, stack(0x0000002deba00000,0x0000002debb00000)]
  0x00000191fefa88f0 JavaThread "Daemon" [_thread_blocked, id=9696, stack(0x0000002debb00000,0x0000002debc00000)]
  0x00000191fd382d40 JavaThread "Handler for socket connection from /127.0.0.1:50523 to /127.0.0.1:50525" [_thread_in_native, id=2720, stack(0x0000002debc00000,0x0000002debd00000)]
  0x00000191fce29880 JavaThread "Cancel handler" [_thread_blocked, id=19156, stack(0x0000002debf00000,0x0000002dec000000)]
  0x00000191fce28440 JavaThread "Daemon worker" [_thread_in_Java, id=3012, stack(0x0000002dec100000,0x0000002dec200000)]
  0x00000191fce265e0 JavaThread "Asynchronous log dispatcher for DefaultDaemonConnection: socket connection from /127.0.0.1:50523 to /127.0.0.1:50525" [_thread_blocked, id=6564, stack(0x0000002dec700000,0x0000002dec800000)]
  0x00000191fce28950 JavaThread "Stdin handler" [_thread_blocked, id=13324, stack(0x0000002decb00000,0x0000002decc00000)]
  0x00000191fce260d0 JavaThread "Daemon client event forwarder" [_thread_blocked, id=16784, stack(0x0000002decc00000,0x0000002decd00000)]
  0x00000191fd12b9e0 JavaThread "C2 CompilerThread1" daemon [_thread_in_native, id=14664, stack(0x0000002decd00000,0x0000002dece00000)]

Other Threads:
  0x00000191fcc8f9c0 VMThread "VM Thread" [stack: 0x0000002deaf00000,0x0000002deb000000] [id=6848]
  0x00000191f05f94c0 WatcherThread [stack: 0x0000002debe00000,0x0000002debf00000] [id=1204]
  0x00000191f0629ed0 GCTaskThread "GC Thread#0" [stack: 0x0000002deaa00000,0x0000002deab00000] [id=17872]
  0x00000191fd5e96a0 GCTaskThread "GC Thread#1" [stack: 0x0000002dec200000,0x0000002dec300000] [id=18120]
  0x00000191fd0dcbc0 GCTaskThread "GC Thread#2" [stack: 0x0000002dec300000,0x0000002dec400000] [id=10272]
  0x00000191fd67d780 GCTaskThread "GC Thread#3" [stack: 0x0000002dec400000,0x0000002dec500000] [id=12012]
  0x00000191fdb95fc0 GCTaskThread "GC Thread#4" [stack: 0x0000002dec500000,0x0000002dec600000] [id=6456]
  0x00000191fd71c120 GCTaskThread "GC Thread#5" [stack: 0x0000002dec600000,0x0000002dec700000] [id=17768]
  0x00000191fd2db090 GCTaskThread "GC Thread#6" [stack: 0x0000002dec900000,0x0000002deca00000] [id=14656]
  0x00000191fd70d340 GCTaskThread "GC Thread#7" [stack: 0x0000002deca00000,0x0000002decb00000] [id=12924]
  0x00000191f062ee90 ConcurrentGCThread "G1 Main Marker" [stack: 0x0000002deab00000,0x0000002deac00000] [id=6156]
  0x00000191f06384a0 ConcurrentGCThread "G1 Conc#0" [stack: 0x0000002deac00000,0x0000002dead00000] [id=11100]
  0x00000191f06ae1a0 ConcurrentGCThread "G1 Refine#0" [stack: 0x0000002dead00000,0x0000002deae00000] [id=18240]
  0x00000191f06ae980 ConcurrentGCThread "G1 Service" [stack: 0x0000002deae00000,0x0000002deaf00000] [id=2432]

Threads with active compile tasks:
C2 CompilerThread0  16137 2424       4       jdk.internal.org.objectweb.asm.Frame::execute (2305 bytes)
C2 CompilerThread1  16137 2441       4       jdk.internal.ref.PhantomCleanable::<init> (49 bytes)

VM state: not at safepoint (normal execution)

VM Mutex/Monitor currently owned by a thread: None

Heap address: 0x00000000e0000000, size: 512 MB, Compressed Oops mode: 32-bit

CDS archive(s) mapped at: [0x000001918f000000-0x000001918fbb0000-0x000001918fbb0000), size 12255232, SharedBaseAddress: 0x000001918f000000, ArchiveRelocationMode: 1.
Compressed class space mapped at: 0x0000019190000000-0x00000191a4000000, reserved size: 335544320
Narrow klass base: 0x000001918f000000, Narrow klass shift: 0, Narrow klass range: 0x100000000

GC Precious Log:
 CPUs: 16 total, 16 available
 Memory: 16148M
 Large Page Support: Disabled
 NUMA Support: Disabled
 Compressed Oops: Enabled (32-bit)
 Heap Region Size: 1M
 Heap Min Capacity: 256M
 Heap Initial Capacity: 256M
 Heap Max Capacity: 512M
 Pre-touch: Disabled
 Parallel Workers: 13
 Concurrent Workers: 3
 Concurrent Refinement Workers: 13
 Periodic GC: Disabled

Heap:
 garbage-first heap   total 262144K, used 54686K [0x00000000e0000000, 0x0000000100000000)
  region size 1024K, 46 young (47104K), 9 survivors (9216K)
 Metaspace       used 13853K, committed 14144K, reserved 393216K
  class space    used 1899K, committed 2048K, reserved 327680K

Heap Regions: E=young(eden), S=young(survivor), O=old, HS=humongous(starts), HC=humongous(continues), CS=collection set, F=free, OA=open archive, CA=closed archive, TAMS=top-at-mark-start (previous, next)
|   0|0x00000000e0000000, 0x00000000e0100000, 0x00000000e0100000|100%|HS|  |TAMS 0x00000000e0000000, 0x00000000e0000000| Complete 
|   1|0x00000000e0100000, 0x00000000e0200000, 0x00000000e0200000|100%|HC|  |TAMS 0x00000000e0100000, 0x00000000e0100000| Complete 
|   2|0x00000000e0200000, 0x00000000e0300000, 0x00000000e0300000|100%|HC|  |TAMS 0x00000000e0200000, 0x00000000e0200000| Complete 
|   3|0x00000000e0300000, 0x00000000e0400000, 0x00000000e0400000|100%| O|  |TAMS 0x00000000e0300000, 0x00000000e0300000| Untracked 
|   4|0x00000000e0400000, 0x00000000e0500000, 0x00000000e0500000|100%| O|  |TAMS 0x00000000e0400000, 0x00000000e0400000| Untracked 
|   5|0x00000000e0500000, 0x00000000e0600000, 0x00000000e0600000|100%| O|  |TAMS 0x00000000e0500000, 0x00000000e0500000| Untracked 
|   6|0x00000000e0600000, 0x00000000e0700000, 0x00000000e0700000|100%|HS|  |TAMS 0x00000000e0600000, 0x00000000e0600000| Complete 
|   7|0x00000000e0700000, 0x00000000e0700000, 0x00000000e0800000|  0%| F|  |TAMS 0x00000000e0700000, 0x00000000e0700000| Untracked 
|   8|0x00000000e0800000, 0x00000000e0900000, 0x00000000e0900000|100%| O|  |TAMS 0x00000000e0800000, 0x00000000e0800000| Untracked 
|   9|0x00000000e0900000, 0x00000000e0967800, 0x00000000e0a00000| 40%| O|  |TAMS 0x00000000e0900000, 0x00000000e0900000| Untracked 
|  10|0x00000000e0a00000, 0x00000000e0a00000, 0x00000000e0b00000|  0%| F|  |TAMS 0x00000000e0a00000, 0x00000000e0a00000| Untracked 
|  11|0x00000000e0b00000, 0x00000000e0b00000, 0x00000000e0c00000|  0%| F|  |TAMS 0x00000000e0b00000, 0x00000000e0b00000| Untracked 
|  12|0x00000000e0c00000, 0x00000000e0c00000, 0x00000000e0d00000|  0%| F|  |TAMS 0x00000000e0c00000, 0x00000000e0c00000| Untracked 
|  13|0x00000000e0d00000, 0x00000000e0d00000, 0x00000000e0e00000|  0%| F|  |TAMS 0x00000000e0d00000, 0x00000000e0d00000| Untracked 
|  14|0x00000000e0e00000, 0x00000000e0e00000, 0x00000000e0f00000|  0%| F|  |TAMS 0x00000000e0e00000, 0x00000000e0e00000| Untracked 
|  15|0x00000000e0f00000, 0x00000000e0f00000, 0x00000000e1000000|  0%| F|  |TAMS 0x00000000e0f00000, 0x00000000e0f00000| Untracked 
|  16|0x00000000e1000000, 0x00000000e1000000, 0x00000000e1100000|  0%| F|  |TAMS 0x00000000e1000000, 0x00000000e1000000| Untracked 
|  17|0x00000000e1100000, 0x00000000e1100000, 0x00000000e1200000|  0%| F|  |TAMS 0x00000000e1100000, 0x00000000e1100000| Untracked 
|  18|0x00000000e1200000, 0x00000000e1200000, 0x00000000e1300000|  0%| F|  |TAMS 0x00000000e1200000, 0x00000000e1200000| Untracked 
|  19|0x00000000e1300000, 0x00000000e1300000, 0x00000000e1400000|  0%| F|  |TAMS 0x00000000e1300000, 0x00000000e1300000| Untracked 
|  20|0x00000000e1400000, 0x00000000e1400000, 0x00000000e1500000|  0%| F|  |TAMS 0x00000000e1400000, 0x00000000e1400000| Untracked 
|  21|0x00000000e1500000, 0x00000000e1500000, 0x00000000e1600000|  0%| F|  |TAMS 0x00000000e1500000, 0x00000000e1500000| Untracked 
|  22|0x00000000e1600000, 0x00000000e1600000, 0x00000000e1700000|  0%| F|  |TAMS 0x00000000e1600000, 0x00000000e1600000| Untracked 
|  23|0x00000000e1700000, 0x00000000e1700000, 0x00000000e1800000|  0%| F|  |TAMS 0x00000000e1700000, 0x00000000e1700000| Untracked 
|  24|0x00000000e1800000, 0x00000000e1800000, 0x00000000e1900000|  0%| F|  |TAMS 0x00000000e1800000, 0x00000000e1800000| Untracked 
|  25|0x00000000e1900000, 0x00000000e1900000, 0x00000000e1a00000|  0%| F|  |TAMS 0x00000000e1900000, 0x00000000e1900000| Untracked 
|  26|0x00000000e1a00000, 0x00000000e1a00000, 0x00000000e1b00000|  0%| F|  |TAMS 0x00000000e1a00000, 0x00000000e1a00000| Untracked 
|  27|0x00000000e1b00000, 0x00000000e1b00000, 0x00000000e1c00000|  0%| F|  |TAMS 0x00000000e1b00000, 0x00000000e1b00000| Untracked 
|  28|0x00000000e1c00000, 0x00000000e1c00000, 0x00000000e1d00000|  0%| F|  |TAMS 0x00000000e1c00000, 0x00000000e1c00000| Untracked 
|  29|0x00000000e1d00000, 0x00000000e1d00000, 0x00000000e1e00000|  0%| F|  |TAMS 0x00000000e1d00000, 0x00000000e1d00000| Untracked 
|  30|0x00000000e1e00000, 0x00000000e1e00000, 0x00000000e1f00000|  0%| F|  |TAMS 0x00000000e1e00000, 0x00000000e1e00000| Untracked 
|  31|0x00000000e1f00000, 0x00000000e1f00000, 0x00000000e2000000|  0%| F|  |TAMS 0x00000000e1f00000, 0x00000000e1f00000| Untracked 
|  32|0x00000000e2000000, 0x00000000e2000000, 0x00000000e2100000|  0%| F|  |TAMS 0x00000000e2000000, 0x00000000e2000000| Untracked 
|  33|0x00000000e2100000, 0x00000000e2100000, 0x00000000e2200000|  0%| F|  |TAMS 0x00000000e2100000, 0x00000000e2100000| Untracked 
|  34|0x00000000e2200000, 0x00000000e2200000, 0x00000000e2300000|  0%| F|  |TAMS 0x00000000e2200000, 0x00000000e2200000| Untracked 
|  35|0x00000000e2300000, 0x00000000e2300000, 0x00000000e2400000|  0%| F|  |TAMS 0x00000000e2300000, 0x00000000e2300000| Untracked 
|  36|0x00000000e2400000, 0x00000000e2400000, 0x00000000e2500000|  0%| F|  |TAMS 0x00000000e2400000, 0x00000000e2400000| Untracked 
|  37|0x00000000e2500000, 0x00000000e2500000, 0x00000000e2600000|  0%| F|  |TAMS 0x00000000e2500000, 0x00000000e2500000| Untracked 
|  38|0x00000000e2600000, 0x00000000e2600000, 0x00000000e2700000|  0%| F|  |TAMS 0x00000000e2600000, 0x00000000e2600000| Untracked 
|  39|0x00000000e2700000, 0x00000000e2700000, 0x00000000e2800000|  0%| F|  |TAMS 0x00000000e2700000, 0x00000000e2700000| Untracked 
|  40|0x00000000e2800000, 0x00000000e2800000, 0x00000000e2900000|  0%| F|  |TAMS 0x00000000e2800000, 0x00000000e2800000| Untracked 
|  41|0x00000000e2900000, 0x00000000e2900000, 0x00000000e2a00000|  0%| F|  |TAMS 0x00000000e2900000, 0x00000000e2900000| Untracked 
|  42|0x00000000e2a00000, 0x00000000e2a00000, 0x00000000e2b00000|  0%| F|  |TAMS 0x00000000e2a00000, 0x00000000e2a00000| Untracked 
|  43|0x00000000e2b00000, 0x00000000e2b00000, 0x00000000e2c00000|  0%| F|  |TAMS 0x00000000e2b00000, 0x00000000e2b00000| Untracked 
|  44|0x00000000e2c00000, 0x00000000e2c00000, 0x00000000e2d00000|  0%| F|  |TAMS 0x00000000e2c00000, 0x00000000e2c00000| Untracked 
|  45|0x00000000e2d00000, 0x00000000e2d00000, 0x00000000e2e00000|  0%| F|  |TAMS 0x00000000e2d00000, 0x00000000e2d00000| Untracked 
|  46|0x00000000e2e00000, 0x00000000e2e00000, 0x00000000e2f00000|  0%| F|  |TAMS 0x00000000e2e00000, 0x00000000e2e00000| Untracked 
|  47|0x00000000e2f00000, 0x00000000e2f00000, 0x00000000e3000000|  0%| F|  |TAMS 0x00000000e2f00000, 0x00000000e2f00000| Untracked 
|  48|0x00000000e3000000, 0x00000000e3000000, 0x00000000e3100000|  0%| F|  |TAMS 0x00000000e3000000, 0x00000000e3000000| Untracked 
|  49|0x00000000e3100000, 0x00000000e3100000, 0x00000000e3200000|  0%| F|  |TAMS 0x00000000e3100000, 0x00000000e3100000| Untracked 
|  50|0x00000000e3200000, 0x00000000e3200000, 0x00000000e3300000|  0%| F|  |TAMS 0x00000000e3200000, 0x00000000e3200000| Untracked 
|  51|0x00000000e3300000, 0x00000000e3300000, 0x00000000e3400000|  0%| F|  |TAMS 0x00000000e3300000, 0x00000000e3300000| Untracked 
|  52|0x00000000e3400000, 0x00000000e3400000, 0x00000000e3500000|  0%| F|  |TAMS 0x00000000e3400000, 0x00000000e3400000| Untracked 
|  53|0x00000000e3500000, 0x00000000e3500000, 0x00000000e3600000|  0%| F|  |TAMS 0x00000000e3500000, 0x00000000e3500000| Untracked 
|  54|0x00000000e3600000, 0x00000000e3600000, 0x00000000e3700000|  0%| F|  |TAMS 0x00000000e3600000, 0x00000000e3600000| Untracked 
|  55|0x00000000e3700000, 0x00000000e3700000, 0x00000000e3800000|  0%| F|  |TAMS 0x00000000e3700000, 0x00000000e3700000| Untracked 
|  56|0x00000000e3800000, 0x00000000e3800000, 0x00000000e3900000|  0%| F|  |TAMS 0x00000000e3800000, 0x00000000e3800000| Untracked 
|  57|0x00000000e3900000, 0x00000000e3900000, 0x00000000e3a00000|  0%| F|  |TAMS 0x00000000e3900000, 0x00000000e3900000| Untracked 
|  58|0x00000000e3a00000, 0x00000000e3a00000, 0x00000000e3b00000|  0%| F|  |TAMS 0x00000000e3a00000, 0x00000000e3a00000| Untracked 
|  59|0x00000000e3b00000, 0x00000000e3b00000, 0x00000000e3c00000|  0%| F|  |TAMS 0x00000000e3b00000, 0x00000000e3b00000| Untracked 
|  60|0x00000000e3c00000, 0x00000000e3c00000, 0x00000000e3d00000|  0%| F|  |TAMS 0x00000000e3c00000, 0x00000000e3c00000| Untracked 
|  61|0x00000000e3d00000, 0x00000000e3d00000, 0x00000000e3e00000|  0%| F|  |TAMS 0x00000000e3d00000, 0x00000000e3d00000| Untracked 
|  62|0x00000000e3e00000, 0x00000000e3e00000, 0x00000000e3f00000|  0%| F|  |TAMS 0x00000000e3e00000, 0x00000000e3e00000| Untracked 
|  63|0x00000000e3f00000, 0x00000000e3f00000, 0x00000000e4000000|  0%| F|  |TAMS 0x00000000e3f00000, 0x00000000e3f00000| Untracked 
|  64|0x00000000e4000000, 0x00000000e4000000, 0x00000000e4100000|  0%| F|  |TAMS 0x00000000e4000000, 0x00000000e4000000| Untracked 
|  65|0x00000000e4100000, 0x00000000e4100000, 0x00000000e4200000|  0%| F|  |TAMS 0x00000000e4100000, 0x00000000e4100000| Untracked 
|  66|0x00000000e4200000, 0x00000000e4200000, 0x00000000e4300000|  0%| F|  |TAMS 0x00000000e4200000, 0x00000000e4200000| Untracked 
|  67|0x00000000e4300000, 0x00000000e4300000, 0x00000000e4400000|  0%| F|  |TAMS 0x00000000e4300000, 0x00000000e4300000| Untracked 
|  68|0x00000000e4400000, 0x00000000e4400000, 0x00000000e4500000|  0%| F|  |TAMS 0x00000000e4400000, 0x00000000e4400000| Untracked 
|  69|0x00000000e4500000, 0x00000000e4500000, 0x00000000e4600000|  0%| F|  |TAMS 0x00000000e4500000, 0x00000000e4500000| Untracked 
|  70|0x00000000e4600000, 0x00000000e4600000, 0x00000000e4700000|  0%| F|  |TAMS 0x00000000e4600000, 0x00000000e4600000| Untracked 
|  71|0x00000000e4700000, 0x00000000e4700000, 0x00000000e4800000|  0%| F|  |TAMS 0x00000000e4700000, 0x00000000e4700000| Untracked 
|  72|0x00000000e4800000, 0x00000000e4800000, 0x00000000e4900000|  0%| F|  |TAMS 0x00000000e4800000, 0x00000000e4800000| Untracked 
|  73|0x00000000e4900000, 0x00000000e4900000, 0x00000000e4a00000|  0%| F|  |TAMS 0x00000000e4900000, 0x00000000e4900000| Untracked 
|  74|0x00000000e4a00000, 0x00000000e4a00000, 0x00000000e4b00000|  0%| F|  |TAMS 0x00000000e4a00000, 0x00000000e4a00000| Untracked 
|  75|0x00000000e4b00000, 0x00000000e4b00000, 0x00000000e4c00000|  0%| F|  |TAMS 0x00000000e4b00000, 0x00000000e4b00000| Untracked 
|  76|0x00000000e4c00000, 0x00000000e4c00000, 0x00000000e4d00000|  0%| F|  |TAMS 0x00000000e4c00000, 0x00000000e4c00000| Untracked 
|  77|0x00000000e4d00000, 0x00000000e4d00000, 0x00000000e4e00000|  0%| F|  |TAMS 0x00000000e4d00000, 0x00000000e4d00000| Untracked 
|  78|0x00000000e4e00000, 0x00000000e4e00000, 0x00000000e4f00000|  0%| F|  |TAMS 0x00000000e4e00000, 0x00000000e4e00000| Untracked 
|  79|0x00000000e4f00000, 0x00000000e4f00000, 0x00000000e5000000|  0%| F|  |TAMS 0x00000000e4f00000, 0x00000000e4f00000| Untracked 
|  80|0x00000000e5000000, 0x00000000e5000000, 0x00000000e5100000|  0%| F|  |TAMS 0x00000000e5000000, 0x00000000e5000000| Untracked 
|  81|0x00000000e5100000, 0x00000000e5100000, 0x00000000e5200000|  0%| F|  |TAMS 0x00000000e5100000, 0x00000000e5100000| Untracked 
|  82|0x00000000e5200000, 0x00000000e5200000, 0x00000000e5300000|  0%| F|  |TAMS 0x00000000e5200000, 0x00000000e5200000| Untracked 
|  83|0x00000000e5300000, 0x00000000e5300000, 0x00000000e5400000|  0%| F|  |TAMS 0x00000000e5300000, 0x00000000e5300000| Untracked 
|  84|0x00000000e5400000, 0x00000000e5400000, 0x00000000e5500000|  0%| F|  |TAMS 0x00000000e5400000, 0x00000000e5400000| Untracked 
|  85|0x00000000e5500000, 0x00000000e5500000, 0x00000000e5600000|  0%| F|  |TAMS 0x00000000e5500000, 0x00000000e5500000| Untracked 
|  86|0x00000000e5600000, 0x00000000e5600000, 0x00000000e5700000|  0%| F|  |TAMS 0x00000000e5600000, 0x00000000e5600000| Untracked 
|  87|0x00000000e5700000, 0x00000000e5700000, 0x00000000e5800000|  0%| F|  |TAMS 0x00000000e5700000, 0x00000000e5700000| Untracked 
|  88|0x00000000e5800000, 0x00000000e5800000, 0x00000000e5900000|  0%| F|  |TAMS 0x00000000e5800000, 0x00000000e5800000| Untracked 
|  89|0x00000000e5900000, 0x00000000e5900000, 0x00000000e5a00000|  0%| F|  |TAMS 0x00000000e5900000, 0x00000000e5900000| Untracked 
|  90|0x00000000e5a00000, 0x00000000e5a00000, 0x00000000e5b00000|  0%| F|  |TAMS 0x00000000e5a00000, 0x00000000e5a00000| Untracked 
|  91|0x00000000e5b00000, 0x00000000e5b00000, 0x00000000e5c00000|  0%| F|  |TAMS 0x00000000e5b00000, 0x00000000e5b00000| Untracked 
|  92|0x00000000e5c00000, 0x00000000e5c00000, 0x00000000e5d00000|  0%| F|  |TAMS 0x00000000e5c00000, 0x00000000e5c00000| Untracked 
|  93|0x00000000e5d00000, 0x00000000e5d00000, 0x00000000e5e00000|  0%| F|  |TAMS 0x00000000e5d00000, 0x00000000e5d00000| Untracked 
|  94|0x00000000e5e00000, 0x00000000e5e00000, 0x00000000e5f00000|  0%| F|  |TAMS 0x00000000e5e00000, 0x00000000e5e00000| Untracked 
|  95|0x00000000e5f00000, 0x00000000e5f00000, 0x00000000e6000000|  0%| F|  |TAMS 0x00000000e5f00000, 0x00000000e5f00000| Untracked 
|  96|0x00000000e6000000, 0x00000000e6000000, 0x00000000e6100000|  0%| F|  |TAMS 0x00000000e6000000, 0x00000000e6000000| Untracked 
|  97|0x00000000e6100000, 0x00000000e6100000, 0x00000000e6200000|  0%| F|  |TAMS 0x00000000e6100000, 0x00000000e6100000| Untracked 
|  98|0x00000000e6200000, 0x00000000e6200000, 0x00000000e6300000|  0%| F|  |TAMS 0x00000000e6200000, 0x00000000e6200000| Untracked 
|  99|0x00000000e6300000, 0x00000000e6300000, 0x00000000e6400000|  0%| F|  |TAMS 0x00000000e6300000, 0x00000000e6300000| Untracked 
| 100|0x00000000e6400000, 0x00000000e6400000, 0x00000000e6500000|  0%| F|  |TAMS 0x00000000e6400000, 0x00000000e6400000| Untracked 
| 101|0x00000000e6500000, 0x00000000e6500000, 0x00000000e6600000|  0%| F|  |TAMS 0x00000000e6500000, 0x00000000e6500000| Untracked 
| 102|0x00000000e6600000, 0x00000000e6600000, 0x00000000e6700000|  0%| F|  |TAMS 0x00000000e6600000, 0x00000000e6600000| Untracked 
| 103|0x00000000e6700000, 0x00000000e6700000, 0x00000000e6800000|  0%| F|  |TAMS 0x00000000e6700000, 0x00000000e6700000| Untracked 
| 104|0x00000000e6800000, 0x00000000e6800000, 0x00000000e6900000|  0%| F|  |TAMS 0x00000000e6800000, 0x00000000e6800000| Untracked 
| 105|0x00000000e6900000, 0x00000000e6900000, 0x00000000e6a00000|  0%| F|  |TAMS 0x00000000e6900000, 0x00000000e6900000| Untracked 
| 106|0x00000000e6a00000, 0x00000000e6a00000, 0x00000000e6b00000|  0%| F|  |TAMS 0x00000000e6a00000, 0x00000000e6a00000| Untracked 
| 107|0x00000000e6b00000, 0x00000000e6b00000, 0x00000000e6c00000|  0%| F|  |TAMS 0x00000000e6b00000, 0x00000000e6b00000| Untracked 
| 108|0x00000000e6c00000, 0x00000000e6c00000, 0x00000000e6d00000|  0%| F|  |TAMS 0x00000000e6c00000, 0x00000000e6c00000| Untracked 
| 109|0x00000000e6d00000, 0x00000000e6d00000, 0x00000000e6e00000|  0%| F|  |TAMS 0x00000000e6d00000, 0x00000000e6d00000| Untracked 
| 110|0x00000000e6e00000, 0x00000000e6e00000, 0x00000000e6f00000|  0%| F|  |TAMS 0x00000000e6e00000, 0x00000000e6e00000| Untracked 
| 111|0x00000000e6f00000, 0x00000000e6f00000, 0x00000000e7000000|  0%| F|  |TAMS 0x00000000e6f00000, 0x00000000e6f00000| Untracked 
| 112|0x00000000e7000000, 0x00000000e7000000, 0x00000000e7100000|  0%| F|  |TAMS 0x00000000e7000000, 0x00000000e7000000| Untracked 
| 113|0x00000000e7100000, 0x00000000e7100000, 0x00000000e7200000|  0%| F|  |TAMS 0x00000000e7100000, 0x00000000e7100000| Untracked 
| 114|0x00000000e7200000, 0x00000000e7200000, 0x00000000e7300000|  0%| F|  |TAMS 0x00000000e7200000, 0x00000000e7200000| Untracked 
| 115|0x00000000e7300000, 0x00000000e7300000, 0x00000000e7400000|  0%| F|  |TAMS 0x00000000e7300000, 0x00000000e7300000| Untracked 
| 116|0x00000000e7400000, 0x00000000e7400000, 0x00000000e7500000|  0%| F|  |TAMS 0x00000000e7400000, 0x00000000e7400000| Untracked 
| 117|0x00000000e7500000, 0x00000000e7500000, 0x00000000e7600000|  0%| F|  |TAMS 0x00000000e7500000, 0x00000000e7500000| Untracked 
| 118|0x00000000e7600000, 0x00000000e7600000, 0x00000000e7700000|  0%| F|  |TAMS 0x00000000e7600000, 0x00000000e7600000| Untracked 
| 119|0x00000000e7700000, 0x00000000e7700000, 0x00000000e7800000|  0%| F|  |TAMS 0x00000000e7700000, 0x00000000e7700000| Untracked 
| 120|0x00000000e7800000, 0x00000000e7800000, 0x00000000e7900000|  0%| F|  |TAMS 0x00000000e7800000, 0x00000000e7800000| Untracked 
| 121|0x00000000e7900000, 0x00000000e7900000, 0x00000000e7a00000|  0%| F|  |TAMS 0x00000000e7900000, 0x00000000e7900000| Untracked 
| 122|0x00000000e7a00000, 0x00000000e7a00000, 0x00000000e7b00000|  0%| F|  |TAMS 0x00000000e7a00000, 0x00000000e7a00000| Untracked 
| 123|0x00000000e7b00000, 0x00000000e7b00000, 0x00000000e7c00000|  0%| F|  |TAMS 0x00000000e7b00000, 0x00000000e7b00000| Untracked 
| 124|0x00000000e7c00000, 0x00000000e7c00000, 0x00000000e7d00000|  0%| F|  |TAMS 0x00000000e7c00000, 0x00000000e7c00000| Untracked 
| 125|0x00000000e7d00000, 0x00000000e7d00000, 0x00000000e7e00000|  0%| F|  |TAMS 0x00000000e7d00000, 0x00000000e7d00000| Untracked 
| 126|0x00000000e7e00000, 0x00000000e7e00000, 0x00000000e7f00000|  0%| F|  |TAMS 0x00000000e7e00000, 0x00000000e7e00000| Untracked 
| 127|0x00000000e7f00000, 0x00000000e7f00000, 0x00000000e8000000|  0%| F|  |TAMS 0x00000000e7f00000, 0x00000000e7f00000| Untracked 
| 128|0x00000000e8000000, 0x00000000e8000000, 0x00000000e8100000|  0%| F|  |TAMS 0x00000000e8000000, 0x00000000e8000000| Untracked 
| 129|0x00000000e8100000, 0x00000000e8100000, 0x00000000e8200000|  0%| F|  |TAMS 0x00000000e8100000, 0x00000000e8100000| Untracked 
| 130|0x00000000e8200000, 0x00000000e8200000, 0x00000000e8300000|  0%| F|  |TAMS 0x00000000e8200000, 0x00000000e8200000| Untracked 
| 131|0x00000000e8300000, 0x00000000e8300000, 0x00000000e8400000|  0%| F|  |TAMS 0x00000000e8300000, 0x00000000e8300000| Untracked 
| 132|0x00000000e8400000, 0x00000000e8400000, 0x00000000e8500000|  0%| F|  |TAMS 0x00000000e8400000, 0x00000000e8400000| Untracked 
| 133|0x00000000e8500000, 0x00000000e8500000, 0x00000000e8600000|  0%| F|  |TAMS 0x00000000e8500000, 0x00000000e8500000| Untracked 
| 134|0x00000000e8600000, 0x00000000e8600000, 0x00000000e8700000|  0%| F|  |TAMS 0x00000000e8600000, 0x00000000e8600000| Untracked 
| 135|0x00000000e8700000, 0x00000000e8700000, 0x00000000e8800000|  0%| F|  |TAMS 0x00000000e8700000, 0x00000000e8700000| Untracked 
| 136|0x00000000e8800000, 0x00000000e8800000, 0x00000000e8900000|  0%| F|  |TAMS 0x00000000e8800000, 0x00000000e8800000| Untracked 
| 137|0x00000000e8900000, 0x00000000e8900000, 0x00000000e8a00000|  0%| F|  |TAMS 0x00000000e8900000, 0x00000000e8900000| Untracked 
| 138|0x00000000e8a00000, 0x00000000e8a00000, 0x00000000e8b00000|  0%| F|  |TAMS 0x00000000e8a00000, 0x00000000e8a00000| Untracked 
| 139|0x00000000e8b00000, 0x00000000e8b00000, 0x00000000e8c00000|  0%| F|  |TAMS 0x00000000e8b00000, 0x00000000e8b00000| Untracked 
| 140|0x00000000e8c00000, 0x00000000e8c00000, 0x00000000e8d00000|  0%| F|  |TAMS 0x00000000e8c00000, 0x00000000e8c00000| Untracked 
| 141|0x00000000e8d00000, 0x00000000e8d00000, 0x00000000e8e00000|  0%| F|  |TAMS 0x00000000e8d00000, 0x00000000e8d00000| Untracked 
| 142|0x00000000e8e00000, 0x00000000e8e00000, 0x00000000e8f00000|  0%| F|  |TAMS 0x00000000e8e00000, 0x00000000e8e00000| Untracked 
| 143|0x00000000e8f00000, 0x00000000e8f00000, 0x00000000e9000000|  0%| F|  |TAMS 0x00000000e8f00000, 0x00000000e8f00000| Untracked 
| 144|0x00000000e9000000, 0x00000000e9000000, 0x00000000e9100000|  0%| F|  |TAMS 0x00000000e9000000, 0x00000000e9000000| Untracked 
| 145|0x00000000e9100000, 0x00000000e9100000, 0x00000000e9200000|  0%| F|  |TAMS 0x00000000e9100000, 0x00000000e9100000| Untracked 
| 146|0x00000000e9200000, 0x00000000e9200000, 0x00000000e9300000|  0%| F|  |TAMS 0x00000000e9200000, 0x00000000e9200000| Untracked 
| 147|0x00000000e9300000, 0x00000000e9300000, 0x00000000e9400000|  0%| F|  |TAMS 0x00000000e9300000, 0x00000000e9300000| Untracked 
| 148|0x00000000e9400000, 0x00000000e9400000, 0x00000000e9500000|  0%| F|  |TAMS 0x00000000e9400000, 0x00000000e9400000| Untracked 
| 149|0x00000000e9500000, 0x00000000e9500000, 0x00000000e9600000|  0%| F|  |TAMS 0x00000000e9500000, 0x00000000e9500000| Untracked 
| 150|0x00000000e9600000, 0x00000000e9600000, 0x00000000e9700000|  0%| F|  |TAMS 0x00000000e9600000, 0x00000000e9600000| Untracked 
| 151|0x00000000e9700000, 0x00000000e9700000, 0x00000000e9800000|  0%| F|  |TAMS 0x00000000e9700000, 0x00000000e9700000| Untracked 
| 152|0x00000000e9800000, 0x00000000e9800000, 0x00000000e9900000|  0%| F|  |TAMS 0x00000000e9800000, 0x00000000e9800000| Untracked 
| 153|0x00000000e9900000, 0x00000000e9900000, 0x00000000e9a00000|  0%| F|  |TAMS 0x00000000e9900000, 0x00000000e9900000| Untracked 
| 154|0x00000000e9a00000, 0x00000000e9a00000, 0x00000000e9b00000|  0%| F|  |TAMS 0x00000000e9a00000, 0x00000000e9a00000| Untracked 
| 155|0x00000000e9b00000, 0x00000000e9b00000, 0x00000000e9c00000|  0%| F|  |TAMS 0x00000000e9b00000, 0x00000000e9b00000| Untracked 
| 156|0x00000000e9c00000, 0x00000000e9c00000, 0x00000000e9d00000|  0%| F|  |TAMS 0x00000000e9c00000, 0x00000000e9c00000| Untracked 
| 157|0x00000000e9d00000, 0x00000000e9d00000, 0x00000000e9e00000|  0%| F|  |TAMS 0x00000000e9d00000, 0x00000000e9d00000| Untracked 
| 158|0x00000000e9e00000, 0x00000000e9e00000, 0x00000000e9f00000|  0%| F|  |TAMS 0x00000000e9e00000, 0x00000000e9e00000| Untracked 
| 159|0x00000000e9f00000, 0x00000000e9f00000, 0x00000000ea000000|  0%| F|  |TAMS 0x00000000e9f00000, 0x00000000e9f00000| Untracked 
| 160|0x00000000ea000000, 0x00000000ea000000, 0x00000000ea100000|  0%| F|  |TAMS 0x00000000ea000000, 0x00000000ea000000| Untracked 
| 161|0x00000000ea100000, 0x00000000ea100000, 0x00000000ea200000|  0%| F|  |TAMS 0x00000000ea100000, 0x00000000ea100000| Untracked 
| 162|0x00000000ea200000, 0x00000000ea200000, 0x00000000ea300000|  0%| F|  |TAMS 0x00000000ea200000, 0x00000000ea200000| Untracked 
| 163|0x00000000ea300000, 0x00000000ea300000, 0x00000000ea400000|  0%| F|  |TAMS 0x00000000ea300000, 0x00000000ea300000| Untracked 
| 164|0x00000000ea400000, 0x00000000ea400000, 0x00000000ea500000|  0%| F|  |TAMS 0x00000000ea400000, 0x00000000ea400000| Untracked 
| 165|0x00000000ea500000, 0x00000000ea500000, 0x00000000ea600000|  0%| F|  |TAMS 0x00000000ea500000, 0x00000000ea500000| Untracked 
| 166|0x00000000ea600000, 0x00000000ea600000, 0x00000000ea700000|  0%| F|  |TAMS 0x00000000ea600000, 0x00000000ea600000| Untracked 
| 167|0x00000000ea700000, 0x00000000ea700000, 0x00000000ea800000|  0%| F|  |TAMS 0x00000000ea700000, 0x00000000ea700000| Untracked 
| 168|0x00000000ea800000, 0x00000000ea800000, 0x00000000ea900000|  0%| F|  |TAMS 0x00000000ea800000, 0x00000000ea800000| Untracked 
| 169|0x00000000ea900000, 0x00000000ea900000, 0x00000000eaa00000|  0%| F|  |TAMS 0x00000000ea900000, 0x00000000ea900000| Untracked 
| 170|0x00000000eaa00000, 0x00000000eaa00000, 0x00000000eab00000|  0%| F|  |TAMS 0x00000000eaa00000, 0x00000000eaa00000| Untracked 
| 171|0x00000000eab00000, 0x00000000eab00000, 0x00000000eac00000|  0%| F|  |TAMS 0x00000000eab00000, 0x00000000eab00000| Untracked 
| 172|0x00000000eac00000, 0x00000000eac00000, 0x00000000ead00000|  0%| F|  |TAMS 0x00000000eac00000, 0x00000000eac00000| Untracked 
| 173|0x00000000ead00000, 0x00000000ead00000, 0x00000000eae00000|  0%| F|  |TAMS 0x00000000ead00000, 0x00000000ead00000| Untracked 
| 174|0x00000000eae00000, 0x00000000eae00000, 0x00000000eaf00000|  0%| F|  |TAMS 0x00000000eae00000, 0x00000000eae00000| Untracked 
| 175|0x00000000eaf00000, 0x00000000eaf00000, 0x00000000eb000000|  0%| F|  |TAMS 0x00000000eaf00000, 0x00000000eaf00000| Untracked 
| 176|0x00000000eb000000, 0x00000000eb000000, 0x00000000eb100000|  0%| F|  |TAMS 0x00000000eb000000, 0x00000000eb000000| Untracked 
| 177|0x00000000eb100000, 0x00000000eb100000, 0x00000000eb200000|  0%| F|  |TAMS 0x00000000eb100000, 0x00000000eb100000| Untracked 
| 178|0x00000000eb200000, 0x00000000eb200000, 0x00000000eb300000|  0%| F|  |TAMS 0x00000000eb200000, 0x00000000eb200000| Untracked 
| 179|0x00000000eb300000, 0x00000000eb300000, 0x00000000eb400000|  0%| F|  |TAMS 0x00000000eb300000, 0x00000000eb300000| Untracked 
| 180|0x00000000eb400000, 0x00000000eb400000, 0x00000000eb500000|  0%| F|  |TAMS 0x00000000eb400000, 0x00000000eb400000| Untracked 
| 181|0x00000000eb500000, 0x00000000eb600000, 0x00000000eb600000|100%| S|CS|TAMS 0x00000000eb500000, 0x00000000eb500000| Complete 
| 182|0x00000000eb600000, 0x00000000eb700000, 0x00000000eb700000|100%| S|CS|TAMS 0x00000000eb600000, 0x00000000eb600000| Complete 
| 183|0x00000000eb700000, 0x00000000eb800000, 0x00000000eb800000|100%| S|CS|TAMS 0x00000000eb700000, 0x00000000eb700000| Complete 
| 184|0x00000000eb800000, 0x00000000eb900000, 0x00000000eb900000|100%| S|CS|TAMS 0x00000000eb800000, 0x00000000eb800000| Complete 
| 185|0x00000000eb900000, 0x00000000eba00000, 0x00000000eba00000|100%| S|CS|TAMS 0x00000000eb900000, 0x00000000eb900000| Complete 
| 186|0x00000000eba00000, 0x00000000ebb00000, 0x00000000ebb00000|100%| S|CS|TAMS 0x00000000eba00000, 0x00000000eba00000| Complete 
| 187|0x00000000ebb00000, 0x00000000ebc00000, 0x00000000ebc00000|100%| S|CS|TAMS 0x00000000ebb00000, 0x00000000ebb00000| Complete 
| 188|0x00000000ebc00000, 0x00000000ebd00000, 0x00000000ebd00000|100%| S|CS|TAMS 0x00000000ebc00000, 0x00000000ebc00000| Complete 
| 189|0x00000000ebd00000, 0x00000000ebe00000, 0x00000000ebe00000|100%| S|CS|TAMS 0x00000000ebd00000, 0x00000000ebd00000| Complete 
| 190|0x00000000ebe00000, 0x00000000ebe00000, 0x00000000ebf00000|  0%| F|  |TAMS 0x00000000ebe00000, 0x00000000ebe00000| Untracked 
| 191|0x00000000ebf00000, 0x00000000ebf00000, 0x00000000ec000000|  0%| F|  |TAMS 0x00000000ebf00000, 0x00000000ebf00000| Untracked 
| 192|0x00000000ec000000, 0x00000000ec000000, 0x00000000ec100000|  0%| F|  |TAMS 0x00000000ec000000, 0x00000000ec000000| Untracked 
| 193|0x00000000ec100000, 0x00000000ec100000, 0x00000000ec200000|  0%| F|  |TAMS 0x00000000ec100000, 0x00000000ec100000| Untracked 
| 194|0x00000000ec200000, 0x00000000ec200000, 0x00000000ec300000|  0%| F|  |TAMS 0x00000000ec200000, 0x00000000ec200000| Untracked 
| 195|0x00000000ec300000, 0x00000000ec300000, 0x00000000ec400000|  0%| F|  |TAMS 0x00000000ec300000, 0x00000000ec300000| Untracked 
| 196|0x00000000ec400000, 0x00000000ec400000, 0x00000000ec500000|  0%| F|  |TAMS 0x00000000ec400000, 0x00000000ec400000| Untracked 
| 197|0x00000000ec500000, 0x00000000ec500000, 0x00000000ec600000|  0%| F|  |TAMS 0x00000000ec500000, 0x00000000ec500000| Untracked 
| 198|0x00000000ec600000, 0x00000000ec600000, 0x00000000ec700000|  0%| F|  |TAMS 0x00000000ec600000, 0x00000000ec600000| Untracked 
| 199|0x00000000ec700000, 0x00000000ec700000, 0x00000000ec800000|  0%| F|  |TAMS 0x00000000ec700000, 0x00000000ec700000| Untracked 
| 200|0x00000000ec800000, 0x00000000ec800000, 0x00000000ec900000|  0%| F|  |TAMS 0x00000000ec800000, 0x00000000ec800000| Untracked 
| 201|0x00000000ec900000, 0x00000000ec900000, 0x00000000eca00000|  0%| F|  |TAMS 0x00000000ec900000, 0x00000000ec900000| Untracked 
| 202|0x00000000eca00000, 0x00000000eca00000, 0x00000000ecb00000|  0%| F|  |TAMS 0x00000000eca00000, 0x00000000eca00000| Untracked 
| 203|0x00000000ecb00000, 0x00000000ecb00000, 0x00000000ecc00000|  0%| F|  |TAMS 0x00000000ecb00000, 0x00000000ecb00000| Untracked 
| 204|0x00000000ecc00000, 0x00000000ecc00000, 0x00000000ecd00000|  0%| F|  |TAMS 0x00000000ecc00000, 0x00000000ecc00000| Untracked 
| 205|0x00000000ecd00000, 0x00000000ecd00000, 0x00000000ece00000|  0%| F|  |TAMS 0x00000000ecd00000, 0x00000000ecd00000| Untracked 
| 206|0x00000000ece00000, 0x00000000ece00000, 0x00000000ecf00000|  0%| F|  |TAMS 0x00000000ece00000, 0x00000000ece00000| Untracked 
| 207|0x00000000ecf00000, 0x00000000ecf00000, 0x00000000ed000000|  0%| F|  |TAMS 0x00000000ecf00000, 0x00000000ecf00000| Untracked 
| 208|0x00000000ed000000, 0x00000000ed000000, 0x00000000ed100000|  0%| F|  |TAMS 0x00000000ed000000, 0x00000000ed000000| Untracked 
| 209|0x00000000ed100000, 0x00000000ed100000, 0x00000000ed200000|  0%| F|  |TAMS 0x00000000ed100000, 0x00000000ed100000| Untracked 
| 210|0x00000000ed200000, 0x00000000ed200000, 0x00000000ed300000|  0%| F|  |TAMS 0x00000000ed200000, 0x00000000ed200000| Untracked 
| 211|0x00000000ed300000, 0x00000000ed300000, 0x00000000ed400000|  0%| F|  |TAMS 0x00000000ed300000, 0x00000000ed300000| Untracked 
| 212|0x00000000ed400000, 0x00000000ed400000, 0x00000000ed500000|  0%| F|  |TAMS 0x00000000ed400000, 0x00000000ed400000| Untracked 
| 213|0x00000000ed500000, 0x00000000ed500000, 0x00000000ed600000|  0%| F|  |TAMS 0x00000000ed500000, 0x00000000ed500000| Untracked 
| 214|0x00000000ed600000, 0x00000000ed600000, 0x00000000ed700000|  0%| F|  |TAMS 0x00000000ed600000, 0x00000000ed600000| Untracked 
| 215|0x00000000ed700000, 0x00000000ed700000, 0x00000000ed800000|  0%| F|  |TAMS 0x00000000ed700000, 0x00000000ed700000| Untracked 
| 216|0x00000000ed800000, 0x00000000ed800000, 0x00000000ed900000|  0%| F|  |TAMS 0x00000000ed800000, 0x00000000ed800000| Untracked 
| 217|0x00000000ed900000, 0x00000000ed900000, 0x00000000eda00000|  0%| F|  |TAMS 0x00000000ed900000, 0x00000000ed900000| Untracked 
| 218|0x00000000eda00000, 0x00000000eda00000, 0x00000000edb00000|  0%| F|  |TAMS 0x00000000eda00000, 0x00000000eda00000| Untracked 
| 219|0x00000000edb00000, 0x00000000edb80000, 0x00000000edc00000| 50%| E|  |TAMS 0x00000000edb00000, 0x00000000edb00000| Complete 
| 220|0x00000000edc00000, 0x00000000edd00000, 0x00000000edd00000|100%| E|CS|TAMS 0x00000000edc00000, 0x00000000edc00000| Complete 
| 221|0x00000000edd00000, 0x00000000ede00000, 0x00000000ede00000|100%| E|CS|TAMS 0x00000000edd00000, 0x00000000edd00000| Complete 
| 222|0x00000000ede00000, 0x00000000edf00000, 0x00000000edf00000|100%| E|CS|TAMS 0x00000000ede00000, 0x00000000ede00000| Complete 
| 223|0x00000000edf00000, 0x00000000ee000000, 0x00000000ee000000|100%| E|CS|TAMS 0x00000000edf00000, 0x00000000edf00000| Complete 
| 224|0x00000000ee000000, 0x00000000ee100000, 0x00000000ee100000|100%| E|CS|TAMS 0x00000000ee000000, 0x00000000ee000000| Complete 
| 225|0x00000000ee100000, 0x00000000ee200000, 0x00000000ee200000|100%| E|CS|TAMS 0x00000000ee100000, 0x00000000ee100000| Complete 
| 226|0x00000000ee200000, 0x00000000ee300000, 0x00000000ee300000|100%| E|CS|TAMS 0x00000000ee200000, 0x00000000ee200000| Complete 
| 227|0x00000000ee300000, 0x00000000ee400000, 0x00000000ee400000|100%| E|CS|TAMS 0x00000000ee300000, 0x00000000ee300000| Complete 
| 228|0x00000000ee400000, 0x00000000ee500000, 0x00000000ee500000|100%| E|CS|TAMS 0x00000000ee400000, 0x00000000ee400000| Complete 
| 229|0x00000000ee500000, 0x00000000ee600000, 0x00000000ee600000|100%| E|CS|TAMS 0x00000000ee500000, 0x00000000ee500000| Complete 
| 230|0x00000000ee600000, 0x00000000ee700000, 0x00000000ee700000|100%| E|CS|TAMS 0x00000000ee600000, 0x00000000ee600000| Complete 
| 231|0x00000000ee700000, 0x00000000ee800000, 0x00000000ee800000|100%| E|CS|TAMS 0x00000000ee700000, 0x00000000ee700000| Complete 
| 232|0x00000000ee800000, 0x00000000ee900000, 0x00000000ee900000|100%| E|CS|TAMS 0x00000000ee800000, 0x00000000ee800000| Complete 
| 233|0x00000000ee900000, 0x00000000eea00000, 0x00000000eea00000|100%| E|CS|TAMS 0x00000000ee900000, 0x00000000ee900000| Complete 
| 234|0x00000000eea00000, 0x00000000eeb00000, 0x00000000eeb00000|100%| E|CS|TAMS 0x00000000eea00000, 0x00000000eea00000| Complete 
| 235|0x00000000eeb00000, 0x00000000eec00000, 0x00000000eec00000|100%| E|CS|TAMS 0x00000000eeb00000, 0x00000000eeb00000| Complete 
| 236|0x00000000eec00000, 0x00000000eed00000, 0x00000000eed00000|100%| E|CS|TAMS 0x00000000eec00000, 0x00000000eec00000| Complete 
| 237|0x00000000eed00000, 0x00000000eee00000, 0x00000000eee00000|100%| E|CS|TAMS 0x00000000eed00000, 0x00000000eed00000| Complete 
| 238|0x00000000eee00000, 0x00000000eef00000, 0x00000000eef00000|100%| E|CS|TAMS 0x00000000eee00000, 0x00000000eee00000| Complete 
| 239|0x00000000eef00000, 0x00000000ef000000, 0x00000000ef000000|100%| E|CS|TAMS 0x00000000eef00000, 0x00000000eef00000| Complete 
| 240|0x00000000ef000000, 0x00000000ef100000, 0x00000000ef100000|100%| E|CS|TAMS 0x00000000ef000000, 0x00000000ef000000| Complete 
| 241|0x00000000ef100000, 0x00000000ef200000, 0x00000000ef200000|100%| E|CS|TAMS 0x00000000ef100000, 0x00000000ef100000| Complete 
| 242|0x00000000ef200000, 0x00000000ef300000, 0x00000000ef300000|100%| E|CS|TAMS 0x00000000ef200000, 0x00000000ef200000| Complete 
| 243|0x00000000ef300000, 0x00000000ef400000, 0x00000000ef400000|100%| E|CS|TAMS 0x00000000ef300000, 0x00000000ef300000| Complete 
| 244|0x00000000ef400000, 0x00000000ef500000, 0x00000000ef500000|100%| E|CS|TAMS 0x00000000ef400000, 0x00000000ef400000| Complete 
| 245|0x00000000ef500000, 0x00000000ef600000, 0x00000000ef600000|100%| E|CS|TAMS 0x00000000ef500000, 0x00000000ef500000| Complete 
| 246|0x00000000ef600000, 0x00000000ef700000, 0x00000000ef700000|100%| E|CS|TAMS 0x00000000ef600000, 0x00000000ef600000| Complete 
| 247|0x00000000ef700000, 0x00000000ef800000, 0x00000000ef800000|100%| E|CS|TAMS 0x00000000ef700000, 0x00000000ef700000| Complete 
| 248|0x00000000ef800000, 0x00000000ef900000, 0x00000000ef900000|100%| E|CS|TAMS 0x00000000ef800000, 0x00000000ef800000| Complete 
| 249|0x00000000ef900000, 0x00000000efa00000, 0x00000000efa00000|100%| E|CS|TAMS 0x00000000ef900000, 0x00000000ef900000| Complete 
| 250|0x00000000efa00000, 0x00000000efb00000, 0x00000000efb00000|100%| E|CS|TAMS 0x00000000efa00000, 0x00000000efa00000| Complete 
| 251|0x00000000efb00000, 0x00000000efc00000, 0x00000000efc00000|100%| E|CS|TAMS 0x00000000efb00000, 0x00000000efb00000| Complete 
| 252|0x00000000efc00000, 0x00000000efd00000, 0x00000000efd00000|100%| E|CS|TAMS 0x00000000efc00000, 0x00000000efc00000| Complete 
| 253|0x00000000efd00000, 0x00000000efe00000, 0x00000000efe00000|100%| E|CS|TAMS 0x00000000efd00000, 0x00000000efd00000| Complete 
| 254|0x00000000efe00000, 0x00000000eff00000, 0x00000000eff00000|100%| E|CS|TAMS 0x00000000efe00000, 0x00000000efe00000| Complete 
| 255|0x00000000eff00000, 0x00000000f0000000, 0x00000000f0000000|100%| E|CS|TAMS 0x00000000eff00000, 0x00000000eff00000| Complete 

Card table byte_map: [0x00000191f8af0000,0x00000191f8bf0000] _byte_map_base: 0x00000191f83f0000

Marking Bits (Prev, Next): (CMBitMap*) 0x00000191f062a400, (CMBitMap*) 0x00000191f062a440
 Prev Bits: [0x00000191f8cf0000, 0x00000191f94f0000)
 Next Bits: [0x00000191f94f0000, 0x00000191f9cf0000)

Polling page: 0x00000191efdb0000

Metaspace:

Usage:
  Non-class:     11.68 MB used.
      Class:      1.86 MB used.
       Both:     13.54 MB used.

Virtual space:
  Non-class space:       64.00 MB reserved,      11.81 MB ( 18%) committed,  1 nodes.
      Class space:      320.00 MB reserved,       2.00 MB ( <1%) committed,  1 nodes.
             Both:      384.00 MB reserved,      13.81 MB (  4%) committed. 

Chunk freelists:
   Non-Class:  3.56 MB
       Class:  13.97 MB
        Both:  17.53 MB

MaxMetaspaceSize: 384.00 MB
CompressedClassSpaceSize: 320.00 MB
Initial GC threshold: 21.00 MB
Current GC threshold: 21.00 MB
CDS: on
MetaspaceReclaimPolicy: balanced
 - commit_granule_bytes: 65536.
 - commit_granule_words: 8192.
 - virtual_space_node_default_size: 8388608.
 - enlarge_chunks_in_place: 1.
 - new_chunks_are_fully_committed: 0.
 - uncommit_free_chunks: 1.
 - use_allocation_guard: 0.
 - handle_deallocations: 1.


Internal statistics:

num_allocs_failed_limit: 0.
num_arena_births: 166.
num_arena_deaths: 0.
num_vsnodes_births: 2.
num_vsnodes_deaths: 0.
num_space_committed: 221.
num_space_uncommitted: 0.
num_chunks_returned_to_freelist: 0.
num_chunks_taken_from_freelist: 574.
num_chunk_merges: 0.
num_chunk_splits: 397.
num_chunks_enlarged: 298.
num_inconsistent_stats: 0.

CodeHeap 'non-profiled nmethods': size=119168Kb used=1253Kb max_used=1253Kb free=117914Kb
 bounds [0x0000019187ba0000, 0x0000019187e10000, 0x000001918f000000]
CodeHeap 'profiled nmethods': size=119104Kb used=5041Kb max_used=5041Kb free=114062Kb
 bounds [0x0000019180000000, 0x00000191804f0000, 0x0000019187450000]
CodeHeap 'non-nmethods': size=7488Kb used=1215Kb max_used=2902Kb free=6272Kb
 bounds [0x0000019187450000, 0x0000019187730000, 0x0000019187ba0000]
 total_blobs=3030 nmethods=2506 adapters=436
 compilation: enabled
              stopped_count=0, restarted_count=0
 full_count=0

Compilation events (20 events):
Event: 15.116 Thread 0x00000191fccc31f0 2489       3       org.gradle.internal.service.DefaultServiceRegistry$OwnServices::add (82 bytes)
Event: 15.116 Thread 0x00000191fccc31f0 nmethod 2489 0x00000191804e1a90 code [0x00000191804e1d00, 0x00000191804e2748]
Event: 15.116 Thread 0x00000191fccc31f0 2490       3       org.gradle.internal.service.DefaultServiceRegistry::determineAccessScope (30 bytes)
Event: 15.116 Thread 0x00000191fccc31f0 nmethod 2490 0x00000191804e2b10 code [0x00000191804e2d80, 0x00000191804e38b8]
Event: 15.116 Thread 0x00000191fccc31f0 2491       3       org.gradle.internal.service.DefaultServiceRegistry$FactoryMethodService::<init> (17 bytes)
Event: 15.117 Thread 0x00000191fccc31f0 nmethod 2491 0x00000191804e3c10 code [0x00000191804e3dc0, 0x00000191804e3f78]
Event: 15.117 Thread 0x00000191fccc31f0 2492       3       org.gradle.internal.service.DefaultServiceRegistry$FactoryMethodService::serviceTypesOf (42 bytes)
Event: 15.117 Thread 0x00000191fccc31f0 nmethod 2492 0x00000191804e4090 code [0x00000191804e4360, 0x00000191804e5458]
Event: 15.117 Thread 0x00000191fccc31f0 2493   !   3       jdk.proxy1.$Proxy2::value (29 bytes)
Event: 15.117 Thread 0x00000191fccc31f0 nmethod 2493 0x00000191804e5a10 code [0x00000191804e5be0, 0x00000191804e5fd8]
Event: 15.117 Thread 0x00000191fccc31f0 2494       3       org.gradle.internal.service.DefaultServiceRegistry$FactoryMethodService::<init> (34 bytes)
Event: 15.117 Thread 0x00000191fccc31f0 nmethod 2494 0x00000191804e6190 code [0x00000191804e6360, 0x00000191804e67b8]
Event: 15.119 Thread 0x00000191fccc31f0 2495       3       java.util.concurrent.locks.ReentrantLock$NonfairSync::initialTryLock (58 bytes)
Event: 15.119 Thread 0x00000191fccc31f0 nmethod 2495 0x00000191804e6a10 code [0x00000191804e6c00, 0x00000191804e6ff8]
Event: 15.233 Thread 0x00000191fccc31f0 2496       3       java.util.concurrent.locks.ReentrantLock::unlock (10 bytes)
Event: 15.234 Thread 0x00000191fccc31f0 nmethod 2496 0x00000191804e7110 code [0x00000191804e72e0, 0x00000191804e75b8]
Event: 15.520 Thread 0x00000191fccc31f0 2497       1       java.util.stream.ReferencePipeline$StatelessOp::opIsStateful (2 bytes)
Event: 15.520 Thread 0x00000191fccc31f0 nmethod 2497 0x0000019187cd8590 code [0x0000019187cd8720, 0x0000019187cd87f8]
Event: 15.902 Thread 0x00000191fccc31f0 2498       3       java.util.concurrent.locks.AbstractQueuedSynchronizer$Node::getAndUnsetStatus (14 bytes)
Event: 15.902 Thread 0x00000191fccc31f0 nmethod 2498 0x00000191804e7710 code [0x00000191804e78c0, 0x00000191804e7ba8]

GC Heap History (6 events):
Event: 0.325 GC heap before
{Heap before GC invocations=0 (full 0):
 garbage-first heap   total 262144K, used 23552K [0x00000000e0000000, 0x0000000100000000)
  region size 1024K, 23 young (23552K), 0 survivors (0K)
 Metaspace       used 878K, committed 1024K, reserved 393216K
  class space    used 63K, committed 128K, reserved 327680K
}
Event: 0.327 GC heap after
{Heap after GC invocations=1 (full 0):
 garbage-first heap   total 262144K, used 1578K [0x00000000e0000000, 0x0000000100000000)
  region size 1024K, 2 young (2048K), 2 survivors (2048K)
 Metaspace       used 878K, committed 1024K, reserved 393216K
  class space    used 63K, committed 128K, reserved 327680K
}
Event: 5.964 GC heap before
{Heap before GC invocations=1 (full 0):
 garbage-first heap   total 262144K, used 39466K [0x00000000e0000000, 0x0000000100000000)
  region size 1024K, 37 young (37888K), 2 survivors (2048K)
 Metaspace       used 4575K, committed 4736K, reserved 393216K
  class space    used 570K, committed 640K, reserved 327680K
}
Event: 5.967 GC heap after
{Heap after GC invocations=2 (full 0):
 garbage-first heap   total 262144K, used 10628K [0x00000000e0000000, 0x0000000100000000)
  region size 1024K, 5 young (5120K), 5 survivors (5120K)
 Metaspace       used 4575K, committed 4736K, reserved 393216K
  class space    used 570K, committed 640K, reserved 327680K
}
Event: 7.541 GC heap before
{Heap before GC invocations=2 (full 0):
 garbage-first heap   total 262144K, used 75140K [0x00000000e0000000, 0x0000000100000000)
  region size 1024K, 66 young (67584K), 5 survivors (5120K)
 Metaspace       used 7078K, committed 7296K, reserved 393216K
  class space    used 947K, committed 1088K, reserved 327680K
}
Event: 7.546 GC heap after
{Heap after GC invocations=3 (full 0):
 garbage-first heap   total 262144K, used 17822K [0x00000000e0000000, 0x0000000100000000)
  region size 1024K, 9 young (9216K), 9 survivors (9216K)
 Metaspace       used 7078K, committed 7296K, reserved 393216K
  class space    used 947K, committed 1088K, reserved 327680K
}

Dll operation events (15 events):
Event: 0.010 Loaded shared library C:\Program Files\BellSoft\LibericaJDK-17\bin\java.dll
Event: 0.037 Loaded shared library C:\Program Files\BellSoft\LibericaJDK-17\bin\jsvml.dll
Event: 0.070 Loaded shared library C:\Program Files\BellSoft\LibericaJDK-17\bin\zip.dll
Event: 0.072 Loaded shared library C:\Program Files\BellSoft\LibericaJDK-17\bin\instrument.dll
Event: 0.075 Loaded shared library C:\Program Files\BellSoft\LibericaJDK-17\bin\net.dll
Event: 0.076 Loaded shared library C:\Program Files\BellSoft\LibericaJDK-17\bin\nio.dll
Event: 0.077 Loaded shared library C:\Program Files\BellSoft\LibericaJDK-17\bin\zip.dll
Event: 0.308 Loaded shared library C:\Program Files\BellSoft\LibericaJDK-17\bin\jimage.dll
Event: 4.661 Loaded shared library C:\Program Files\BellSoft\LibericaJDK-17\bin\verify.dll
Event: 5.716 Loaded shared library C:\Users\Admin\.gradle\native\1def1411415f61bf3af743bc5b6707747c0891f09f0c88961ee8f79bc544acac\windows-amd64\native-platform.dll
Event: 5.732 Loaded shared library C:\Users\Admin\.gradle\native\0.2.8\x86_64-windows-gnu\gradle-fileevents.dll
Event: 6.460 Loaded shared library C:\Program Files\BellSoft\LibericaJDK-17\bin\management.dll
Event: 6.461 Loaded shared library C:\Program Files\BellSoft\LibericaJDK-17\bin\management_ext.dll
Event: 7.655 Loaded shared library C:\Program Files\BellSoft\LibericaJDK-17\bin\extnet.dll
Event: 11.795 Loaded shared library C:\Program Files\BellSoft\LibericaJDK-17\bin\sunmscapi.dll

Deoptimization events (20 events):
Event: 11.833 Thread 0x00000191fd382d40 DEOPT PACKING pc=0x0000019180429dca sp=0x0000002debcfdb60
Event: 11.833 Thread 0x00000191fd382d40 DEOPT UNPACKING pc=0x00000191874a7143 sp=0x0000002debcfd070 mode 0
Event: 11.833 Thread 0x00000191fd382d40 DEOPT PACKING pc=0x0000019180429dca sp=0x0000002debcfda90
Event: 11.833 Thread 0x00000191fd382d40 DEOPT UNPACKING pc=0x00000191874a7143 sp=0x0000002debcfcfa0 mode 0
Event: 11.848 Thread 0x00000191fce28440 Uncommon trap: trap_request=0xffffff6e fr.pc=0x0000019187c6f5d4 relative=0x00000000000003b4
Event: 11.848 Thread 0x00000191fce28440 Uncommon trap: reason=loop_limit_check action=maybe_recompile pc=0x0000019187c6f5d4 method=java.lang.StringLatin1.indexOf([BI[BII)I @ 37 c2
Event: 11.848 Thread 0x00000191fce28440 DEOPT PACKING pc=0x0000019187c6f5d4 sp=0x0000002dec1ff100
Event: 11.848 Thread 0x00000191fce28440 DEOPT UNPACKING pc=0x00000191874a69a3 sp=0x0000002dec1ff060 mode 2
Event: 13.993 Thread 0x00000191fce28440 Uncommon trap: trap_request=0xffffff45 fr.pc=0x0000019187ca1558 relative=0x0000000000000bd8
Event: 13.993 Thread 0x00000191fce28440 Uncommon trap: reason=unstable_if action=reinterpret pc=0x0000019187ca1558 method=java.util.HashMap.getNode(Ljava/lang/Object;)Ljava/util/HashMap$Node; @ 66 c2
Event: 13.993 Thread 0x00000191fce28440 DEOPT PACKING pc=0x0000019187ca1558 sp=0x0000002dec1fc0b0
Event: 13.993 Thread 0x00000191fce28440 DEOPT UNPACKING pc=0x00000191874a69a3 sp=0x0000002dec1fc000 mode 2
Event: 13.993 Thread 0x00000191fce28440 Uncommon trap: trap_request=0xffffff45 fr.pc=0x0000019187be802c relative=0x00000000000004ec
Event: 13.993 Thread 0x00000191fce28440 Uncommon trap: reason=unstable_if action=reinterpret pc=0x0000019187be802c method=java.util.HashMap.getNode(Ljava/lang/Object;)Ljava/util/HashMap$Node; @ 66 c2
Event: 13.993 Thread 0x00000191fce28440 DEOPT PACKING pc=0x0000019187be802c sp=0x0000002dec1fc070
Event: 13.993 Thread 0x00000191fce28440 DEOPT UNPACKING pc=0x00000191874a69a3 sp=0x0000002dec1fc000 mode 2
Event: 13.997 Thread 0x00000191fce28440 Uncommon trap: trap_request=0xffffff45 fr.pc=0x0000019187c479e8 relative=0x0000000000000248
Event: 13.997 Thread 0x00000191fce28440 Uncommon trap: reason=unstable_if action=reinterpret pc=0x0000019187c479e8 method=java.util.concurrent.ConcurrentHashMap.get(Ljava/lang/Object;)Ljava/lang/Object; @ 76 c2
Event: 13.997 Thread 0x00000191fce28440 DEOPT PACKING pc=0x0000019187c479e8 sp=0x0000002dec1fb550
Event: 13.997 Thread 0x00000191fce28440 DEOPT UNPACKING pc=0x00000191874a69a3 sp=0x0000002dec1fb4b8 mode 2

Classes loaded (20 events):
Event: 13.996 Loading class jdk/internal/vm/annotation/IntrinsicCandidate
Event: 13.996 Loading class jdk/internal/vm/annotation/IntrinsicCandidate done
Event: 13.997 Loading class java/util/stream/MatchOps$MatchKind
Event: 13.998 Loading class java/util/stream/MatchOps$MatchKind done
Event: 13.998 Loading class java/util/stream/MatchOps
Event: 13.998 Loading class java/util/stream/MatchOps done
Event: 13.998 Loading class java/util/stream/MatchOps$MatchOp
Event: 13.998 Loading class java/util/stream/MatchOps$MatchOp done
Event: 13.998 Loading class java/util/stream/MatchOps$BooleanTerminalSink
Event: 13.998 Loading class java/util/stream/MatchOps$BooleanTerminalSink done
Event: 13.999 Loading class java/util/stream/MatchOps$1MatchSink
Event: 13.999 Loading class java/util/stream/MatchOps$1MatchSink done
Event: 14.009 Loading class java/lang/TypeNotPresentException
Event: 14.009 Loading class java/lang/TypeNotPresentException done
Event: 14.021 Loading class java/lang/invoke/MethodHandle$1
Event: 14.021 Loading class java/lang/invoke/MethodHandle$1 done
Event: 14.032 Loading class java/util/ConcurrentModificationException
Event: 14.033 Loading class java/util/ConcurrentModificationException done
Event: 14.043 Loading class sun/reflect/generics/scope/ConstructorScope
Event: 14.043 Loading class sun/reflect/generics/scope/ConstructorScope done

Classes unloaded (0 events):
No events

Classes redefined (0 events):
No events

Internal exceptions (20 events):
Event: 5.765 Thread 0x00000191f05f8730 Exception <a 'java/lang/NoSuchMethodError'{0x00000000ef230788}: 'java.lang.Object java.lang.invoke.DirectMethodHandle$Holder.invokeVirtual(java.lang.Object, java.lang.Object, java.lang.Object)'> (0x00000000ef230788) 
thrown [s\src\hotspot\share\interpreter\linkResolver.cpp, line 759]
Event: 5.780 Thread 0x00000191f05f8730 Exception <a 'java/lang/NoSuchMethodError'{0x00000000ef140a70}: 'int java.lang.invoke.DirectMethodHandle$Holder.invokeStatic(java.lang.Object)'> (0x00000000ef140a70) 
thrown [s\src\hotspot\share\interpreter\linkResolver.cpp, line 759]
Event: 5.780 Thread 0x00000191f05f8730 Exception <a 'java/lang/NoSuchMethodError'{0x00000000ef143f20}: 'int java.lang.invoke.DirectMethodHandle$Holder.invokeStaticInit(java.lang.Object)'> (0x00000000ef143f20) 
thrown [s\src\hotspot\share\interpreter\linkResolver.cpp, line 759]
Event: 6.459 Thread 0x00000191f05f8730 Exception <a 'java/lang/NoSuchMethodError'{0x00000000ec164870}: 'java.lang.Object java.lang.invoke.DirectMethodHandle$Holder.invokeStaticInit(java.lang.Object)'> (0x00000000ec164870) 
thrown [s\src\hotspot\share\interpreter\linkResolver.cpp, line 759]
Event: 6.474 Thread 0x00000191f05f8730 Exception <a 'java/lang/NoSuchMethodError'{0x00000000ec1ef1f0}: 'java.lang.Object java.lang.invoke.DirectMethodHandle$Holder.invokeInterface(java.lang.Object, java.lang.Object)'> (0x00000000ec1ef1f0) 
thrown [s\src\hotspot\share\interpreter\linkResolver.cpp, line 759]
Event: 7.657 Thread 0x00000191f05f8730 Exception <a 'java/lang/NoSuchMethodError'{0x00000000efeb4e20}: 'void java.lang.invoke.DirectMethodHandle$Holder.invokeStatic(java.lang.Object, java.lang.Object, java.lang.Object)'> (0x00000000efeb4e20) 
thrown [s\src\hotspot\share\interpreter\linkResolver.cpp, line 759]
Event: 8.716 Thread 0x00000191f05f8730 Exception <a 'java/lang/NoSuchMethodError'{0x00000000efb510a8}: 'java.lang.Object java.lang.invoke.DirectMethodHandle$Holder.invokeStaticInit(java.lang.Object, int, int, int, int)'> (0x00000000efb510a8) 
thrown [s\src\hotspot\share\interpreter\linkResolver.cpp, line 759]
Event: 8.748 Thread 0x00000191f05f8730 Exception <a 'java/lang/NoSuchMethodError'{0x00000000efa2dc30}: 'java.lang.Object java.lang.invoke.DirectMethodHandle$Holder.invokeStaticInit(java.lang.Object, java.lang.Object, int, int, int, int)'> (0x00000000efa2dc30) 
thrown [s\src\hotspot\share\interpreter\linkResolver.cpp, line 759]
Event: 11.763 Thread 0x00000191f05f8730 Exception <a 'java/io/IOException'{0x00000000ef75ed10}> (0x00000000ef75ed10) 
thrown [s\src\hotspot\share\prims\jni.cpp, line 516]
Event: 11.765 Thread 0x00000191f05f8730 Implicit null exception at 0x0000019187bf3072 to 0x0000019187bf3648
Event: 11.770 Thread 0x00000191f05f8730 Exception <a 'java/lang/NoSuchMethodError'{0x00000000ef7c6f50}: 'java.lang.Object java.lang.invoke.DirectMethodHandle$Holder.newInvokeSpecial(java.lang.Object, java.lang.Object, java.lang.Object, java.lang.Object, java.lang.Object)'> (0x00000000ef7c6f50) 
thrown [s\src\hotspot\share\interpreter\linkResolver.cpp, line 759]
Event: 11.846 Thread 0x00000191fefa88f0 Exception <a 'java/lang/NoSuchMethodError'{0x00000000ef478880}: 'void java.lang.invoke.DirectMethodHandle$Holder.invokeSpecial(java.lang.Object, java.lang.Object, java.lang.Object)'> (0x00000000ef478880) 
thrown [s\src\hotspot\share\interpreter\linkResolver.cpp, line 759]
Event: 13.926 Thread 0x00000191fce28440 Exception <a 'java/lang/NoSuchMethodError'{0x00000000eeef32f8}: 'long java.lang.invoke.DirectMethodHandle$Holder.invokeInterface(java.lang.Object, java.lang.Object)'> (0x00000000eeef32f8) 
thrown [s\src\hotspot\share\interpreter\linkResolver.cpp, line 759]
Event: 13.973 Thread 0x00000191fce28440 Exception <a 'java/lang/NoSuchMethodError'{0x00000000ee90a5e8}: 'void java.lang.invoke.DirectMethodHandle$Holder.invokeStatic(java.lang.Object, java.lang.Object)'> (0x00000000ee90a5e8) 
thrown [s\src\hotspot\share\interpreter\linkResolver.cpp, line 759]
Event: 13.999 Thread 0x00000191fce28440 Exception <a 'java/lang/NoSuchMethodError'{0x00000000ee7af900}: 'int java.lang.invoke.DirectMethodHandle$Holder.invokeVirtual(java.lang.Object, java.lang.Object, java.lang.Object)'> (0x00000000ee7af900) 
thrown [s\src\hotspot\share\interpreter\linkResolver.cpp, line 759]
Event: 14.022 Thread 0x00000191fce28440 Exception <a 'java/lang/NoSuchMethodError'{0x00000000ee476c68}: 'java.lang.Object java.lang.invoke.DirectMethodHandle$Holder.newInvokeSpecial(java.lang.Object, java.lang.Object, java.lang.Object, java.lang.Object, java.lang.Object, java.lang.Object)'> (0x00000000ee476c68) 
thrown [s\src\hotspot\share\interpreter\linkResolver.cpp, line 759]
Event: 14.054 Thread 0x00000191fce28440 Exception <a 'java/lang/NoSuchMethodError'{0x00000000ee15fc98}: 'void java.lang.invoke.DelegatingMethodHandle$Holder.reinvoke_L(java.lang.Object, java.lang.Object, java.lang.Object, java.lang.Object, java.lang.Object, java.lang.Object, java.lang.Object, java.lang.Object, java.lang.Object, java.lang.Object)'> (0x00000000ee15fc98) 
thrown [s\src\hotspot\share\interpreter\linkResolver.cpp, line 759]
Event: 14.055 Thread 0x00000191fce28440 Exception <a 'java/lang/NoSuchMethodError'{0x00000000ee168248}: 'java.lang.Object java.lang.invoke.DirectMethodHandle$Holder.invokeSpecial(java.lang.Object, java.lang.Object, java.lang.Object, java.lang.Object, java.lang.Object, java.lang.Object, java.lang.Object, java.lang.Object, java.lang.Object, java.lang.Object)'> (0x00000000ee168248) 
thrown [s\src\hotspot\share\interpreter\linkResolver.cpp, line 759]
Event: 14.055 Thread 0x00000191fce28440 Exception <a 'java/lang/NoSuchMethodError'{0x00000000ee16cb18}: 'java.lang.Object java.lang.invoke.Invokers$Holder.invoker(java.lang.Object, java.lang.Object, java.lang.Object, java.lang.Object, java.lang.Object, java.lang.Object, java.lang.Object, java.lang.Object, java.lang.Object, java.lang.Object)'> (0x00000000ee16cb18) 
thrown [s\src\hotspot\share\interpreter\linkResolver.cpp, line 759]
Event: 14.055 Thread 0x00000191fce28440 Exception <a 'java/lang/NoSuchMethodError'{0x00000000ee172720}: 'java.lang.Object java.lang.invoke.DirectMethodHandle$Holder.invokeSpecial(java.lang.Object, java.lang.Object, java.lang.Object, java.lang.Object, java.lang.Object, java.lang.Object, java.lang.Object, java.lang.Object, java.lang.Object, java.lang.Object, java.lang.Object)'> (0x00000000ee172720) 
thrown [s\src\hotspot\share\interpreter\linkResolver.cpp, line 759]

VM Operations (20 events):
Event: 8.679 Executing VM operation: Cleanup
Event: 8.711 Executing VM operation: Cleanup done
Event: 8.721 Executing VM operation: HandshakeAllThreads
Event: 8.721 Executing VM operation: HandshakeAllThreads done
Event: 8.745 Executing VM operation: HandshakeAllThreads
Event: 8.745 Executing VM operation: HandshakeAllThreads done
Event: 9.753 Executing VM operation: Cleanup
Event: 9.785 Executing VM operation: Cleanup done
Event: 10.794 Executing VM operation: Cleanup
Event: 10.794 Executing VM operation: Cleanup done
Event: 11.798 Executing VM operation: HandshakeAllThreads
Event: 11.798 Executing VM operation: HandshakeAllThreads done
Event: 11.798 Executing VM operation: Cleanup
Event: 11.798 Executing VM operation: Cleanup done
Event: 12.813 Executing VM operation: Cleanup
Event: 12.861 Executing VM operation: Cleanup done
Event: 13.872 Executing VM operation: Cleanup
Event: 13.872 Executing VM operation: Cleanup done
Event: 14.879 Executing VM operation: Cleanup
Event: 14.879 Executing VM operation: Cleanup done

Memory protections (0 events):
No events

Nmethod flushes (0 events):
No events

Events (20 events):
Event: 5.785 Thread 0x00000191fccc31f0 Thread added: 0x00000191fd474b30
Event: 5.785 Thread 0x00000191fccc31f0 Thread added: 0x00000191fd475050
Event: 5.785 Thread 0x00000191fccc31f0 Thread added: 0x00000191fdae4280
Event: 7.517 Thread 0x00000191f05f8730 Thread added: 0x00000191fef72f60
Event: 8.711 Thread 0x00000191fd139ef0 Thread exited: 0x00000191fd139ef0
Event: 8.711 Thread 0x00000191fd2110b0 Thread exited: 0x00000191fd2110b0
Event: 8.758 Thread 0x00000191f05f8730 Thread added: 0x00000191fed40350
Event: 9.787 Thread 0x00000191fdae4280 Thread exited: 0x00000191fdae4280
Event: 9.788 Thread 0x00000191fd475050 Thread exited: 0x00000191fd475050
Event: 11.747 Thread 0x00000191fd19b340 Thread exited: 0x00000191fd19b340
Event: 11.747 Thread 0x00000191fd474b30 Thread exited: 0x00000191fd474b30
Event: 11.752 Thread 0x00000191fcf352e0 Thread exited: 0x00000191fcf352e0
Event: 11.775 Thread 0x00000191f05f8730 Thread added: 0x00000191fcf352e0
Event: 11.829 Thread 0x00000191fed40350 Thread added: 0x00000191fefa88f0
Event: 11.830 Thread 0x00000191fefa88f0 Thread added: 0x00000191fd382d40
Event: 11.843 Thread 0x00000191fefa88f0 Thread added: 0x00000191fce29880
Event: 11.846 Thread 0x00000191fefa88f0 Thread added: 0x00000191fce28440
Event: 12.870 Thread 0x00000191fce28440 Thread added: 0x00000191fce265e0
Event: 12.875 Thread 0x00000191fce28440 Thread added: 0x00000191fce28950
Event: 12.883 Thread 0x00000191fce28440 Thread added: 0x00000191fce260d0


Dynamic libraries:
0x00007ff6d4fc0000 - 0x00007ff6d4fce000 	C:\Program Files\BellSoft\LibericaJDK-17\bin\java.exe
0x00007ffc390e0000 - 0x00007ffc39348000 	C:\WINDOWS\SYSTEM32\ntdll.dll
0x00007ffc36f40000 - 0x00007ffc37009000 	C:\WINDOWS\System32\KERNEL32.DLL
0x00007ffc36930000 - 0x00007ffc36d28000 	C:\WINDOWS\System32\KERNELBASE.dll
0x00007ffc363b0000 - 0x00007ffc364fb000 	C:\WINDOWS\System32\ucrtbase.dll
0x00007ffc18ce0000 - 0x00007ffc18cfb000 	C:\Program Files\BellSoft\LibericaJDK-17\bin\VCRUNTIME140.dll
0x00007ffc17670000 - 0x00007ffc17687000 	C:\Program Files\BellSoft\LibericaJDK-17\bin\jli.dll
0x00007ffc37370000 - 0x00007ffc37537000 	C:\WINDOWS\System32\USER32.dll
0x00007ffc36900000 - 0x00007ffc36927000 	C:\WINDOWS\System32\win32u.dll
0x00007ffc370f0000 - 0x00007ffc3711b000 	C:\WINDOWS\System32\GDI32.dll
0x00007ffc19c90000 - 0x00007ffc19f24000 	C:\WINDOWS\WinSxS\amd64_microsoft.windows.common-controls_6595b64144ccf1df_6.0.26100.7019_none_3e06ffa0e335b8a8\COMCTL32.dll
0x00007ffc36720000 - 0x00007ffc3684c000 	C:\WINDOWS\System32\gdi32full.dll
0x00007ffc36500000 - 0x00007ffc365a3000 	C:\WINDOWS\System32\msvcp_win.dll
0x00007ffc37f50000 - 0x00007ffc37ff9000 	C:\WINDOWS\System32\msvcrt.dll
0x00007ffc372c0000 - 0x00007ffc372f1000 	C:\WINDOWS\System32\IMM32.DLL
0x00007ffc228b0000 - 0x00007ffc228bc000 	C:\Program Files\BellSoft\LibericaJDK-17\bin\vcruntime140_1.dll
0x00007ffc03940000 - 0x00007ffc039ce000 	C:\Program Files\BellSoft\LibericaJDK-17\bin\msvcp140.dll
0x00007ffbb2de0000 - 0x00007ffbb3a50000 	C:\Program Files\BellSoft\LibericaJDK-17\bin\server\jvm.dll
0x00007ffc37010000 - 0x00007ffc370c4000 	C:\WINDOWS\System32\ADVAPI32.dll
0x00007ffc36e90000 - 0x00007ffc36f36000 	C:\WINDOWS\System32\sechost.dll
0x00007ffc38100000 - 0x00007ffc38218000 	C:\WINDOWS\System32\RPCRT4.dll
0x00007ffc37c00000 - 0x00007ffc37c74000 	C:\WINDOWS\System32\WS2_32.dll
0x00007ffc36090000 - 0x00007ffc360ee000 	C:\WINDOWS\SYSTEM32\POWRPROF.dll
0x00007ffc2d340000 - 0x00007ffc2d375000 	C:\WINDOWS\SYSTEM32\WINMM.dll
0x00007ffc22420000 - 0x00007ffc2242b000 	C:\WINDOWS\SYSTEM32\VERSION.dll
0x00007ffc36070000 - 0x00007ffc36084000 	C:\WINDOWS\SYSTEM32\UMPDC.dll
0x00007ffc34fb0000 - 0x00007ffc34fcb000 	C:\WINDOWS\SYSTEM32\kernel.appcore.dll
0x00007ffc21990000 - 0x00007ffc2199a000 	C:\Program Files\BellSoft\LibericaJDK-17\bin\jimage.dll
0x00007ffc1cdb0000 - 0x00007ffc1cff2000 	C:\WINDOWS\SYSTEM32\DBGHELP.DLL
0x00007ffc37540000 - 0x00007ffc378cb000 	C:\WINDOWS\System32\combase.dll
0x00007ffc37e20000 - 0x00007ffc37ef7000 	C:\WINDOWS\System32\OLEAUT32.dll
0x00007ffc1c280000 - 0x00007ffc1c2bc000 	C:\WINDOWS\SYSTEM32\dbgcore.DLL
0x00007ffc36850000 - 0x00007ffc368f5000 	C:\WINDOWS\System32\bcryptPrimitives.dll
0x00007ffc19180000 - 0x00007ffc1918e000 	C:\Program Files\BellSoft\LibericaJDK-17\bin\instrument.dll
0x00007ffc17510000 - 0x00007ffc17535000 	C:\Program Files\BellSoft\LibericaJDK-17\bin\java.dll
0x00007ffbe9990000 - 0x00007ffbe9a67000 	C:\Program Files\BellSoft\LibericaJDK-17\bin\jsvml.dll
0x00007ffc38220000 - 0x00007ffc3896f000 	C:\WINDOWS\System32\SHELL32.dll
0x00007ffc365b0000 - 0x00007ffc3671b000 	C:\WINDOWS\System32\wintypes.dll
0x00007ffc33e30000 - 0x00007ffc3468d000 	C:\WINDOWS\SYSTEM32\windows.storage.dll
0x00007ffc38fa0000 - 0x00007ffc39092000 	C:\WINDOWS\System32\SHCORE.dll
0x00007ffc37300000 - 0x00007ffc37367000 	C:\WINDOWS\System32\shlwapi.dll
0x00007ffc36150000 - 0x00007ffc36179000 	C:\WINDOWS\SYSTEM32\profapi.dll
0x00007ffc172a0000 - 0x00007ffc172b8000 	C:\Program Files\BellSoft\LibericaJDK-17\bin\zip.dll
0x00007ffc17360000 - 0x00007ffc17379000 	C:\Program Files\BellSoft\LibericaJDK-17\bin\net.dll
0x00007ffc2edd0000 - 0x00007ffc2eef8000 	C:\WINDOWS\SYSTEM32\WINHTTP.dll
0x00007ffc35500000 - 0x00007ffc3556b000 	C:\WINDOWS\system32\mswsock.dll
0x00007ffc17340000 - 0x00007ffc17356000 	C:\Program Files\BellSoft\LibericaJDK-17\bin\nio.dll
0x00007ffc1b370000 - 0x00007ffc1b380000 	C:\Program Files\BellSoft\LibericaJDK-17\bin\verify.dll
0x00007ffc16310000 - 0x00007ffc16337000 	C:\Users\Admin\.gradle\native\1def1411415f61bf3af743bc5b6707747c0891f09f0c88961ee8f79bc544acac\windows-amd64\native-platform.dll
0x00007ffc02d40000 - 0x00007ffc02db7000 	C:\Users\Admin\.gradle\native\0.2.8\x86_64-windows-gnu\gradle-fileevents.dll
0x00007ffc1dc70000 - 0x00007ffc1dc7a000 	C:\Program Files\BellSoft\LibericaJDK-17\bin\management.dll
0x00007ffc1b4d0000 - 0x00007ffc1b4db000 	C:\Program Files\BellSoft\LibericaJDK-17\bin\management_ext.dll
0x00007ffc370d0000 - 0x00007ffc370d8000 	C:\WINDOWS\System32\PSAPI.DLL
0x00007ffc34a50000 - 0x00007ffc34a84000 	C:\WINDOWS\SYSTEM32\IPHLPAPI.DLL
0x00007ffc370e0000 - 0x00007ffc370ea000 	C:\WINDOWS\System32\NSI.dll
0x00007ffc2ebe0000 - 0x00007ffc2ebfe000 	C:\WINDOWS\SYSTEM32\dhcpcsvc6.DLL
0x00007ffc2ebb0000 - 0x00007ffc2ebd3000 	C:\WINDOWS\SYSTEM32\dhcpcsvc.DLL
0x00007ffc34a90000 - 0x00007ffc34bbc000 	C:\WINDOWS\SYSTEM32\DNSAPI.dll
0x00007ffc193f0000 - 0x00007ffc193f9000 	C:\Program Files\BellSoft\LibericaJDK-17\bin\extnet.dll
0x00007ffc358f0000 - 0x00007ffc3590b000 	C:\WINDOWS\SYSTEM32\CRYPTSP.dll
0x00007ffc34f10000 - 0x00007ffc34f4a000 	C:\WINDOWS\system32\rsaenh.dll
0x00007ffc355b0000 - 0x00007ffc355db000 	C:\WINDOWS\SYSTEM32\USERENV.dll
0x00007ffc36120000 - 0x00007ffc3614a000 	C:\WINDOWS\SYSTEM32\bcrypt.dll
0x00007ffc35750000 - 0x00007ffc3575c000 	C:\WINDOWS\SYSTEM32\CRYPTBASE.dll
0x00007ffc179b0000 - 0x00007ffc179be000 	C:\Program Files\BellSoft\LibericaJDK-17\bin\sunmscapi.dll
0x00007ffc36230000 - 0x00007ffc363a7000 	C:\WINDOWS\System32\CRYPT32.dll
0x00007ffc35a40000 - 0x00007ffc35a70000 	C:\WINDOWS\SYSTEM32\ncrypt.dll
0x00007ffc359f0000 - 0x00007ffc35a2f000 	C:\WINDOWS\SYSTEM32\NTASN1.dll
0x00007ffc16a30000 - 0x00007ffc16a38000 	C:\WINDOWS\system32\wshunix.dll

dbghelp: loaded successfully - version: 4.0.5 - missing functions: none
symbol engine: initialized successfully - sym options: 0x614 - pdb path: .;C:\Program Files\BellSoft\LibericaJDK-17\bin;C:\WINDOWS\SYSTEM32;C:\WINDOWS\WinSxS\amd64_microsoft.windows.common-controls_6595b64144ccf1df_6.0.26100.7019_none_3e06ffa0e335b8a8;C:\Program Files\BellSoft\LibericaJDK-17\bin\server;C:\Users\Admin\.gradle\native\1def1411415f61bf3af743bc5b6707747c0891f09f0c88961ee8f79bc544acac\windows-amd64;C:\Users\Admin\.gradle\native\0.2.8\x86_64-windows-gnu

VM Arguments:
jvm_args: --add-opens=java.base/java.lang=ALL-UNNAMED --add-opens=java.base/java.lang.invoke=ALL-UNNAMED --add-opens=java.base/java.util=ALL-UNNAMED --add-opens=java.prefs/java.util.prefs=ALL-UNNAMED --add-exports=jdk.compiler/com.sun.tools.javac.api=ALL-UNNAMED --add-exports=jdk.compiler/com.sun.tools.javac.util=ALL-UNNAMED --add-opens=java.base/java.util=ALL-UNNAMED --add-opens=java.prefs/java.util.prefs=ALL-UNNAMED --add-opens=java.base/java.nio.charset=ALL-UNNAMED --add-opens=java.base/java.net=ALL-UNNAMED --add-opens=java.base/java.util.concurrent=ALL-UNNAMED --add-opens=java.base/java.util.concurrent.atomic=ALL-UNNAMED --add-opens=java.xml/javax.xml.namespace=ALL-UNNAMED --add-opens=java.base/java.time=ALL-UNNAMED -XX:MaxMetaspaceSize=384m -XX:+HeapDumpOnOutOfMemoryError -Xms256m -Xmx512m -Dfile.encoding=windows-1252 -Duser.country=UA -Duser.language=uk -Duser.variant -javaagent:C:\Users\Admin\.gradle\wrapper\dists\gradle-9.1.0-bin\9agqghryom9wkf8r80qlhnts3\gradle-9.1.0\lib\agents\gradle-instrumentation-agent-9.1.0.jar 
java_command: org.gradle.launcher.daemon.bootstrap.GradleDaemon 9.1.0
java_class_path (initial): C:\Users\Admin\.gradle\wrapper\dists\gradle-9.1.0-bin\9agqghryom9wkf8r80qlhnts3\gradle-9.1.0\lib\gradle-daemon-main-9.1.0.jar
Launcher Type: SUN_STANDARD

[Global flags]
     intx CICompilerCount                          = 12                                        {product} {ergonomic}
   size_t CompressedClassSpaceSize                 = 335544320                                 {product} {ergonomic}
     uint ConcGCThreads                            = 3                                         {product} {ergonomic}
     uint G1ConcRefinementThreads                  = 13                                        {product} {ergonomic}
   size_t G1HeapRegionSize                         = 1048576                                   {product} {ergonomic}
    uintx GCDrainStackTargetSize                   = 64                                        {product} {ergonomic}
     bool HeapDumpOnOutOfMemoryError               = true                                   {manageable} {command line}
   size_t InitialHeapSize                          = 268435456                                 {product} {command line}
   size_t MarkStackSize                            = 4194304                                   {product} {ergonomic}
   size_t MaxHeapSize                              = 536870912                                 {product} {command line}
   size_t MaxMetaspaceSize                         = 402653184                                 {product} {command line}
   size_t MaxNewSize                               = 321912832                                 {product} {ergonomic}
   size_t MinHeapDeltaBytes                        = 1048576                                   {product} {ergonomic}
   size_t MinHeapSize                              = 268435456                                 {product} {command line}
    uintx NonNMethodCodeHeapSize                   = 7602480                                {pd product} {ergonomic}
    uintx NonProfiledCodeHeapSize                  = 122027880                              {pd product} {ergonomic}
    uintx ProfiledCodeHeapSize                     = 122027880                              {pd product} {ergonomic}
    uintx ReservedCodeCacheSize                    = 251658240                              {pd product} {ergonomic}
     bool SegmentedCodeCache                       = true                                      {product} {ergonomic}
   size_t SoftMaxHeapSize                          = 536870912                              {manageable} {ergonomic}
     bool UseCompressedClassPointers               = true                           {product lp64_product} {ergonomic}
     bool UseCompressedOops                        = true                           {product lp64_product} {ergonomic}
     bool UseG1GC                                  = true                                      {product} {ergonomic}
     bool UseLargePagesIndividualAllocation        = false                                  {pd product} {ergonomic}

Logging:
Log output configuration:
 #0: stdout all=warning uptime,level,tags
 #1: stderr all=off uptime,level,tags

Environment Variables:
JAVA_HOME=C:\Program Files\BellSoft\LibericaJDK-17\
PATH=C:\Program Files\BellSoft\LibericaJDK-17\bin\;C:\WINDOWS\system32;C:\WINDOWS;C:\WINDOWS\System32\Wbem;C:\WINDOWS\System32\WindowsPowerShell\v1.0\;C:\WINDOWS\System32\OpenSSH\;C:\Program Files\dotnet\;C:\Program Files\BellSoft\LibericaJDK-17\\bin;C:\Program Files\nodejs\;C:\Program Files\python\Scripts\;C:\Program Files\python\;C:\Users\Admin\AppData\Local\Microsoft\WindowsApps;C:\Users\Admin\AppData\Roaming\npm;C:\Users\Admin\AppData\Local\GitHubDesktop\bin
USERNAME=Admin
OS=Windows_NT
PROCESSOR_IDENTIFIER=Intel64 Family 6 Model 186 Stepping 2, GenuineIntel
TMP=C:\Users\Admin\AppData\Local\Temp
TEMP=C:\Users\Admin\AppData\Local\Temp



Periodic native trim disabled


---------------  S Y S T E M  ---------------

OS:
 Windows 11 , 64 bit Build 26100 (10.0.26100.7019)
OS uptime: 3 days 20:59 hours
Hyper-V role detected

CPU: total 16 (initial active 16) (8 cores per cpu, 2 threads per core) family 6 model 186 stepping 2 microcode 0x410c, cx8, cmov, fxsr, ht, mmx, 3dnowpref, sse, sse2, sse3, ssse3, sse4.1, sse4.2, popcnt, lzcnt, tsc, tscinvbit, avx, avx2, aes, erms, clmul, bmi1, bmi2, adx, sha, fma, vzeroupper, clflush, clflushopt, clwb, hv
Processor Information for processor 0
  Max Mhz: 1900, Current Mhz: 1900, Mhz Limit: 1900
Processor Information for processor 1
  Max Mhz: 1900, Current Mhz: 1900, Mhz Limit: 1900
Processor Information for processor 2
  Max Mhz: 1900, Current Mhz: 1504, Mhz Limit: 1900
Processor Information for processor 3
  Max Mhz: 1900, Current Mhz: 1900, Mhz Limit: 1900
Processor Information for processor 4
  Max Mhz: 1900, Current Mhz: 1900, Mhz Limit: 1900
Processor Information for processor 5
  Max Mhz: 1900, Current Mhz: 1900, Mhz Limit: 1900
Processor Information for processor 6
  Max Mhz: 1900, Current Mhz: 1900, Mhz Limit: 1900
Processor Information for processor 7
  Max Mhz: 1900, Current Mhz: 1900, Mhz Limit: 1900
Processor Information for processor 8
  Max Mhz: 1900, Current Mhz: 1900, Mhz Limit: 1900
Processor Information for processor 9
  Max Mhz: 1900, Current Mhz: 1900, Mhz Limit: 1900
Processor Information for processor 10
  Max Mhz: 1900, Current Mhz: 1900, Mhz Limit: 1900
Processor Information for processor 11
  Max Mhz: 1900, Current Mhz: 1492, Mhz Limit: 1900
Processor Information for processor 12
  Max Mhz: 1900, Current Mhz: 1900, Mhz Limit: 1900
Processor Information for processor 13
  Max Mhz: 1900, Current Mhz: 1492, Mhz Limit: 1900
Processor Information for processor 14
  Max Mhz: 1900, Current Mhz: 1492, Mhz Limit: 1900
Processor Information for processor 15
  Max Mhz: 1900, Current Mhz: 1492, Mhz Limit: 1900

Memory: 4k page, system-wide physical 16148M (1864M free)
TotalPageFile size 28854M (AvailPageFile size 1M)
current process WorkingSet (physical memory assigned to process): 177M, peak: 177M
current process commit charge ("private bytes"): 407M, peak: 409M

vm_info: OpenJDK 64-Bit Server VM (17.0.17+11-LTS) for windows-amd64 JRE (17.0.17+11-LTS), built on Oct 14 2025 22:04:55 by "" with MS VC++ 17.1 (VS2022)

END.
